Archive member included to satisfy reference by file (symbol)

c:/st/stm32cubeide_1.8.0/stm32cubeide/plugins/com.st.stm32cube.ide.mcu.externaltools.gnu-tools-for-stm32.9-2020-q2-update.win32_2.0.0.202105311346/tools/bin/../lib/gcc/arm-none-eabi/9.3.1/../../../../arm-none-eabi/lib/thumb/v7e-m+fp/hard\libc_nano.a(lib_a-errno.o)
                              ./Core/Src/syscalls.o (__errno)
c:/st/stm32cubeide_1.8.0/stm32cubeide/plugins/com.st.stm32cube.ide.mcu.externaltools.gnu-tools-for-stm32.9-2020-q2-update.win32_2.0.0.202105311346/tools/bin/../lib/gcc/arm-none-eabi/9.3.1/../../../../arm-none-eabi/lib/thumb/v7e-m+fp/hard\libc_nano.a(lib_a-exit.o)
                              c:/st/stm32cubeide_1.8.0/stm32cubeide/plugins/com.st.stm32cube.ide.mcu.externaltools.gnu-tools-for-stm32.9-2020-q2-update.win32_2.0.0.202105311346/tools/bin/../lib/gcc/arm-none-eabi/9.3.1/../../../../arm-none-eabi/lib/thumb/v7e-m+fp/hard/crt0.o (exit)
c:/st/stm32cubeide_1.8.0/stm32cubeide/plugins/com.st.stm32cube.ide.mcu.externaltools.gnu-tools-for-stm32.9-2020-q2-update.win32_2.0.0.202105311346/tools/bin/../lib/gcc/arm-none-eabi/9.3.1/../../../../arm-none-eabi/lib/thumb/v7e-m+fp/hard\libc_nano.a(lib_a-impure.o)
                              c:/st/stm32cubeide_1.8.0/stm32cubeide/plugins/com.st.stm32cube.ide.mcu.externaltools.gnu-tools-for-stm32.9-2020-q2-update.win32_2.0.0.202105311346/tools/bin/../lib/gcc/arm-none-eabi/9.3.1/../../../../arm-none-eabi/lib/thumb/v7e-m+fp/hard\libc_nano.a(lib_a-exit.o) (_global_impure_ptr)
c:/st/stm32cubeide_1.8.0/stm32cubeide/plugins/com.st.stm32cube.ide.mcu.externaltools.gnu-tools-for-stm32.9-2020-q2-update.win32_2.0.0.202105311346/tools/bin/../lib/gcc/arm-none-eabi/9.3.1/../../../../arm-none-eabi/lib/thumb/v7e-m+fp/hard\libc_nano.a(lib_a-init.o)
                              c:/st/stm32cubeide_1.8.0/stm32cubeide/plugins/com.st.stm32cube.ide.mcu.externaltools.gnu-tools-for-stm32.9-2020-q2-update.win32_2.0.0.202105311346/tools/bin/../lib/gcc/arm-none-eabi/9.3.1/../../../../arm-none-eabi/lib/thumb/v7e-m+fp/hard/crt0.o (__libc_init_array)
c:/st/stm32cubeide_1.8.0/stm32cubeide/plugins/com.st.stm32cube.ide.mcu.externaltools.gnu-tools-for-stm32.9-2020-q2-update.win32_2.0.0.202105311346/tools/bin/../lib/gcc/arm-none-eabi/9.3.1/../../../../arm-none-eabi/lib/thumb/v7e-m+fp/hard\libc_nano.a(lib_a-memcpy-stub.o)
                              ./FreeRTOS/queue.o (memcpy)
c:/st/stm32cubeide_1.8.0/stm32cubeide/plugins/com.st.stm32cube.ide.mcu.externaltools.gnu-tools-for-stm32.9-2020-q2-update.win32_2.0.0.202105311346/tools/bin/../lib/gcc/arm-none-eabi/9.3.1/../../../../arm-none-eabi/lib/thumb/v7e-m+fp/hard\libc_nano.a(lib_a-memset.o)
                              c:/st/stm32cubeide_1.8.0/stm32cubeide/plugins/com.st.stm32cube.ide.mcu.externaltools.gnu-tools-for-stm32.9-2020-q2-update.win32_2.0.0.202105311346/tools/bin/../lib/gcc/arm-none-eabi/9.3.1/../../../../arm-none-eabi/lib/thumb/v7e-m+fp/hard/crt0.o (memset)
c:/st/stm32cubeide_1.8.0/stm32cubeide/plugins/com.st.stm32cube.ide.mcu.externaltools.gnu-tools-for-stm32.9-2020-q2-update.win32_2.0.0.202105311346/tools/bin/../lib/gcc/arm-none-eabi/9.3.1/thumb/v7e-m+fp/hard\libgcc.a(_aeabi_uldivmod.o)
                              ./Drivers/STM32F4xx_HAL_Driver/Src/stm32f4xx_hal_rcc.o (__aeabi_uldivmod)
c:/st/stm32cubeide_1.8.0/stm32cubeide/plugins/com.st.stm32cube.ide.mcu.externaltools.gnu-tools-for-stm32.9-2020-q2-update.win32_2.0.0.202105311346/tools/bin/../lib/gcc/arm-none-eabi/9.3.1/thumb/v7e-m+fp/hard\libgcc.a(_udivmoddi4.o)
                              c:/st/stm32cubeide_1.8.0/stm32cubeide/plugins/com.st.stm32cube.ide.mcu.externaltools.gnu-tools-for-stm32.9-2020-q2-update.win32_2.0.0.202105311346/tools/bin/../lib/gcc/arm-none-eabi/9.3.1/thumb/v7e-m+fp/hard\libgcc.a(_aeabi_uldivmod.o) (__udivmoddi4)
c:/st/stm32cubeide_1.8.0/stm32cubeide/plugins/com.st.stm32cube.ide.mcu.externaltools.gnu-tools-for-stm32.9-2020-q2-update.win32_2.0.0.202105311346/tools/bin/../lib/gcc/arm-none-eabi/9.3.1/thumb/v7e-m+fp/hard\libgcc.a(_dvmd_tls.o)
                              c:/st/stm32cubeide_1.8.0/stm32cubeide/plugins/com.st.stm32cube.ide.mcu.externaltools.gnu-tools-for-stm32.9-2020-q2-update.win32_2.0.0.202105311346/tools/bin/../lib/gcc/arm-none-eabi/9.3.1/thumb/v7e-m+fp/hard\libgcc.a(_aeabi_uldivmod.o) (__aeabi_ldiv0)

Allocating common symbols
Common symbol       size              file

Task_1_Handle       0x4               ./Core/Src/main.o
xSemaphore          0x4               ./Core/Src/main.o
uwTick              0x4               ./Drivers/STM32F4xx_HAL_Driver/Src/stm32f4xx_hal.o
xQueueRegistry      0x40              ./FreeRTOS/queue.o
pFlash              0x20              ./Drivers/STM32F4xx_HAL_Driver/Src/stm32f4xx_hal_flash.o
data                0x1               ./Core/Src/main.o
hspi1               0x58              ./Core/Src/main.o
htim7               0x48              ./Core/Src/stm32f4xx_hal_timebase_tim.o

Discarded input sections

[...]
Memory Configuration

Name             Origin             Length             Attributes
CCMRAM           0x0000000010000000 0x0000000000010000 xrw
RAM              0x0000000020000000 0x0000000000020000 xrw
FLASH            0x0000000008000000 0x0000000000100000 xr
*default*        0x0000000000000000 0xffffffffffffffff

Linker script and memory map

LOAD c:/st/stm32cubeide_1.8.0/stm32cubeide/plugins/com.st.stm32cube.ide.mcu.externaltools.gnu-tools-for-stm32.9-2020-q2-update.win32_2.0.0.202105311346/tools/bin/../lib/gcc/arm-none-eabi/9.3.1/thumb/v7e-m+fp/hard/crti.o
LOAD c:/st/stm32cubeide_1.8.0/stm32cubeide/plugins/com.st.stm32cube.ide.mcu.externaltools.gnu-tools-for-stm32.9-2020-q2-update.win32_2.0.0.202105311346/tools/bin/../lib/gcc/arm-none-eabi/9.3.1/thumb/v7e-m+fp/hard/crtbegin.o
LOAD c:/st/stm32cubeide_1.8.0/stm32cubeide/plugins/com.st.stm32cube.ide.mcu.externaltools.gnu-tools-for-stm32.9-2020-q2-update.win32_2.0.0.202105311346/tools/bin/../lib/gcc/arm-none-eabi/9.3.1/../../../../arm-none-eabi/lib/thumb/v7e-m+fp/hard/crt0.o
LOAD ./Core/Src/main.o
LOAD ./Core/Src/stm32f4xx_hal_msp.o
LOAD ./Core/Src/stm32f4xx_hal_timebase_tim.o
LOAD ./Core/Src/stm32f4xx_it.o
LOAD ./Core/Src/syscalls.o
LOAD ./Core/Src/sysmem.o
LOAD ./Core/Src/system_stm32f4xx.o
LOAD ./Core/Startup/startup_stm32f407vgtx.o
LOAD ./Drivers/STM32F4xx_HAL_Driver/Src/stm32f4xx_hal.o
LOAD ./Drivers/STM32F4xx_HAL_Driver/Src/stm32f4xx_hal_cortex.o
LOAD ./Drivers/STM32F4xx_HAL_Driver/Src/stm32f4xx_hal_dma.o
LOAD ./Drivers/STM32F4xx_HAL_Driver/Src/stm32f4xx_hal_dma_ex.o
LOAD ./Drivers/STM32F4xx_HAL_Driver/Src/stm32f4xx_hal_exti.o
LOAD ./Drivers/STM32F4xx_HAL_Driver/Src/stm32f4xx_hal_flash.o
LOAD ./Drivers/STM32F4xx_HAL_Driver/Src/stm32f4xx_hal_flash_ex.o
LOAD ./Drivers/STM32F4xx_HAL_Driver/Src/stm32f4xx_hal_flash_ramfunc.o
LOAD ./Drivers/STM32F4xx_HAL_Driver/Src/stm32f4xx_hal_gpio.o
LOAD ./Drivers/STM32F4xx_HAL_Driver/Src/stm32f4xx_hal_pwr.o
LOAD ./Drivers/STM32F4xx_HAL_Driver/Src/stm32f4xx_hal_pwr_ex.o
LOAD ./Drivers/STM32F4xx_HAL_Driver/Src/stm32f4xx_hal_rcc.o
LOAD ./Drivers/STM32F4xx_HAL_Driver/Src/stm32f4xx_hal_rcc_ex.o
LOAD ./Drivers/STM32F4xx_HAL_Driver/Src/stm32f4xx_hal_spi.o
LOAD ./Drivers/STM32F4xx_HAL_Driver/Src/stm32f4xx_hal_tim.o
LOAD ./Drivers/STM32F4xx_HAL_Driver/Src/stm32f4xx_hal_tim_ex.o
LOAD ./FreeRTOS/croutine.o
LOAD ./FreeRTOS/event_groups.o
LOAD ./FreeRTOS/list.o
LOAD ./FreeRTOS/queue.o
LOAD ./FreeRTOS/stream_buffer.o
LOAD ./FreeRTOS/tasks.o
LOAD ./FreeRTOS/timers.o
LOAD ./FreeRTOS/portable/ARM_CM4F/port.o
LOAD ./FreeRTOS/portable/MemMang/heap_4.o
START GROUP
LOAD c:/st/stm32cubeide_1.8.0/stm32cubeide/plugins/com.st.stm32cube.ide.mcu.externaltools.gnu-tools-for-stm32.9-2020-q2-update.win32_2.0.0.202105311346/tools/bin/../lib/gcc/arm-none-eabi/9.3.1/../../../../arm-none-eabi/lib/thumb/v7e-m+fp/hard\libc_nano.a
LOAD c:/st/stm32cubeide_1.8.0/stm32cubeide/plugins/com.st.stm32cube.ide.mcu.externaltools.gnu-tools-for-stm32.9-2020-q2-update.win32_2.0.0.202105311346/tools/bin/../lib/gcc/arm-none-eabi/9.3.1/../../../../arm-none-eabi/lib/thumb/v7e-m+fp/hard\libm.a
END GROUP
START GROUP
LOAD c:/st/stm32cubeide_1.8.0/stm32cubeide/plugins/com.st.stm32cube.ide.mcu.externaltools.gnu-tools-for-stm32.9-2020-q2-update.win32_2.0.0.202105311346/tools/bin/../lib/gcc/arm-none-eabi/9.3.1/thumb/v7e-m+fp/hard\libgcc.a
LOAD c:/st/stm32cubeide_1.8.0/stm32cubeide/plugins/com.st.stm32cube.ide.mcu.externaltools.gnu-tools-for-stm32.9-2020-q2-update.win32_2.0.0.202105311346/tools/bin/../lib/gcc/arm-none-eabi/9.3.1/../../../../arm-none-eabi/lib/thumb/v7e-m+fp/hard\libc_nano.a
END GROUP
START GROUP
LOAD c:/st/stm32cubeide_1.8.0/stm32cubeide/plugins/com.st.stm32cube.ide.mcu.externaltools.gnu-tools-for-stm32.9-2020-q2-update.win32_2.0.0.202105311346/tools/bin/../lib/gcc/arm-none-eabi/9.3.1/thumb/v7e-m+fp/hard\libgcc.a
LOAD c:/st/stm32cubeide_1.8.0/stm32cubeide/plugins/com.st.stm32cube.ide.mcu.externaltools.gnu-tools-for-stm32.9-2020-q2-update.win32_2.0.0.202105311346/tools/bin/../lib/gcc/arm-none-eabi/9.3.1/../../../../arm-none-eabi/lib/thumb/v7e-m+fp/hard\libc_nano.a
LOAD c:/st/stm32cubeide_1.8.0/stm32cubeide/plugins/com.st.stm32cube.ide.mcu.externaltools.gnu-tools-for-stm32.9-2020-q2-update.win32_2.0.0.202105311346/tools/bin/../lib/gcc/arm-none-eabi/9.3.1/../../../../arm-none-eabi/lib/thumb/v7e-m+fp/hard\libnosys.a
END GROUP
START GROUP
LOAD c:/st/stm32cubeide_1.8.0/stm32cubeide/plugins/com.st.stm32cube.ide.mcu.externaltools.gnu-tools-for-stm32.9-2020-q2-update.win32_2.0.0.202105311346/tools/bin/../lib/gcc/arm-none-eabi/9.3.1/thumb/v7e-m+fp/hard\libgcc.a
LOAD c:/st/stm32cubeide_1.8.0/stm32cubeide/plugins/com.st.stm32cube.ide.mcu.externaltools.gnu-tools-for-stm32.9-2020-q2-update.win32_2.0.0.202105311346/tools/bin/../lib/gcc/arm-none-eabi/9.3.1/../../../../arm-none-eabi/lib/thumb/v7e-m+fp/hard\libc_nano.a
LOAD c:/st/stm32cubeide_1.8.0/stm32cubeide/plugins/com.st.stm32cube.ide.mcu.externaltools.gnu-tools-for-stm32.9-2020-q2-update.win32_2.0.0.202105311346/tools/bin/../lib/gcc/arm-none-eabi/9.3.1/../../../../arm-none-eabi/lib/thumb/v7e-m+fp/hard\libnosys.a
END GROUP
LOAD c:/st/stm32cubeide_1.8.0/stm32cubeide/plugins/com.st.stm32cube.ide.mcu.externaltools.gnu-tools-for-stm32.9-2020-q2-update.win32_2.0.0.202105311346/tools/bin/../lib/gcc/arm-none-eabi/9.3.1/thumb/v7e-m+fp/hard/crtend.o
LOAD c:/st/stm32cubeide_1.8.0/stm32cubeide/plugins/com.st.stm32cube.ide.mcu.externaltools.gnu-tools-for-stm32.9-2020-q2-update.win32_2.0.0.202105311346/tools/bin/../lib/gcc/arm-none-eabi/9.3.1/thumb/v7e-m+fp/hard/crtn.o
                0x0000000020020000                _estack = (ORIGIN (RAM) + LENGTH (RAM))
                0x0000000000000200                _Min_Heap_Size = 0x200
                0x0000000000000400                _Min_Stack_Size = 0x400

.isr_vector     0x0000000008000000      0x188
                0x0000000008000000                . = ALIGN (0x4)
 *(.isr_vector)
 .isr_vector    0x0000000008000000      0x188 ./Core/Startup/startup_stm32f407vgtx.o
                0x0000000008000000                g_pfnVectors
                0x0000000008000188                . = ALIGN (0x4)

.text           0x0000000008000190     0x51e8
                0x0000000008000190                . = ALIGN (0x4)
 *(.text)
 .text          0x0000000008000190       0x40 c:/st/stm32cubeide_1.8.0/stm32cubeide/plugins/com.st.stm32cube.ide.mcu.externaltools.gnu-tools-for-stm32.9-2020-q2-update.win32_2.0.0.202105311346/tools/bin/../lib/gcc/arm-none-eabi/9.3.1/thumb/v7e-m+fp/hard/crtbegin.o
 .text          0x00000000080001d0       0x30 c:/st/stm32cubeide_1.8.0/stm32cubeide/plugins/com.st.stm32cube.ide.mcu.externaltools.gnu-tools-for-stm32.9-2020-q2-update.win32_2.0.0.202105311346/tools/bin/../lib/gcc/arm-none-eabi/9.3.1/thumb/v7e-m+fp/hard\libgcc.a(_aeabi_uldivmod.o)
                0x00000000080001d0                __aeabi_uldivmod
 .text          0x0000000008000200      0x2c4 c:/st/stm32cubeide_1.8.0/stm32cubeide/plugins/com.st.stm32cube.ide.mcu.externaltools.gnu-tools-for-stm32.9-2020-q2-update.win32_2.0.0.202105311346/tools/bin/../lib/gcc/arm-none-eabi/9.3.1/thumb/v7e-m+fp/hard\libgcc.a(_udivmoddi4.o)
                0x0000000008000200                __udivmoddi4
 .text          0x00000000080004c4        0x4 c:/st/stm32cubeide_1.8.0/stm32cubeide/plugins/com.st.stm32cube.ide.mcu.externaltools.gnu-tools-for-stm32.9-2020-q2-update.win32_2.0.0.202105311346/tools/bin/../lib/gcc/arm-none-eabi/9.3.1/thumb/v7e-m+fp/hard\libgcc.a(_dvmd_tls.o)
                0x00000000080004c4                __aeabi_idiv0
                0x00000000080004c4                __aeabi_ldiv0
 *(.text*)
 .text.MEMS_Write
                0x00000000080004c8       0x4c ./Core/Src/main.o
                0x00000000080004c8                MEMS_Write
 .text.Reset_Interupt
                0x0000000008000514       0x60 ./Core/Src/main.o
                0x0000000008000514                Reset_Interupt
 .text.Task1    0x0000000008000574       0x38 ./Core/Src/main.o
                0x0000000008000574                Task1
 .text.Task2_handle
                0x00000000080005ac       0x64 ./Core/Src/main.o
                0x00000000080005ac                Task2_handle
 .text.main     0x0000000008000610       0x78 ./Core/Src/main.o
                0x0000000008000610                main
 .text.SystemClock_Config
                0x0000000008000688       0xd4 ./Core/Src/main.o
                0x0000000008000688                SystemClock_Config
 .text.MX_SPI1_Init
                0x000000000800075c       0x6c ./Core/Src/main.o
 .text.MX_GPIO_Init
                0x00000000080007c8      0x290 ./Core/Src/main.o
 .text.HAL_GPIO_EXTI_Callback
                0x0000000008000a58       0x54 ./Core/Src/main.o
                0x0000000008000a58                HAL_GPIO_EXTI_Callback
 .text.HAL_TIM_PeriodElapsedCallback
                0x0000000008000aac       0x24 ./Core/Src/main.o
                0x0000000008000aac                HAL_TIM_PeriodElapsedCallback
 .text.Error_Handler
                0x0000000008000ad0        0xa ./Core/Src/main.o
                0x0000000008000ad0                Error_Handler
 *fill*         0x0000000008000ada        0x2 
 .text.HAL_MspInit
                0x0000000008000adc       0x50 ./Core/Src/stm32f4xx_hal_msp.o
                0x0000000008000adc                HAL_MspInit
 .text.HAL_SPI_MspInit
                0x0000000008000b2c       0x90 ./Core/Src/stm32f4xx_hal_msp.o
                0x0000000008000b2c                HAL_SPI_MspInit
 .text.HAL_InitTick
                0x0000000008000bbc       0xb4 ./Core/Src/stm32f4xx_hal_timebase_tim.o
                0x0000000008000bbc                HAL_InitTick
 .text.NMI_Handler
                0x0000000008000c70        0x6 ./Core/Src/stm32f4xx_it.o
                0x0000000008000c70                NMI_Handler
 .text.HardFault_Handler
                0x0000000008000c76        0x6 ./Core/Src/stm32f4xx_it.o
                0x0000000008000c76                HardFault_Handler
 .text.MemManage_Handler
                0x0000000008000c7c        0x6 ./Core/Src/stm32f4xx_it.o
                0x0000000008000c7c                MemManage_Handler
 .text.BusFault_Handler
                0x0000000008000c82        0x6 ./Core/Src/stm32f4xx_it.o
                0x0000000008000c82                BusFault_Handler
 .text.UsageFault_Handler
                0x0000000008000c88        0x6 ./Core/Src/stm32f4xx_it.o
                0x0000000008000c88                UsageFault_Handler
 .text.DebugMon_Handler
                0x0000000008000c8e        0xe ./Core/Src/stm32f4xx_it.o
                0x0000000008000c8e                DebugMon_Handler
 .text.EXTI0_IRQHandler
                0x0000000008000c9c        0xe ./Core/Src/stm32f4xx_it.o
                0x0000000008000c9c                EXTI0_IRQHandler
 *fill*         0x0000000008000caa        0x2 
 .text.TIM7_IRQHandler
                0x0000000008000cac       0x14 ./Core/Src/stm32f4xx_it.o
                0x0000000008000cac                TIM7_IRQHandler
 .text.SystemInit
                0x0000000008000cc0       0x24 ./Core/Src/system_stm32f4xx.o
                0x0000000008000cc0                SystemInit
 .text.Reset_Handler
                0x0000000008000ce4       0x50 ./Core/Startup/startup_stm32f407vgtx.o
                0x0000000008000ce4                Reset_Handler
 .text.Default_Handler
                0x0000000008000d34        0x2 ./Core/Startup/startup_stm32f407vgtx.o
                0x0000000008000d34                RTC_Alarm_IRQHandler
                0x0000000008000d34                HASH_RNG_IRQHandler
                0x0000000008000d34                EXTI2_IRQHandler
                0x0000000008000d34                TIM8_CC_IRQHandler
                0x0000000008000d34                TIM1_CC_IRQHandler
                0x0000000008000d34                DMA2_Stream5_IRQHandler
                0x0000000008000d34                DMA1_Stream5_IRQHandler
                0x0000000008000d34                PVD_IRQHandler
                0x0000000008000d34                SDIO_IRQHandler
                0x0000000008000d34                TAMP_STAMP_IRQHandler
                0x0000000008000d34                CAN2_RX1_IRQHandler
                0x0000000008000d34                EXTI3_IRQHandler
                0x0000000008000d34                TIM8_TRG_COM_TIM14_IRQHandler
                0x0000000008000d34                TIM1_UP_TIM10_IRQHandler
                0x0000000008000d34                TIM8_UP_TIM13_IRQHandler
                0x0000000008000d34                I2C3_ER_IRQHandler
                0x0000000008000d34                I2C2_EV_IRQHandler
                0x0000000008000d34                DMA1_Stream2_IRQHandler
                0x0000000008000d34                CAN1_RX0_IRQHandler
                0x0000000008000d34                FPU_IRQHandler
                0x0000000008000d34                OTG_HS_WKUP_IRQHandler
                0x0000000008000d34                CAN2_SCE_IRQHandler
                0x0000000008000d34                DMA2_Stream2_IRQHandler
                0x0000000008000d34                SPI1_IRQHandler
                0x0000000008000d34                TIM6_DAC_IRQHandler
                0x0000000008000d34                TIM1_BRK_TIM9_IRQHandler
                0x0000000008000d34                DCMI_IRQHandler
                0x0000000008000d34                CAN2_RX0_IRQHandler
                0x0000000008000d34                DMA2_Stream3_IRQHandler
                0x0000000008000d34                USART6_IRQHandler
                0x0000000008000d34                USART3_IRQHandler
                0x0000000008000d34                CAN1_RX1_IRQHandler
                0x0000000008000d34                UART5_IRQHandler
                0x0000000008000d34                DMA2_Stream0_IRQHandler
                0x0000000008000d34                TIM4_IRQHandler
                0x0000000008000d34                I2C1_EV_IRQHandler
                0x0000000008000d34                DMA1_Stream6_IRQHandler
                0x0000000008000d34                DMA1_Stream1_IRQHandler
                0x0000000008000d34                UART4_IRQHandler
                0x0000000008000d34                TIM3_IRQHandler
                0x0000000008000d34                RCC_IRQHandler
                0x0000000008000d34                TIM8_BRK_TIM12_IRQHandler
                0x0000000008000d34                Default_Handler
                0x0000000008000d34                EXTI15_10_IRQHandler
                0x0000000008000d34                ADC_IRQHandler
                0x0000000008000d34                DMA1_Stream7_IRQHandler
                0x0000000008000d34                CAN2_TX_IRQHandler
                0x0000000008000d34                TIM5_IRQHandler
                0x0000000008000d34                DMA2_Stream7_IRQHandler
                0x0000000008000d34                I2C3_EV_IRQHandler
                0x0000000008000d34                EXTI9_5_IRQHandler
                0x0000000008000d34                RTC_WKUP_IRQHandler
                0x0000000008000d34                ETH_WKUP_IRQHandler
                0x0000000008000d34                SPI2_IRQHandler
                0x0000000008000d34                OTG_HS_EP1_IN_IRQHandler
                0x0000000008000d34                DMA1_Stream0_IRQHandler
                0x0000000008000d34                CAN1_TX_IRQHandler
                0x0000000008000d34                EXTI4_IRQHandler
                0x0000000008000d34                FSMC_IRQHandler
                0x0000000008000d34                ETH_IRQHandler
                0x0000000008000d34                OTG_HS_EP1_OUT_IRQHandler
                0x0000000008000d34                WWDG_IRQHandler
                0x0000000008000d34                TIM2_IRQHandler
                0x0000000008000d34                OTG_FS_WKUP_IRQHandler
                0x0000000008000d34                TIM1_TRG_COM_TIM11_IRQHandler
                0x0000000008000d34                OTG_HS_IRQHandler
                0x0000000008000d34                EXTI1_IRQHandler
                0x0000000008000d34                USART2_IRQHandler
                0x0000000008000d34                I2C2_ER_IRQHandler
                0x0000000008000d34                DMA2_Stream1_IRQHandler
                0x0000000008000d34                CAN1_SCE_IRQHandler
                0x0000000008000d34                FLASH_IRQHandler
                0x0000000008000d34                DMA2_Stream4_IRQHandler
                0x0000000008000d34                USART1_IRQHandler
                0x0000000008000d34                OTG_FS_IRQHandler
                0x0000000008000d34                SPI3_IRQHandler
                0x0000000008000d34                DMA1_Stream4_IRQHandler
                0x0000000008000d34                I2C1_ER_IRQHandler
                0x0000000008000d34                DMA2_Stream6_IRQHandler
                0x0000000008000d34                DMA1_Stream3_IRQHandler
 *fill*         0x0000000008000d36        0x2 
 .text.HAL_Init
                0x0000000008000d38       0x44 ./Drivers/STM32F4xx_HAL_Driver/Src/stm32f4xx_hal.o
                0x0000000008000d38                HAL_Init
 .text.HAL_IncTick
                0x0000000008000d7c       0x28 ./Drivers/STM32F4xx_HAL_Driver/Src/stm32f4xx_hal.o
                0x0000000008000d7c                HAL_IncTick
 .text.HAL_GetTick
                0x0000000008000da4       0x18 ./Drivers/STM32F4xx_HAL_Driver/Src/stm32f4xx_hal.o
                0x0000000008000da4                HAL_GetTick
 .text.__NVIC_SetPriorityGrouping
                0x0000000008000dbc       0x48 ./Drivers/STM32F4xx_HAL_Driver/Src/stm32f4xx_hal_cortex.o
 .text.__NVIC_GetPriorityGrouping
                0x0000000008000e04       0x1c ./Drivers/STM32F4xx_HAL_Driver/Src/stm32f4xx_hal_cortex.o
 .text.__NVIC_EnableIRQ
                0x0000000008000e20       0x3c ./Drivers/STM32F4xx_HAL_Driver/Src/stm32f4xx_hal_cortex.o
 .text.__NVIC_SetPriority
                0x0000000008000e5c       0x54 ./Drivers/STM32F4xx_HAL_Driver/Src/stm32f4xx_hal_cortex.o
 .text.NVIC_EncodePriority
                0x0000000008000eb0       0x66 ./Drivers/STM32F4xx_HAL_Driver/Src/stm32f4xx_hal_cortex.o
 .text.HAL_NVIC_SetPriorityGrouping
                0x0000000008000f16       0x16 ./Drivers/STM32F4xx_HAL_Driver/Src/stm32f4xx_hal_cortex.o
                0x0000000008000f16                HAL_NVIC_SetPriorityGrouping
 .text.HAL_NVIC_SetPriority
                0x0000000008000f2c       0x38 ./Drivers/STM32F4xx_HAL_Driver/Src/stm32f4xx_hal_cortex.o
                0x0000000008000f2c                HAL_NVIC_SetPriority
 .text.HAL_NVIC_EnableIRQ
                0x0000000008000f64       0x1c ./Drivers/STM32F4xx_HAL_Driver/Src/stm32f4xx_hal_cortex.o
                0x0000000008000f64                HAL_NVIC_EnableIRQ
 .text.HAL_GPIO_Init
                0x0000000008000f80      0x338 ./Drivers/STM32F4xx_HAL_Driver/Src/stm32f4xx_hal_gpio.o
                0x0000000008000f80                HAL_GPIO_Init
 .text.HAL_GPIO_WritePin
                0x00000000080012b8       0x32 ./Drivers/STM32F4xx_HAL_Driver/Src/stm32f4xx_hal_gpio.o
                0x00000000080012b8                HAL_GPIO_WritePin
 .text.HAL_GPIO_TogglePin
                0x00000000080012ea       0x34 ./Drivers/STM32F4xx_HAL_Driver/Src/stm32f4xx_hal_gpio.o
                0x00000000080012ea                HAL_GPIO_TogglePin
 *fill*         0x000000000800131e        0x2 
 .text.HAL_GPIO_EXTI_IRQHandler
                0x0000000008001320       0x30 ./Drivers/STM32F4xx_HAL_Driver/Src/stm32f4xx_hal_gpio.o
                0x0000000008001320                HAL_GPIO_EXTI_IRQHandler
 .text.HAL_RCC_OscConfig
                0x0000000008001350      0x4f0 ./Drivers/STM32F4xx_HAL_Driver/Src/stm32f4xx_hal_rcc.o
                0x0000000008001350                HAL_RCC_OscConfig
 .text.HAL_RCC_ClockConfig
                0x0000000008001840      0x1cc ./Drivers/STM32F4xx_HAL_Driver/Src/stm32f4xx_hal_rcc.o
                0x0000000008001840                HAL_RCC_ClockConfig
 .text.HAL_RCC_GetSysClockFreq
                0x0000000008001a0c      0x1c4 ./Drivers/STM32F4xx_HAL_Driver/Src/stm32f4xx_hal_rcc.o
                0x0000000008001a0c                HAL_RCC_GetSysClockFreq
 .text.HAL_RCC_GetHCLKFreq
                0x0000000008001bd0       0x18 ./Drivers/STM32F4xx_HAL_Driver/Src/stm32f4xx_hal_rcc.o
                0x0000000008001bd0                HAL_RCC_GetHCLKFreq
 .text.HAL_RCC_GetPCLK1Freq
                0x0000000008001be8       0x28 ./Drivers/STM32F4xx_HAL_Driver/Src/stm32f4xx_hal_rcc.o
                0x0000000008001be8                HAL_RCC_GetPCLK1Freq
 .text.HAL_RCC_GetClockConfig
                0x0000000008001c10       0x64 ./Drivers/STM32F4xx_HAL_Driver/Src/stm32f4xx_hal_rcc.o
                0x0000000008001c10                HAL_RCC_GetClockConfig
 .text.HAL_SPI_Init
                0x0000000008001c74      0x112 ./Drivers/STM32F4xx_HAL_Driver/Src/stm32f4xx_hal_spi.o
                0x0000000008001c74                HAL_SPI_Init
 .text.HAL_SPI_Transmit
                0x0000000008001d86      0x278 ./Drivers/STM32F4xx_HAL_Driver/Src/stm32f4xx_hal_spi.o
                0x0000000008001d86                HAL_SPI_Transmit
 *fill*         0x0000000008001ffe        0x2 
 .text.SPI_WaitFlagStateUntilTimeout
                0x0000000008002000      0x110 ./Drivers/STM32F4xx_HAL_Driver/Src/stm32f4xx_hal_spi.o
 .text.SPI_EndRxTxTransaction
                0x0000000008002110       0x84 ./Drivers/STM32F4xx_HAL_Driver/Src/stm32f4xx_hal_spi.o
 .text.HAL_TIM_Base_Init
                0x0000000008002194       0x9e ./Drivers/STM32F4xx_HAL_Driver/Src/stm32f4xx_hal_tim.o
                0x0000000008002194                HAL_TIM_Base_Init
 .text.HAL_TIM_Base_MspInit
                0x0000000008002232       0x14 ./Drivers/STM32F4xx_HAL_Driver/Src/stm32f4xx_hal_tim.o
                0x0000000008002232                HAL_TIM_Base_MspInit
 *fill*         0x0000000008002246        0x2 
 .text.HAL_TIM_Base_Start_IT
                0x0000000008002248       0xe0 ./Drivers/STM32F4xx_HAL_Driver/Src/stm32f4xx_hal_tim.o
                0x0000000008002248                HAL_TIM_Base_Start_IT
 .text.HAL_TIM_IRQHandler
                0x0000000008002328      0x210 ./Drivers/STM32F4xx_HAL_Driver/Src/stm32f4xx_hal_tim.o
                0x0000000008002328                HAL_TIM_IRQHandler
 .text.HAL_TIM_OC_DelayElapsedCallback
                0x0000000008002538       0x14 ./Drivers/STM32F4xx_HAL_Driver/Src/stm32f4xx_hal_tim.o
                0x0000000008002538                HAL_TIM_OC_DelayElapsedCallback
 .text.HAL_TIM_IC_CaptureCallback
                0x000000000800254c       0x14 ./Drivers/STM32F4xx_HAL_Driver/Src/stm32f4xx_hal_tim.o
                0x000000000800254c                HAL_TIM_IC_CaptureCallback
 .text.HAL_TIM_PWM_PulseFinishedCallback
                0x0000000008002560       0x14 ./Drivers/STM32F4xx_HAL_Driver/Src/stm32f4xx_hal_tim.o
                0x0000000008002560                HAL_TIM_PWM_PulseFinishedCallback
 .text.HAL_TIM_TriggerCallback
                0x0000000008002574       0x14 ./Drivers/STM32F4xx_HAL_Driver/Src/stm32f4xx_hal_tim.o
                0x0000000008002574                HAL_TIM_TriggerCallback
 .text.TIM_Base_SetConfig
                0x0000000008002588      0x140 ./Drivers/STM32F4xx_HAL_Driver/Src/stm32f4xx_hal_tim.o
                0x0000000008002588                TIM_Base_SetConfig
 .text.HAL_TIMEx_CommutCallback
                0x00000000080026c8       0x14 ./Drivers/STM32F4xx_HAL_Driver/Src/stm32f4xx_hal_tim_ex.o
                0x00000000080026c8                HAL_TIMEx_CommutCallback
 .text.HAL_TIMEx_BreakCallback
                0x00000000080026dc       0x14 ./Drivers/STM32F4xx_HAL_Driver/Src/stm32f4xx_hal_tim_ex.o
                0x00000000080026dc                HAL_TIMEx_BreakCallback
 .text.vListInitialise
                0x00000000080026f0       0x40 ./FreeRTOS/list.o
                0x00000000080026f0                vListInitialise
 .text.vListInitialiseItem
                0x0000000008002730       0x1a ./FreeRTOS/list.o
                0x0000000008002730                vListInitialiseItem
 .text.vListInsertEnd
                0x000000000800274a       0x48 ./FreeRTOS/list.o
                0x000000000800274a                vListInsertEnd
 .text.vListInsert
                0x0000000008002792       0x72 ./FreeRTOS/list.o
                0x0000000008002792                vListInsert
 .text.uxListRemove
                0x0000000008002804       0x54 ./FreeRTOS/list.o
                0x0000000008002804                uxListRemove
 .text.xQueueGenericReset
                0x0000000008002858       0xd0 ./FreeRTOS/queue.o
                0x0000000008002858                xQueueGenericReset
 .text.xQueueGenericCreate
                0x0000000008002928       0x78 ./FreeRTOS/queue.o
                0x0000000008002928                xQueueGenericCreate
 .text.prvInitialiseNewQueue
                0x00000000080029a0       0x46 ./FreeRTOS/queue.o
 *fill*         0x00000000080029e6        0x2 
 .text.xQueueGenericSend
                0x00000000080029e8      0x1fc ./FreeRTOS/queue.o
                0x00000000080029e8                xQueueGenericSend
 .text.xQueueGenericSendFromISR
                0x0000000008002be4      0x130 ./FreeRTOS/queue.o
                0x0000000008002be4                xQueueGenericSendFromISR
 .text.xQueueGiveFromISR
                0x0000000008002d14      0x11a ./FreeRTOS/queue.o
                0x0000000008002d14                xQueueGiveFromISR
 *fill*         0x0000000008002e2e        0x2 
 .text.xQueueReceive
                0x0000000008002e30      0x1c0 ./FreeRTOS/queue.o
                0x0000000008002e30                xQueueReceive
 .text.xQueueSemaphoreTake
                0x0000000008002ff0      0x218 ./FreeRTOS/queue.o
                0x0000000008002ff0                xQueueSemaphoreTake
 .text.prvGetDisinheritPriorityAfterTimeout
                0x0000000008003208       0x30 ./FreeRTOS/queue.o
 .text.prvCopyDataToQueue
                0x0000000008003238       0xd4 ./FreeRTOS/queue.o
 .text.prvCopyDataFromQueue
                0x000000000800330c       0x4c ./FreeRTOS/queue.o
 .text.prvUnlockQueue
                0x0000000008003358       0xa4 ./FreeRTOS/queue.o
 .text.prvIsQueueEmpty
                0x00000000080033fc       0x2c ./FreeRTOS/queue.o
 .text.prvIsQueueFull
                0x0000000008003428       0x30 ./FreeRTOS/queue.o
 .text.vQueueAddToRegistry
                0x0000000008003458       0x54 ./FreeRTOS/queue.o
                0x0000000008003458                vQueueAddToRegistry
 .text.vQueueWaitForMessageRestricted
                0x00000000080034ac       0x68 ./FreeRTOS/queue.o
                0x00000000080034ac                vQueueWaitForMessageRestricted
 .text.xTaskCreate
                0x0000000008003514       0x82 ./FreeRTOS/tasks.o
                0x0000000008003514                xTaskCreate
 .text.prvInitialiseNewTask
                0x0000000008003596      0x11e ./FreeRTOS/tasks.o
 .text.prvAddNewTaskToReadyList
                0x00000000080036b4       0xdc ./FreeRTOS/tasks.o
 .text.vTaskDelay
                0x0000000008003790       0x68 ./FreeRTOS/tasks.o
                0x0000000008003790                vTaskDelay
 .text.vTaskStartScheduler
                0x00000000080037f8       0x9c ./FreeRTOS/tasks.o
                0x00000000080037f8                vTaskStartScheduler
 .text.vTaskSuspendAll
                0x0000000008003894       0x1c ./FreeRTOS/tasks.o
                0x0000000008003894                vTaskSuspendAll
 .text.xTaskResumeAll
                0x00000000080038b0      0x138 ./FreeRTOS/tasks.o
                0x00000000080038b0                xTaskResumeAll
 .text.xTaskGetTickCount
                0x00000000080039e8       0x20 ./FreeRTOS/tasks.o
                0x00000000080039e8                xTaskGetTickCount
 .text.xTaskIncrementTick
                0x0000000008003a08      0x170 ./FreeRTOS/tasks.o
                0x0000000008003a08                xTaskIncrementTick
 .text.vTaskSwitchContext
                0x0000000008003b78       0xb8 ./FreeRTOS/tasks.o
                0x0000000008003b78                vTaskSwitchContext
 .text.vTaskPlaceOnEventList
                0x0000000008003c30       0x48 ./FreeRTOS/tasks.o
                0x0000000008003c30                vTaskPlaceOnEventList
 .text.vTaskPlaceOnEventListRestricted
                0x0000000008003c78       0x58 ./FreeRTOS/tasks.o
                0x0000000008003c78                vTaskPlaceOnEventListRestricted
 .text.xTaskRemoveFromEventList
                0x0000000008003cd0       0xc4 ./FreeRTOS/tasks.o
                0x0000000008003cd0                xTaskRemoveFromEventList
 .text.vTaskInternalSetTimeOutState
                0x0000000008003d94       0x2c ./FreeRTOS/tasks.o
                0x0000000008003d94                vTaskInternalSetTimeOutState
 .text.xTaskCheckForTimeOut
                0x0000000008003dc0       0xc4 ./FreeRTOS/tasks.o
                0x0000000008003dc0                xTaskCheckForTimeOut
 .text.vTaskMissedYield
                0x0000000008003e84       0x18 ./FreeRTOS/tasks.o
                0x0000000008003e84                vTaskMissedYield
 .text.prvIdleTask
                0x0000000008003e9c       0x30 ./FreeRTOS/tasks.o
 .text.prvInitialiseTaskLists
                0x0000000008003ecc       0x80 ./FreeRTOS/tasks.o
 .text.prvCheckTasksWaitingTermination
                0x0000000008003f4c       0x5c ./FreeRTOS/tasks.o
 .text.prvDeleteTCB
                0x0000000008003fa8       0x20 ./FreeRTOS/tasks.o
 .text.prvResetNextTaskUnblockTime
                0x0000000008003fc8       0x40 ./FreeRTOS/tasks.o
 .text.xTaskGetSchedulerState
                0x0000000008004008       0x3c ./FreeRTOS/tasks.o
                0x0000000008004008                xTaskGetSchedulerState
 .text.xTaskPriorityInherit
                0x0000000008004044      0x100 ./FreeRTOS/tasks.o
                0x0000000008004044                xTaskPriorityInherit
 .text.xTaskPriorityDisinherit
                0x0000000008004144      0x10c ./FreeRTOS/tasks.o
                0x0000000008004144                xTaskPriorityDisinherit
 .text.vTaskPriorityDisinheritAfterTimeout
                0x0000000008004250      0x134 ./FreeRTOS/tasks.o
                0x0000000008004250                vTaskPriorityDisinheritAfterTimeout
 .text.pvTaskIncrementMutexHeldCount
                0x0000000008004384       0x28 ./FreeRTOS/tasks.o
                0x0000000008004384                pvTaskIncrementMutexHeldCount
 .text.prvAddCurrentTaskToDelayedList
                0x00000000080043ac       0xcc ./FreeRTOS/tasks.o
 .text.xTimerCreateTimerTask
                0x0000000008004478       0x64 ./FreeRTOS/timers.o
                0x0000000008004478                xTimerCreateTimerTask
 .text.xTimerGenericCommand
                0x00000000080044dc       0x9c ./FreeRTOS/timers.o
                0x00000000080044dc                xTimerGenericCommand
 .text.prvProcessExpiredTimer
                0x0000000008004578       0x98 ./FreeRTOS/timers.o
 .text.prvTimerTask
                0x0000000008004610       0x24 ./FreeRTOS/timers.o
 .text.prvProcessTimerOrBlockTask
                0x0000000008004634       0x9c ./FreeRTOS/timers.o
 .text.prvGetNextExpireTime
                0x00000000080046d0       0x48 ./FreeRTOS/timers.o
 .text.prvSampleTimeNow
                0x0000000008004718       0x40 ./FreeRTOS/timers.o
 .text.prvInsertTimerInActiveList
                0x0000000008004758       0x84 ./FreeRTOS/timers.o
 .text.prvProcessReceivedCommands
                0x00000000080047dc      0x18c ./FreeRTOS/timers.o
 .text.prvSwitchTimerLists
                0x0000000008004968       0xc8 ./FreeRTOS/timers.o
 .text.prvCheckForValidListAndQueue
                0x0000000008004a30       0x6c ./FreeRTOS/timers.o
 .text.pxPortInitialiseStack
                0x0000000008004a9c       0x68 ./FreeRTOS/portable/ARM_CM4F/port.o
                0x0000000008004a9c                pxPortInitialiseStack
 .text.prvTaskExitError
                0x0000000008004b04       0x58 ./FreeRTOS/portable/ARM_CM4F/port.o
 *fill*         0x0000000008004b5c        0x4 
 .text.SVC_Handler
                0x0000000008004b60       0x28 ./FreeRTOS/portable/ARM_CM4F/port.o
                0x0000000008004b60                SVC_Handler
 .text.prvPortStartFirstTask
                0x0000000008004b88       0x28 ./FreeRTOS/portable/ARM_CM4F/port.o
 .text.xPortStartScheduler
                0x0000000008004bb0      0x144 ./FreeRTOS/portable/ARM_CM4F/port.o
                0x0000000008004bb0                xPortStartScheduler
 .text.vPortEnterCritical
                0x0000000008004cf4       0x60 ./FreeRTOS/portable/ARM_CM4F/port.o
                0x0000000008004cf4                vPortEnterCritical
 .text.vPortExitCritical
                0x0000000008004d54       0x54 ./FreeRTOS/portable/ARM_CM4F/port.o
                0x0000000008004d54                vPortExitCritical
 *fill*         0x0000000008004da8        0x8 
 .text.PendSV_Handler
                0x0000000008004db0       0x68 ./FreeRTOS/portable/ARM_CM4F/port.o
                0x0000000008004db0                PendSV_Handler
 .text.SysTick_Handler
                0x0000000008004e18       0x44 ./FreeRTOS/portable/ARM_CM4F/port.o
                0x0000000008004e18                SysTick_Handler
 .text.vPortSetupTimerInterrupt
                0x0000000008004e5c       0x48 ./FreeRTOS/portable/ARM_CM4F/port.o
                0x0000000008004e5c                vPortSetupTimerInterrupt
 .text.vPortEnableVFP
                0x0000000008004ea4       0x14 ./FreeRTOS/portable/ARM_CM4F/port.o
 .text.vPortValidateInterruptPriority
                0x0000000008004eb8       0x80 ./FreeRTOS/portable/ARM_CM4F/port.o
                0x0000000008004eb8                vPortValidateInterruptPriority
 .text.pvPortMalloc
                0x0000000008004f38      0x188 ./FreeRTOS/portable/MemMang/heap_4.o
                0x0000000008004f38                pvPortMalloc
 .text.vPortFree
                0x00000000080050c0       0xb4 ./FreeRTOS/portable/MemMang/heap_4.o
                0x00000000080050c0                vPortFree
 .text.prvHeapInit
                0x0000000008005174       0xc4 ./FreeRTOS/portable/MemMang/heap_4.o
 .text.prvInsertBlockIntoFreeList
                0x0000000008005238       0xb4 ./FreeRTOS/portable/MemMang/heap_4.o
 .text.__libc_init_array
                0x00000000080052ec       0x48 c:/st/stm32cubeide_1.8.0/stm32cubeide/plugins/com.st.stm32cube.ide.mcu.externaltools.gnu-tools-for-stm32.9-2020-q2-update.win32_2.0.0.202105311346/tools/bin/../lib/gcc/arm-none-eabi/9.3.1/../../../../arm-none-eabi/lib/thumb/v7e-m+fp/hard\libc_nano.a(lib_a-init.o)
                0x00000000080052ec                __libc_init_array
 .text.memcpy   0x0000000008005334       0x1c c:/st/stm32cubeide_1.8.0/stm32cubeide/plugins/com.st.stm32cube.ide.mcu.externaltools.gnu-tools-for-stm32.9-2020-q2-update.win32_2.0.0.202105311346/tools/bin/../lib/gcc/arm-none-eabi/9.3.1/../../../../arm-none-eabi/lib/thumb/v7e-m+fp/hard\libc_nano.a(lib_a-memcpy-stub.o)
                0x0000000008005334                memcpy
 .text.memset   0x0000000008005350       0x10 c:/st/stm32cubeide_1.8.0/stm32cubeide/plugins/com.st.stm32cube.ide.mcu.externaltools.gnu-tools-for-stm32.9-2020-q2-update.win32_2.0.0.202105311346/tools/bin/../lib/gcc/arm-none-eabi/9.3.1/../../../../arm-none-eabi/lib/thumb/v7e-m+fp/hard\libc_nano.a(lib_a-memset.o)
                0x0000000008005350                memset
 *(.glue_7)
 .glue_7        0x0000000008005360        0x0 linker stubs
 *(.glue_7t)
 .glue_7t       0x0000000008005360        0x0 linker stubs
 *(.eh_frame)
 .eh_frame      0x0000000008005360        0x0 c:/st/stm32cubeide_1.8.0/stm32cubeide/plugins/com.st.stm32cube.ide.mcu.externaltools.gnu-tools-for-stm32.9-2020-q2-update.win32_2.0.0.202105311346/tools/bin/../lib/gcc/arm-none-eabi/9.3.1/thumb/v7e-m+fp/hard/crtbegin.o
 *(.init)
 .init          0x0000000008005360        0x4 c:/st/stm32cubeide_1.8.0/stm32cubeide/plugins/com.st.stm32cube.ide.mcu.externaltools.gnu-tools-for-stm32.9-2020-q2-update.win32_2.0.0.202105311346/tools/bin/../lib/gcc/arm-none-eabi/9.3.1/thumb/v7e-m+fp/hard/crti.o
                0x0000000008005360                _init
 .init          0x0000000008005364        0x8 c:/st/stm32cubeide_1.8.0/stm32cubeide/plugins/com.st.stm32cube.ide.mcu.externaltools.gnu-tools-for-stm32.9-2020-q2-update.win32_2.0.0.202105311346/tools/bin/../lib/gcc/arm-none-eabi/9.3.1/thumb/v7e-m+fp/hard/crtn.o
 *(.fini)
 .fini          0x000000000800536c        0x4 c:/st/stm32cubeide_1.8.0/stm32cubeide/plugins/com.st.stm32cube.ide.mcu.externaltools.gnu-tools-for-stm32.9-2020-q2-update.win32_2.0.0.202105311346/tools/bin/../lib/gcc/arm-none-eabi/9.3.1/thumb/v7e-m+fp/hard/crti.o
                0x000000000800536c                _fini
 .fini          0x0000000008005370        0x8 c:/st/stm32cubeide_1.8.0/stm32cubeide/plugins/com.st.stm32cube.ide.mcu.externaltools.gnu-tools-for-stm32.9-2020-q2-update.win32_2.0.0.202105311346/tools/bin/../lib/gcc/arm-none-eabi/9.3.1/thumb/v7e-m+fp/hard/crtn.o
                0x0000000008005378                . = ALIGN (0x4)
                0x0000000008005378                _etext = .

.vfp11_veneer   0x0000000008005378        0x0
 .vfp11_veneer  0x0000000008005378        0x0 linker stubs

.v4_bx          0x0000000008005378        0x0
 .v4_bx         0x0000000008005378        0x0 linker stubs

.iplt           0x0000000008005378        0x0
 .iplt          0x0000000008005378        0x0 c:/st/stm32cubeide_1.8.0/stm32cubeide/plugins/com.st.stm32cube.ide.mcu.externaltools.gnu-tools-for-stm32.9-2020-q2-update.win32_2.0.0.202105311346/tools/bin/../lib/gcc/arm-none-eabi/9.3.1/thumb/v7e-m+fp/hard/crtbegin.o

.rodata         0x0000000008005378       0x48
                0x0000000008005378                . = ALIGN (0x4)
 *(.rodata)
 .rodata        0x0000000008005378       0x16 ./Core/Src/main.o
 *fill*         0x000000000800538e        0x2 
 .rodata        0x0000000008005390        0x5 ./FreeRTOS/tasks.o
 *fill*         0x0000000008005395        0x3 
 .rodata        0x0000000008005398        0xd ./FreeRTOS/timers.o
 *(.rodata*)
 *fill*         0x00000000080053a5        0x3 
 .rodata.AHBPrescTable
                0x00000000080053a8       0x10 ./Core/Src/system_stm32f4xx.o
                0x00000000080053a8                AHBPrescTable
 .rodata.APBPrescTable
                0x00000000080053b8        0x8 ./Core/Src/system_stm32f4xx.o
                0x00000000080053b8                APBPrescTable
                0x00000000080053c0                . = ALIGN (0x4)

.ARM.extab      0x00000000080053c0        0x0
                0x00000000080053c0                . = ALIGN (0x4)
 *(.ARM.extab* .gnu.linkonce.armextab.*)
                0x00000000080053c0                . = ALIGN (0x4)

.ARM            0x00000000080053c0        0x8
                0x00000000080053c0                . = ALIGN (0x4)
                0x00000000080053c0                __exidx_start = .
 *(.ARM.exidx*)
 .ARM.exidx     0x00000000080053c0        0x8 c:/st/stm32cubeide_1.8.0/stm32cubeide/plugins/com.st.stm32cube.ide.mcu.externaltools.gnu-tools-for-stm32.9-2020-q2-update.win32_2.0.0.202105311346/tools/bin/../lib/gcc/arm-none-eabi/9.3.1/thumb/v7e-m+fp/hard\libgcc.a(_udivmoddi4.o)
                0x00000000080053c8                __exidx_end = .
                0x00000000080053c8                . = ALIGN (0x4)

.rel.dyn        0x00000000080053c8        0x0
 .rel.iplt      0x00000000080053c8        0x0 c:/st/stm32cubeide_1.8.0/stm32cubeide/plugins/com.st.stm32cube.ide.mcu.externaltools.gnu-tools-for-stm32.9-2020-q2-update.win32_2.0.0.202105311346/tools/bin/../lib/gcc/arm-none-eabi/9.3.1/thumb/v7e-m+fp/hard/crtbegin.o

.preinit_array  0x00000000080053c8        0x0
                0x00000000080053c8                . = ALIGN (0x4)
                0x00000000080053c8                PROVIDE (__preinit_array_start = .)
 *(.preinit_array*)
                0x00000000080053c8                PROVIDE (__preinit_array_end = .)
                0x00000000080053c8                . = ALIGN (0x4)

.init_array     0x00000000080053c8        0x4
                0x00000000080053c8                . = ALIGN (0x4)
                0x00000000080053c8                PROVIDE (__init_array_start = .)
 *(SORT_BY_NAME(.init_array.*))
 *(.init_array*)
 .init_array    0x00000000080053c8        0x4 c:/st/stm32cubeide_1.8.0/stm32cubeide/plugins/com.st.stm32cube.ide.mcu.externaltools.gnu-tools-for-stm32.9-2020-q2-update.win32_2.0.0.202105311346/tools/bin/../lib/gcc/arm-none-eabi/9.3.1/thumb/v7e-m+fp/hard/crtbegin.o
                0x00000000080053cc                PROVIDE (__init_array_end = .)
                0x00000000080053cc                . = ALIGN (0x4)

.fini_array     0x00000000080053cc        0x4
                0x00000000080053cc                . = ALIGN (0x4)
                [!provide]                        PROVIDE (__fini_array_start = .)
 *(SORT_BY_NAME(.fini_array.*))
 *(.fini_array*)
 .fini_array    0x00000000080053cc        0x4 c:/st/stm32cubeide_1.8.0/stm32cubeide/plugins/com.st.stm32cube.ide.mcu.externaltools.gnu-tools-for-stm32.9-2020-q2-update.win32_2.0.0.202105311346/tools/bin/../lib/gcc/arm-none-eabi/9.3.1/thumb/v7e-m+fp/hard/crtbegin.o
                [!provide]                        PROVIDE (__fini_array_end = .)
                0x00000000080053d0                . = ALIGN (0x4)
                0x00000000080053d0                _sidata = LOADADDR (.data)

.data           0x0000000020000000       0x10 load address 0x00000000080053d0
                0x0000000020000000                . = ALIGN (0x4)
                0x0000000020000000                _sdata = .
 *(.data)
 *(.data*)
 .data.SystemCoreClock
                0x0000000020000000        0x4 ./Core/Src/system_stm32f4xx.o
                0x0000000020000000                SystemCoreClock
 .data.uwTickPrio
                0x0000000020000004        0x4 ./Drivers/STM32F4xx_HAL_Driver/Src/stm32f4xx_hal.o
                0x0000000020000004                uwTickPrio
 .data.uwTickFreq
                0x0000000020000008        0x1 ./Drivers/STM32F4xx_HAL_Driver/Src/stm32f4xx_hal.o
                0x0000000020000008                uwTickFreq
 *fill*         0x0000000020000009        0x3 
 .data.uxCriticalNesting
                0x000000002000000c        0x4 ./FreeRTOS/portable/ARM_CM4F/port.o
 *(.RamFunc)
 *(.RamFunc*)
                0x0000000020000010                . = ALIGN (0x4)
                0x0000000020000010                _edata = .
                0x00000000080053e0                _siccmram = LOADADDR (.ccmram)

.igot.plt       0x0000000020000010        0x0 load address 0x00000000080053e0
 .igot.plt      0x0000000020000010        0x0 c:/st/stm32cubeide_1.8.0/stm32cubeide/plugins/com.st.stm32cube.ide.mcu.externaltools.gnu-tools-for-stm32.9-2020-q2-update.win32_2.0.0.202105311346/tools/bin/../lib/gcc/arm-none-eabi/9.3.1/thumb/v7e-m+fp/hard/crtbegin.o

.ccmram         0x0000000010000000        0x0 load address 0x00000000080053e0
                0x0000000010000000                . = ALIGN (0x4)
                0x0000000010000000                _sccmram = .
 *(.ccmram)
 *(.ccmram*)
                0x0000000010000000                . = ALIGN (0x4)
                0x0000000010000000                _eccmram = .
                0x0000000010000000                . = ALIGN (0x4)

.bss            0x0000000020000010    0x12e6c
                0x0000000020000010                _sbss = .
                0x0000000020000010                __bss_start__ = _sbss
 *(.bss)
 .bss           0x0000000020000010       0x1c c:/st/stm32cubeide_1.8.0/stm32cubeide/plugins/com.st.stm32cube.ide.mcu.externaltools.gnu-tools-for-stm32.9-2020-q2-update.win32_2.0.0.202105311346/tools/bin/../lib/gcc/arm-none-eabi/9.3.1/thumb/v7e-m+fp/hard/crtbegin.o
 *(.bss*)
 .bss.pxCurrentTCB
                0x000000002000002c        0x4 ./FreeRTOS/tasks.o
                0x000000002000002c                pxCurrentTCB
 .bss.pxReadyTasksLists
                0x0000000020000030       0x64 ./FreeRTOS/tasks.o
 .bss.xDelayedTaskList1
                0x0000000020000094       0x14 ./FreeRTOS/tasks.o
 .bss.xDelayedTaskList2
                0x00000000200000a8       0x14 ./FreeRTOS/tasks.o
 .bss.pxDelayedTaskList
                0x00000000200000bc        0x4 ./FreeRTOS/tasks.o
 .bss.pxOverflowDelayedTaskList
                0x00000000200000c0        0x4 ./FreeRTOS/tasks.o
 .bss.xPendingReadyList
                0x00000000200000c4       0x14 ./FreeRTOS/tasks.o
 .bss.xTasksWaitingTermination
                0x00000000200000d8       0x14 ./FreeRTOS/tasks.o
 .bss.uxDeletedTasksWaitingCleanUp
                0x00000000200000ec        0x4 ./FreeRTOS/tasks.o
 .bss.xSuspendedTaskList
                0x00000000200000f0       0x14 ./FreeRTOS/tasks.o
 .bss.uxCurrentNumberOfTasks
                0x0000000020000104        0x4 ./FreeRTOS/tasks.o
 .bss.xTickCount
                0x0000000020000108        0x4 ./FreeRTOS/tasks.o
 .bss.uxTopReadyPriority
                0x000000002000010c        0x4 ./FreeRTOS/tasks.o
 .bss.xSchedulerRunning
                0x0000000020000110        0x4 ./FreeRTOS/tasks.o
 .bss.uxPendedTicks
                0x0000000020000114        0x4 ./FreeRTOS/tasks.o
 .bss.xYieldPending
                0x0000000020000118        0x4 ./FreeRTOS/tasks.o
 .bss.xNumOfOverflows
                0x000000002000011c        0x4 ./FreeRTOS/tasks.o
 .bss.uxTaskNumber
                0x0000000020000120        0x4 ./FreeRTOS/tasks.o
 .bss.xNextTaskUnblockTime
                0x0000000020000124        0x4 ./FreeRTOS/tasks.o
 .bss.xIdleTaskHandle
                0x0000000020000128        0x4 ./FreeRTOS/tasks.o
 .bss.uxSchedulerSuspended
                0x000000002000012c        0x4 ./FreeRTOS/tasks.o
 .bss.xActiveTimerList1
                0x0000000020000130       0x14 ./FreeRTOS/timers.o
 .bss.xActiveTimerList2
                0x0000000020000144       0x14 ./FreeRTOS/timers.o
 .bss.pxCurrentTimerList
                0x0000000020000158        0x4 ./FreeRTOS/timers.o
 .bss.pxOverflowTimerList
                0x000000002000015c        0x4 ./FreeRTOS/timers.o
 .bss.xTimerQueue
                0x0000000020000160        0x4 ./FreeRTOS/timers.o
 .bss.xTimerTaskHandle
                0x0000000020000164        0x4 ./FreeRTOS/timers.o
 .bss.xLastTime.6861
                0x0000000020000168        0x4 ./FreeRTOS/timers.o
 .bss.ucMaxSysCallPriority
                0x000000002000016c        0x1 ./FreeRTOS/portable/ARM_CM4F/port.o
 *fill*         0x000000002000016d        0x3 
 .bss.ulMaxPRIGROUPValue
                0x0000000020000170        0x4 ./FreeRTOS/portable/ARM_CM4F/port.o
 .bss.ucHeap    0x0000000020000174    0x12c00 ./FreeRTOS/portable/MemMang/heap_4.o
 .bss.xStart    0x0000000020012d74        0x8 ./FreeRTOS/portable/MemMang/heap_4.o
 .bss.pxEnd     0x0000000020012d7c        0x4 ./FreeRTOS/portable/MemMang/heap_4.o
 .bss.xFreeBytesRemaining
                0x0000000020012d80        0x4 ./FreeRTOS/portable/MemMang/heap_4.o
 .bss.xMinimumEverFreeBytesRemaining
                0x0000000020012d84        0x4 ./FreeRTOS/portable/MemMang/heap_4.o
 .bss.xBlockAllocatedBit
                0x0000000020012d88        0x4 ./FreeRTOS/portable/MemMang/heap_4.o
 *(COMMON)
 COMMON         0x0000000020012d8c       0x64 ./Core/Src/main.o
                0x0000000020012d8c                Task_1_Handle
                0x0000000020012d90                xSemaphore
                0x0000000020012d94                data
                0x0000000020012d98                hspi1
 COMMON         0x0000000020012df0       0x48 ./Core/Src/stm32f4xx_hal_timebase_tim.o
                0x0000000020012df0                htim7
 COMMON         0x0000000020012e38        0x4 ./Drivers/STM32F4xx_HAL_Driver/Src/stm32f4xx_hal.o
                0x0000000020012e38                uwTick
 COMMON         0x0000000020012e3c       0x40 ./FreeRTOS/queue.o
                0x0000000020012e3c                xQueueRegistry
                0x0000000020012e7c                . = ALIGN (0x4)
                0x0000000020012e7c                _ebss = .
                0x0000000020012e7c                __bss_end__ = _ebss

._user_heap_stack
                0x0000000020012e7c      0x604
                0x0000000020012e80                . = ALIGN (0x8)
 *fill*         0x0000000020012e7c        0x4 
                [!provide]                        PROVIDE (end = .)
                0x0000000020012e80                PROVIDE (_end = .)
                0x0000000020013080                . = (. + _Min_Heap_Size)
 *fill*         0x0000000020012e80      0x200 
                0x0000000020013480                . = (. + _Min_Stack_Size)
 *fill*         0x0000000020013080      0x400 
                0x0000000020013480                . = ALIGN (0x8)

/DISCARD/
 libc.a(*)
 libm.a(*)
 libgcc.a(*)

.ARM.attributes
                0x0000000000000000       0x30
 *(.ARM.attributes)
 .ARM.attributes
                0x0000000000000000       0x1e c:/st/stm32cubeide_1.8.0/stm32cubeide/plugins/com.st.stm32cube.ide.mcu.externaltools.gnu-tools-for-stm32.9-2020-q2-update.win32_2.0.0.202105311346/tools/bin/../lib/gcc/arm-none-eabi/9.3.1/thumb/v7e-m+fp/hard/crti.o
 .ARM.attributes
                0x000000000000001e       0x34 c:/st/stm32cubeide_1.8.0/stm32cubeide/plugins/com.st.stm32cube.ide.mcu.externaltools.gnu-tools-for-stm32.9-2020-q2-update.win32_2.0.0.202105311346/tools/bin/../lib/gcc/arm-none-eabi/9.3.1/thumb/v7e-m+fp/hard/crtbegin.o
 .ARM.attributes
                0x0000000000000052       0x34 ./Core/Src/main.o
 .ARM.attributes
                0x0000000000000086       0x34 ./Core/Src/stm32f4xx_hal_msp.o
 .ARM.attributes
                0x00000000000000ba       0x34 ./Core/Src/stm32f4xx_hal_timebase_tim.o
 .ARM.attributes
                0x00000000000000ee       0x34 ./Core/Src/stm32f4xx_it.o
 .ARM.attributes
                0x0000000000000122       0x34 ./Core/Src/system_stm32f4xx.o
 .ARM.attributes
                0x0000000000000156       0x21 ./Core/Startup/startup_stm32f407vgtx.o
 .ARM.attributes
                0x0000000000000177       0x34 ./Drivers/STM32F4xx_HAL_Driver/Src/stm32f4xx_hal.o
 .ARM.attributes
                0x00000000000001ab       0x34 ./Drivers/STM32F4xx_HAL_Driver/Src/stm32f4xx_hal_cortex.o
 .ARM.attributes
                0x00000000000001df       0x34 ./Drivers/STM32F4xx_HAL_Driver/Src/stm32f4xx_hal_gpio.o
 .ARM.attributes
                0x0000000000000213       0x34 ./Drivers/STM32F4xx_HAL_Driver/Src/stm32f4xx_hal_rcc.o
 .ARM.attributes
                0x0000000000000247       0x34 ./Drivers/STM32F4xx_HAL_Driver/Src/stm32f4xx_hal_spi.o
 .ARM.attributes
                0x000000000000027b       0x34 ./Drivers/STM32F4xx_HAL_Driver/Src/stm32f4xx_hal_tim.o
 .ARM.attributes
                0x00000000000002af       0x34 ./Drivers/STM32F4xx_HAL_Driver/Src/stm32f4xx_hal_tim_ex.o
 .ARM.attributes
                0x00000000000002e3       0x34 ./FreeRTOS/list.o
 .ARM.attributes
                0x0000000000000317       0x34 ./FreeRTOS/queue.o
 .ARM.attributes
                0x000000000000034b       0x34 ./FreeRTOS/tasks.o
 .ARM.attributes
                0x000000000000037f       0x34 ./FreeRTOS/timers.o
 .ARM.attributes
                0x00000000000003b3       0x34 ./FreeRTOS/portable/ARM_CM4F/port.o
 .ARM.attributes
                0x00000000000003e7       0x34 ./FreeRTOS/portable/MemMang/heap_4.o
 .ARM.attributes
                0x000000000000041b       0x34 c:/st/stm32cubeide_1.8.0/stm32cubeide/plugins/com.st.stm32cube.ide.mcu.externaltools.gnu-tools-for-stm32.9-2020-q2-update.win32_2.0.0.202105311346/tools/bin/../lib/gcc/arm-none-eabi/9.3.1/../../../../arm-none-eabi/lib/thumb/v7e-m+fp/hard\libc_nano.a(lib_a-init.o)
 .ARM.attributes
                0x000000000000044f       0x34 c:/st/stm32cubeide_1.8.0/stm32cubeide/plugins/com.st.stm32cube.ide.mcu.externaltools.gnu-tools-for-stm32.9-2020-q2-update.win32_2.0.0.202105311346/tools/bin/../lib/gcc/arm-none-eabi/9.3.1/../../../../arm-none-eabi/lib/thumb/v7e-m+fp/hard\libc_nano.a(lib_a-memcpy-stub.o)
 .ARM.attributes
                0x0000000000000483       0x34 c:/st/stm32cubeide_1.8.0/stm32cubeide/plugins/com.st.stm32cube.ide.mcu.externaltools.gnu-tools-for-stm32.9-2020-q2-update.win32_2.0.0.202105311346/tools/bin/../lib/gcc/arm-none-eabi/9.3.1/../../../../arm-none-eabi/lib/thumb/v7e-m+fp/hard\libc_nano.a(lib_a-memset.o)
 .ARM.attributes
                0x00000000000004b7       0x1e c:/st/stm32cubeide_1.8.0/stm32cubeide/plugins/com.st.stm32cube.ide.mcu.externaltools.gnu-tools-for-stm32.9-2020-q2-update.win32_2.0.0.202105311346/tools/bin/../lib/gcc/arm-none-eabi/9.3.1/thumb/v7e-m+fp/hard\libgcc.a(_aeabi_uldivmod.o)
 .ARM.attributes
                0x00000000000004d5       0x34 c:/st/stm32cubeide_1.8.0/stm32cubeide/plugins/com.st.stm32cube.ide.mcu.externaltools.gnu-tools-for-stm32.9-2020-q2-update.win32_2.0.0.202105311346/tools/bin/../lib/gcc/arm-none-eabi/9.3.1/thumb/v7e-m+fp/hard\libgcc.a(_udivmoddi4.o)
 .ARM.attributes
                0x0000000000000509       0x1e c:/st/stm32cubeide_1.8.0/stm32cubeide/plugins/com.st.stm32cube.ide.mcu.externaltools.gnu-tools-for-stm32.9-2020-q2-update.win32_2.0.0.202105311346/tools/bin/../lib/gcc/arm-none-eabi/9.3.1/thumb/v7e-m+fp/hard\libgcc.a(_dvmd_tls.o)
 .ARM.attributes
                0x0000000000000527       0x1e c:/st/stm32cubeide_1.8.0/stm32cubeide/plugins/com.st.stm32cube.ide.mcu.externaltools.gnu-tools-for-stm32.9-2020-q2-update.win32_2.0.0.202105311346/tools/bin/../lib/gcc/arm-none-eabi/9.3.1/thumb/v7e-m+fp/hard/crtn.o
OUTPUT(lab3_3.elf elf32-littlearm)
LOAD linker stubs
LOAD c:/st/stm32cubeide_1.8.0/stm32cubeide/plugins/com.st.stm32cube.ide.mcu.externaltools.gnu-tools-for-stm32.9-2020-q2-update.win32_2.0.0.202105311346/tools/bin/../lib/gcc/arm-none-eabi/9.3.1/../../../../arm-none-eabi/lib/thumb/v7e-m+fp/hard\libc.a
LOAD c:/st/stm32cubeide_1.8.0/stm32cubeide/plugins/com.st.stm32cube.ide.mcu.externaltools.gnu-tools-for-stm32.9-2020-q2-update.win32_2.0.0.202105311346/tools/bin/../lib/gcc/arm-none-eabi/9.3.1/../../../../arm-none-eabi/lib/thumb/v7e-m+fp/hard\libm.a
LOAD c:/st/stm32cubeide_1.8.0/stm32cubeide/plugins/com.st.stm32cube.ide.mcu.externaltools.gnu-tools-for-stm32.9-2020-q2-update.win32_2.0.0.202105311346/tools/bin/../lib/gcc/arm-none-eabi/9.3.1/thumb/v7e-m+fp/hard\libgcc.a

.debug_info     0x0000000000000000    0x134bf
 .debug_info    0x0000000000000000     0x13f0 ./Core/Src/main.o
 .debug_info    0x00000000000013f0      0xa50 ./Core/Src/stm32f4xx_hal_msp.o
 .debug_info    0x0000000000001e40      0xc6c ./Core/Src/stm32f4xx_hal_timebase_tim.o
 .debug_info    0x0000000000002aac      0x7f5 ./Core/Src/stm32f4xx_it.o
 .debug_info    0x00000000000032a1      0x5a4 ./Core/Src/system_stm32f4xx.o
 .debug_info    0x0000000000003845       0x22 ./Core/Startup/startup_stm32f407vgtx.o
 .debug_info    0x0000000000003867      0x9b2 ./Drivers/STM32F4xx_HAL_Driver/Src/stm32f4xx_hal.o
 .debug_info    0x0000000000004219      0xed7 ./Drivers/STM32F4xx_HAL_Driver/Src/stm32f4xx_hal_cortex.o
 .debug_info    0x00000000000050f0      0x83e ./Drivers/STM32F4xx_HAL_Driver/Src/stm32f4xx_hal_gpio.o
 .debug_info    0x000000000000592e      0x996 ./Drivers/STM32F4xx_HAL_Driver/Src/stm32f4xx_hal_rcc.o
 .debug_info    0x00000000000062c4     0x17c0 ./Drivers/STM32F4xx_HAL_Driver/Src/stm32f4xx_hal_spi.o
 .debug_info    0x0000000000007a84     0x2c22 ./Drivers/STM32F4xx_HAL_Driver/Src/stm32f4xx_hal_tim.o
 .debug_info    0x000000000000a6a6     0x15a2 ./Drivers/STM32F4xx_HAL_Driver/Src/stm32f4xx_hal_tim_ex.o
 .debug_info    0x000000000000bc48      0xb82 ./FreeRTOS/list.o
 .debug_info    0x000000000000c7ca     0x1f3f ./FreeRTOS/queue.o
 .debug_info    0x000000000000e709     0x274b ./FreeRTOS/tasks.o
 .debug_info    0x0000000000010e54     0x1501 ./FreeRTOS/timers.o
 .debug_info    0x0000000000012355      0x4f1 ./FreeRTOS/portable/ARM_CM4F/port.o
 .debug_info    0x0000000000012846      0xc79 ./FreeRTOS/portable/MemMang/heap_4.o

.debug_abbrev   0x0000000000000000     0x2aac
 .debug_abbrev  0x0000000000000000      0x2bd ./Core/Src/main.o
 .debug_abbrev  0x00000000000002bd      0x1ac ./Core/Src/stm32f4xx_hal_msp.o
 .debug_abbrev  0x0000000000000469      0x1bf ./Core/Src/stm32f4xx_hal_timebase_tim.o
 .debug_abbrev  0x0000000000000628      0x176 ./Core/Src/stm32f4xx_it.o
 .debug_abbrev  0x000000000000079e      0x145 ./Core/Src/system_stm32f4xx.o
 .debug_abbrev  0x00000000000008e3       0x12 ./Core/Startup/startup_stm32f407vgtx.o
 .debug_abbrev  0x00000000000008f5      0x1ed ./Drivers/STM32F4xx_HAL_Driver/Src/stm32f4xx_hal.o
 .debug_abbrev  0x0000000000000ae2      0x33c ./Drivers/STM32F4xx_HAL_Driver/Src/stm32f4xx_hal_cortex.o
 .debug_abbrev  0x0000000000000e1e      0x1f1 ./Drivers/STM32F4xx_HAL_Driver/Src/stm32f4xx_hal_gpio.o
 .debug_abbrev  0x000000000000100f      0x275 ./Drivers/STM32F4xx_HAL_Driver/Src/stm32f4xx_hal_rcc.o
 .debug_abbrev  0x0000000000001284      0x26e ./Drivers/STM32F4xx_HAL_Driver/Src/stm32f4xx_hal_spi.o
 .debug_abbrev  0x00000000000014f2      0x25e ./Drivers/STM32F4xx_HAL_Driver/Src/stm32f4xx_hal_tim.o
 .debug_abbrev  0x0000000000001750      0x266 ./Drivers/STM32F4xx_HAL_Driver/Src/stm32f4xx_hal_tim_ex.o
 .debug_abbrev  0x00000000000019b6      0x1f7 ./FreeRTOS/list.o
 .debug_abbrev  0x0000000000001bad      0x362 ./FreeRTOS/queue.o
 .debug_abbrev  0x0000000000001f0f      0x39c ./FreeRTOS/tasks.o
 .debug_abbrev  0x00000000000022ab      0x2fd ./FreeRTOS/timers.o
 .debug_abbrev  0x00000000000025a8      0x231 ./FreeRTOS/portable/ARM_CM4F/port.o
 .debug_abbrev  0x00000000000027d9      0x2d3 ./FreeRTOS/portable/MemMang/heap_4.o

.debug_aranges  0x0000000000000000     0x1060
 .debug_aranges
                0x0000000000000000       0x70 ./Core/Src/main.o
 .debug_aranges
                0x0000000000000070       0x30 ./Core/Src/stm32f4xx_hal_msp.o
 .debug_aranges
                0x00000000000000a0       0x30 ./Core/Src/stm32f4xx_hal_timebase_tim.o
 .debug_aranges
                0x00000000000000d0       0x58 ./Core/Src/stm32f4xx_it.o
 .debug_aranges
                0x0000000000000128       0x28 ./Core/Src/system_stm32f4xx.o
 .debug_aranges
                0x0000000000000150       0x28 ./Core/Startup/startup_stm32f407vgtx.o
 .debug_aranges
                0x0000000000000178       0xf0 ./Drivers/STM32F4xx_HAL_Driver/Src/stm32f4xx_hal.o
 .debug_aranges
                0x0000000000000268      0x118 ./Drivers/STM32F4xx_HAL_Driver/Src/stm32f4xx_hal_cortex.o
 .debug_aranges
                0x0000000000000380       0x58 ./Drivers/STM32F4xx_HAL_Driver/Src/stm32f4xx_hal_gpio.o
 .debug_aranges
                0x00000000000003d8       0x88 ./Drivers/STM32F4xx_HAL_Driver/Src/stm32f4xx_hal_rcc.o
 .debug_aranges
                0x0000000000000460      0x1d0 ./Drivers/STM32F4xx_HAL_Driver/Src/stm32f4xx_hal_spi.o
 .debug_aranges
                0x0000000000000630      0x3d0 ./Drivers/STM32F4xx_HAL_Driver/Src/stm32f4xx_hal_tim.o
 .debug_aranges
                0x0000000000000a00      0x168 ./Drivers/STM32F4xx_HAL_Driver/Src/stm32f4xx_hal_tim_ex.o
 .debug_aranges
                0x0000000000000b68       0x40 ./FreeRTOS/list.o
 .debug_aranges
                0x0000000000000ba8      0x130 ./FreeRTOS/queue.o
 .debug_aranges
                0x0000000000000cd8      0x1e8 ./FreeRTOS/tasks.o
 .debug_aranges
                0x0000000000000ec0       0xd0 ./FreeRTOS/timers.o
 .debug_aranges
                0x0000000000000f90       0x80 ./FreeRTOS/portable/ARM_CM4F/port.o
 .debug_aranges
                0x0000000000001010       0x50 ./FreeRTOS/portable/MemMang/heap_4.o

.debug_ranges   0x0000000000000000      0xf38
 .debug_ranges  0x0000000000000000       0x60 ./Core/Src/main.o
 .debug_ranges  0x0000000000000060       0x20 ./Core/Src/stm32f4xx_hal_msp.o
 .debug_ranges  0x0000000000000080       0x20 ./Core/Src/stm32f4xx_hal_timebase_tim.o
 .debug_ranges  0x00000000000000a0       0x48 ./Core/Src/stm32f4xx_it.o
 .debug_ranges  0x00000000000000e8       0x18 ./Core/Src/system_stm32f4xx.o
 .debug_ranges  0x0000000000000100       0x20 ./Core/Startup/startup_stm32f407vgtx.o
 .debug_ranges  0x0000000000000120       0xe0 ./Drivers/STM32F4xx_HAL_Driver/Src/stm32f4xx_hal.o
 .debug_ranges  0x0000000000000200      0x108 ./Drivers/STM32F4xx_HAL_Driver/Src/stm32f4xx_hal_cortex.o
 .debug_ranges  0x0000000000000308       0x48 ./Drivers/STM32F4xx_HAL_Driver/Src/stm32f4xx_hal_gpio.o
 .debug_ranges  0x0000000000000350       0x78 ./Drivers/STM32F4xx_HAL_Driver/Src/stm32f4xx_hal_rcc.o
 .debug_ranges  0x00000000000003c8      0x1c0 ./Drivers/STM32F4xx_HAL_Driver/Src/stm32f4xx_hal_spi.o
 .debug_ranges  0x0000000000000588      0x3c0 ./Drivers/STM32F4xx_HAL_Driver/Src/stm32f4xx_hal_tim.o
 .debug_ranges  0x0000000000000948      0x158 ./Drivers/STM32F4xx_HAL_Driver/Src/stm32f4xx_hal_tim_ex.o
 .debug_ranges  0x0000000000000aa0       0x30 ./FreeRTOS/list.o
 .debug_ranges  0x0000000000000ad0      0x120 ./FreeRTOS/queue.o
 .debug_ranges  0x0000000000000bf0      0x1d8 ./FreeRTOS/tasks.o
 .debug_ranges  0x0000000000000dc8       0xc0 ./FreeRTOS/timers.o
 .debug_ranges  0x0000000000000e88       0x70 ./FreeRTOS/portable/ARM_CM4F/port.o
 .debug_ranges  0x0000000000000ef8       0x40 ./FreeRTOS/portable/MemMang/heap_4.o

.debug_macro    0x0000000000000000    0x219c0
 .debug_macro   0x0000000000000000      0x29d ./Core/Src/main.o
 .debug_macro   0x000000000000029d      0xaa8 ./Core/Src/main.o
 .debug_macro   0x0000000000000d45      0x29b ./Core/Src/main.o
 .debug_macro   0x0000000000000fe0       0x2e ./Core/Src/main.o
 .debug_macro   0x000000000000100e       0x2f ./Core/Src/main.o
 .debug_macro   0x000000000000103d       0x22 ./Core/Src/main.o
 .debug_macro   0x000000000000105f       0x8e ./Core/Src/main.o
 .debug_macro   0x00000000000010ed       0x51 ./Core/Src/main.o
 .debug_macro   0x000000000000113e      0x103 ./Core/Src/main.o
 .debug_macro   0x0000000000001241       0x6a ./Core/Src/main.o
 .debug_macro   0x00000000000012ab      0x1df ./Core/Src/main.o
 .debug_macro   0x000000000000148a       0x1c ./Core/Src/main.o
 .debug_macro   0x00000000000014a6       0x22 ./Core/Src/main.o
 .debug_macro   0x00000000000014c8       0xdf ./Core/Src/main.o
 .debug_macro   0x00000000000015a7     0x102d ./Core/Src/main.o
 .debug_macro   0x00000000000025d4      0x11f ./Core/Src/main.o
 .debug_macro   0x00000000000026f3    0x15e58 ./Core/Src/main.o
 .debug_macro   0x000000000001854b       0x6d ./Core/Src/main.o
 .debug_macro   0x00000000000185b8     0x3666 ./Core/Src/main.o
 .debug_macro   0x000000000001bc1e      0x174 ./Core/Src/main.o
 .debug_macro   0x000000000001bd92       0x5c ./Core/Src/main.o
 .debug_macro   0x000000000001bdee      0x96b ./Core/Src/main.o
 .debug_macro   0x000000000001c759      0x9fe ./Core/Src/main.o
 .debug_macro   0x000000000001d157      0x116 ./Core/Src/main.o
 .debug_macro   0x000000000001d26d      0x13e ./Core/Src/main.o
 .debug_macro   0x000000000001d3ab       0xa5 ./Core/Src/main.o
 .debug_macro   0x000000000001d450      0x174 ./Core/Src/main.o
 .debug_macro   0x000000000001d5c4      0x287 ./Core/Src/main.o
 .debug_macro   0x000000000001d84b       0x5f ./Core/Src/main.o
 .debug_macro   0x000000000001d8aa      0x236 ./Core/Src/main.o
 .debug_macro   0x000000000001dae0      0x12c ./Core/Src/main.o
 .debug_macro   0x000000000001dc0c      0x21e ./Core/Src/main.o
 .debug_macro   0x000000000001de2a       0x2e ./Core/Src/main.o
 .debug_macro   0x000000000001de58      0x11a ./Core/Src/main.o
 .debug_macro   0x000000000001df72       0x7e ./Core/Src/main.o
 .debug_macro   0x000000000001dff0       0x89 ./Core/Src/main.o
 .debug_macro   0x000000000001e079      0x225 ./Core/Src/main.o
 .debug_macro   0x000000000001e29e      0x8d1 ./Core/Src/main.o
 .debug_macro   0x000000000001eb6f       0x47 ./Core/Src/main.o
 .debug_macro   0x000000000001ebb6      0x12d ./Core/Src/main.o
 .debug_macro   0x000000000001ece3      0x178 ./Core/Src/main.o
 .debug_macro   0x000000000001ee5b      0x106 ./Core/Src/main.o
 .debug_macro   0x000000000001ef61      0x15a ./Core/Src/main.o
 .debug_macro   0x000000000001f0bb       0xe4 ./Core/Src/main.o
 .debug_macro   0x000000000001f19f       0x1c ./Core/Src/main.o
 .debug_macro   0x000000000001f1bb       0x26 ./Core/Src/main.o
 .debug_macro   0x000000000001f1e1      0x4d3 ./Core/Src/main.o
 .debug_macro   0x000000000001f6b4       0xb5 ./Core/Src/main.o
 .debug_macro   0x000000000001f769       0xaa ./Core/Src/main.o
 .debug_macro   0x000000000001f813       0x80 ./Core/Src/main.o
 .debug_macro   0x000000000001f893       0x7e ./Core/Src/main.o
 .debug_macro   0x000000000001f911      0x1dd ./Core/Src/stm32f4xx_hal_msp.o
 .debug_macro   0x000000000001faee      0x1ce ./Core/Src/stm32f4xx_hal_timebase_tim.o
 .debug_macro   0x000000000001fcbc      0x1e7 ./Core/Src/stm32f4xx_it.o
 .debug_macro   0x000000000001fea3      0x1ce ./Core/Src/system_stm32f4xx.o
 .debug_macro   0x0000000000020071      0x22e ./Drivers/STM32F4xx_HAL_Driver/Src/stm32f4xx_hal.o
 .debug_macro   0x000000000002029f      0x1ce ./Drivers/STM32F4xx_HAL_Driver/Src/stm32f4xx_hal_cortex.o
 .debug_macro   0x000000000002046d      0x1d4 ./Drivers/STM32F4xx_HAL_Driver/Src/stm32f4xx_hal_gpio.o
 .debug_macro   0x0000000000020641      0x1f2 ./Drivers/STM32F4xx_HAL_Driver/Src/stm32f4xx_hal_rcc.o
 .debug_macro   0x0000000000020833      0x1dd ./Drivers/STM32F4xx_HAL_Driver/Src/stm32f4xx_hal_spi.o
 .debug_macro   0x0000000000020a10      0x1cf ./Drivers/STM32F4xx_HAL_Driver/Src/stm32f4xx_hal_tim.o
 .debug_macro   0x0000000000020bdf      0x1ce ./Drivers/STM32F4xx_HAL_Driver/Src/stm32f4xx_hal_tim_ex.o
 .debug_macro   0x0000000000020dad      0x187 ./FreeRTOS/list.o
 .debug_macro   0x0000000000020f34      0x216 ./FreeRTOS/queue.o
 .debug_macro   0x000000000002114a       0x16 ./FreeRTOS/queue.o
 .debug_macro   0x0000000000021160       0x20 ./FreeRTOS/queue.o
 .debug_macro   0x0000000000021180      0x279 ./FreeRTOS/tasks.o
 .debug_macro   0x00000000000213f9       0x10 ./FreeRTOS/tasks.o
 .debug_macro   0x0000000000021409      0x1dc ./FreeRTOS/timers.o
 .debug_macro   0x00000000000215e5       0x97 ./FreeRTOS/timers.o
 .debug_macro   0x000000000002167c      0x196 ./FreeRTOS/portable/ARM_CM4F/port.o
 .debug_macro   0x0000000000021812      0x1ae ./FreeRTOS/portable/MemMang/heap_4.o

.debug_line     0x0000000000000000    0x116f1
 .debug_line    0x0000000000000000      0xa9c ./Core/Src/main.o
 .debug_line    0x0000000000000a9c      0x712 ./Core/Src/stm32f4xx_hal_msp.o
 .debug_line    0x00000000000011ae      0x725 ./Core/Src/stm32f4xx_hal_timebase_tim.o
 .debug_line    0x00000000000018d3      0x77a ./Core/Src/stm32f4xx_it.o
 .debug_line    0x000000000000204d      0x747 ./Core/Src/system_stm32f4xx.o
 .debug_line    0x0000000000002794       0x88 ./Core/Startup/startup_stm32f407vgtx.o
 .debug_line    0x000000000000281c      0x9ad ./Drivers/STM32F4xx_HAL_Driver/Src/stm32f4xx_hal.o
 .debug_line    0x00000000000031c9      0xc5c ./Drivers/STM32F4xx_HAL_Driver/Src/stm32f4xx_hal_cortex.o
 .debug_line    0x0000000000003e25      0xb23 ./Drivers/STM32F4xx_HAL_Driver/Src/stm32f4xx_hal_gpio.o
 .debug_line    0x0000000000004948      0xd29 ./Drivers/STM32F4xx_HAL_Driver/Src/stm32f4xx_hal_rcc.o
 .debug_line    0x0000000000005671     0x1c35 ./Drivers/STM32F4xx_HAL_Driver/Src/stm32f4xx_hal_spi.o
 .debug_line    0x00000000000072a6     0x36a1 ./Drivers/STM32F4xx_HAL_Driver/Src/stm32f4xx_hal_tim.o
 .debug_line    0x000000000000a947     0x19aa ./Drivers/STM32F4xx_HAL_Driver/Src/stm32f4xx_hal_tim_ex.o
 .debug_line    0x000000000000c2f1      0x702 ./FreeRTOS/list.o
 .debug_line    0x000000000000c9f3     0x1512 ./FreeRTOS/queue.o
 .debug_line    0x000000000000df05     0x1b28 ./FreeRTOS/tasks.o
 .debug_line    0x000000000000fa2d      0xc1d ./FreeRTOS/timers.o
 .debug_line    0x000000000001064a      0x7e3 ./FreeRTOS/portable/ARM_CM4F/port.o
 .debug_line    0x0000000000010e2d      0x8c4 ./FreeRTOS/portable/MemMang/heap_4.o

.debug_str      0x0000000000000000    0xd1c75
 .debug_str     0x0000000000000000    0xc8e04 ./Core/Src/main.o
                                      0xc91ed (size before relaxing)
 .debug_str     0x00000000000c8e04       0x53 ./Core/Src/stm32f4xx_hal_msp.o
                                      0xc396c (size before relaxing)
 .debug_str     0x00000000000c8e57       0xaa ./Core/Src/stm32f4xx_hal_timebase_tim.o
                                      0xc3993 (size before relaxing)
 .debug_str     0x00000000000c8f01       0xb3 ./Core/Src/stm32f4xx_it.o
                                      0xc3960 (size before relaxing)
 .debug_str     0x00000000000c8fb4       0xaf ./Core/Src/system_stm32f4xx.o
                                      0xc2f06 (size before relaxing)
 .debug_str     0x00000000000c9063       0x36 ./Core/Startup/startup_stm32f407vgtx.o
                                         0x71 (size before relaxing)
 .debug_str     0x00000000000c9099      0x538 ./Drivers/STM32F4xx_HAL_Driver/Src/stm32f4xx_hal.o
                                      0xc39e8 (size before relaxing)
 .debug_str     0x00000000000c95d1      0x392 ./Drivers/STM32F4xx_HAL_Driver/Src/stm32f4xx_hal_cortex.o
                                      0xc37d7 (size before relaxing)
 .debug_str     0x00000000000c9963      0x148 ./Drivers/STM32F4xx_HAL_Driver/Src/stm32f4xx_hal_gpio.o
                                      0xc30ad (size before relaxing)
 .debug_str     0x00000000000c9aab      0x24f ./Drivers/STM32F4xx_HAL_Driver/Src/stm32f4xx_hal_rcc.o
                                      0xc3308 (size before relaxing)
 .debug_str     0x00000000000c9cfa      0x57a ./Drivers/STM32F4xx_HAL_Driver/Src/stm32f4xx_hal_spi.o
                                      0xc37aa (size before relaxing)
 .debug_str     0x00000000000ca274      0xe47 ./Drivers/STM32F4xx_HAL_Driver/Src/stm32f4xx_hal_tim.o
                                      0xc4235 (size before relaxing)
 .debug_str     0x00000000000cb0bb      0x538 ./Drivers/STM32F4xx_HAL_Driver/Src/stm32f4xx_hal_tim_ex.o
                                      0xc39e6 (size before relaxing)
 .debug_str     0x00000000000cb5f3     0x333d ./FreeRTOS/list.o
                                       0xab4f (size before relaxing)
 .debug_str     0x00000000000ce930      0x936 ./FreeRTOS/queue.o
                                       0xc255 (size before relaxing)
 .debug_str     0x00000000000cf266     0x1b00 ./FreeRTOS/tasks.o
                                       0xcef0 (size before relaxing)
 .debug_str     0x00000000000d0d66      0x4fd ./FreeRTOS/timers.o
                                       0xc652 (size before relaxing)
 .debug_str     0x00000000000d1263      0x7e0 ./FreeRTOS/portable/ARM_CM4F/port.o
                                       0x868a (size before relaxing)
 .debug_str     0x00000000000d1a43      0x232 ./FreeRTOS/portable/MemMang/heap_4.o
                                       0xb342 (size before relaxing)

.comment        0x0000000000000000       0x53
 .comment       0x0000000000000000       0x53 ./Core/Src/main.o
                                         0x54 (size before relaxing)
 .comment       0x0000000000000053       0x54 ./Core/Src/stm32f4xx_hal_msp.o
 .comment       0x0000000000000053       0x54 ./Core/Src/stm32f4xx_hal_timebase_tim.o
 .comment       0x0000000000000053       0x54 ./Core/Src/stm32f4xx_it.o
 .comment       0x0000000000000053       0x54 ./Core/Src/system_stm32f4xx.o
 .comment       0x0000000000000053       0x54 ./Drivers/STM32F4xx_HAL_Driver/Src/stm32f4xx_hal.o
 .comment       0x0000000000000053       0x54 ./Drivers/STM32F4xx_HAL_Driver/Src/stm32f4xx_hal_cortex.o
 .comment       0x0000000000000053       0x54 ./Drivers/STM32F4xx_HAL_Driver/Src/stm32f4xx_hal_gpio.o
 .comment       0x0000000000000053       0x54 ./Drivers/STM32F4xx_HAL_Driver/Src/stm32f4xx_hal_rcc.o
 .comment       0x0000000000000053       0x54 ./Drivers/STM32F4xx_HAL_Driver/Src/stm32f4xx_hal_spi.o
 .comment       0x0000000000000053       0x54 ./Drivers/STM32F4xx_HAL_Driver/Src/stm32f4xx_hal_tim.o
 .comment       0x0000000000000053       0x54 ./Drivers/STM32F4xx_HAL_Driver/Src/stm32f4xx_hal_tim_ex.o
 .comment       0x0000000000000053       0x54 ./FreeRTOS/list.o
 .comment       0x0000000000000053       0x54 ./FreeRTOS/queue.o
 .comment       0x0000000000000053       0x54 ./FreeRTOS/tasks.o
 .comment       0x0000000000000053       0x54 ./FreeRTOS/timers.o
 .comment       0x0000000000000053       0x54 ./FreeRTOS/portable/ARM_CM4F/port.o
 .comment       0x0000000000000053       0x54 ./FreeRTOS/portable/MemMang/heap_4.o

.debug_frame    0x0000000000000000     0x4454
 .debug_frame   0x0000000000000000      0x178 ./Core/Src/main.o
 .debug_frame   0x0000000000000178       0x80 ./Core/Src/stm32f4xx_hal_msp.o
 .debug_frame   0x00000000000001f8       0x74 ./Core/Src/stm32f4xx_hal_timebase_tim.o
 .debug_frame   0x000000000000026c       0xe0 ./Core/Src/stm32f4xx_it.o
 .debug_frame   0x000000000000034c       0x58 ./Core/Src/system_stm32f4xx.o
 .debug_frame   0x00000000000003a4      0x374 ./Drivers/STM32F4xx_HAL_Driver/Src/stm32f4xx_hal.o
 .debug_frame   0x0000000000000718      0x498 ./Drivers/STM32F4xx_HAL_Driver/Src/stm32f4xx_hal_cortex.o
 .debug_frame   0x0000000000000bb0      0x14c ./Drivers/STM32F4xx_HAL_Driver/Src/stm32f4xx_hal_gpio.o
 .debug_frame   0x0000000000000cfc      0x1f0 ./Drivers/STM32F4xx_HAL_Driver/Src/stm32f4xx_hal_rcc.o
 .debug_frame   0x0000000000000eec      0x824 ./Drivers/STM32F4xx_HAL_Driver/Src/stm32f4xx_hal_spi.o
 .debug_frame   0x0000000000001710     0x11c4 ./Drivers/STM32F4xx_HAL_Driver/Src/stm32f4xx_hal_tim.o
 .debug_frame   0x00000000000028d4      0x638 ./Drivers/STM32F4xx_HAL_Driver/Src/stm32f4xx_hal_tim_ex.o
 .debug_frame   0x0000000000002f0c       0xd8 ./FreeRTOS/list.o
 .debug_frame   0x0000000000002fe4      0x530 ./FreeRTOS/queue.o
 .debug_frame   0x0000000000003514      0x854 ./FreeRTOS/tasks.o
 .debug_frame   0x0000000000003d68      0x368 ./FreeRTOS/timers.o
 .debug_frame   0x00000000000040d0      0x1a8 ./FreeRTOS/portable/ARM_CM4F/port.o
 .debug_frame   0x0000000000004278      0x108 ./FreeRTOS/portable/MemMang/heap_4.o
 .debug_frame   0x0000000000004380       0x2c c:/st/stm32cubeide_1.8.0/stm32cubeide/plugins/com.st.stm32cube.ide.mcu.externaltools.gnu-tools-for-stm32.9-2020-q2-update.win32_2.0.0.202105311346/tools/bin/../lib/gcc/arm-none-eabi/9.3.1/../../../../arm-none-eabi/lib/thumb/v7e-m+fp/hard\libc_nano.a(lib_a-init.o)
 .debug_frame   0x00000000000043ac       0x28 c:/st/stm32cubeide_1.8.0/stm32cubeide/plugins/com.st.stm32cube.ide.mcu.externaltools.gnu-tools-for-stm32.9-2020-q2-update.win32_2.0.0.202105311346/tools/bin/../lib/gcc/arm-none-eabi/9.3.1/../../../../arm-none-eabi/lib/thumb/v7e-m+fp/hard\libc_nano.a(lib_a-memcpy-stub.o)
 .debug_frame   0x00000000000043d4       0x20 c:/st/stm32cubeide_1.8.0/stm32cubeide/plugins/com.st.stm32cube.ide.mcu.externaltools.gnu-tools-for-stm32.9-2020-q2-update.win32_2.0.0.202105311346/tools/bin/../lib/gcc/arm-none-eabi/9.3.1/../../../../arm-none-eabi/lib/thumb/v7e-m+fp/hard\libc_nano.a(lib_a-memset.o)
 .debug_frame   0x00000000000043f4       0x2c c:/st/stm32cubeide_1.8.0/stm32cubeide/plugins/com.st.stm32cube.ide.mcu.externaltools.gnu-tools-for-stm32.9-2020-q2-update.win32_2.0.0.202105311346/tools/bin/../lib/gcc/arm-none-eabi/9.3.1/thumb/v7e-m+fp/hard\libgcc.a(_aeabi_uldivmod.o)
 .debug_frame   0x0000000000004420       0x34 c:/st/stm32cubeide_1.8.0/stm32cubeide/plugins/com.st.stm32cube.ide.mcu.externaltools.gnu-tools-for-stm32.9-2020-q2-update.win32_2.0.0.202105311346/tools/bin/../lib/gcc/arm-none-eabi/9.3.1/thumb/v7e-m+fp/hard\libgcc.a(_udivmoddi4.o)
