Archive member included to satisfy reference by file (symbol)

c:/st/stm32cubeide_1.8.0/stm32cubeide/plugins/com.st.stm32cube.ide.mcu.externaltools.gnu-tools-for-stm32.9-2020-q2-update.win32_2.0.0.202105311346/tools/bin/../lib/gcc/arm-none-eabi/9.3.1/../../../../arm-none-eabi/lib/thumb/v7e-m+fp/hard\libc_nano.a(lib_a-errno.o)
                              ./Core/Src/syscalls.o (__errno)
c:/st/stm32cubeide_1.8.0/stm32cubeide/plugins/com.st.stm32cube.ide.mcu.externaltools.gnu-tools-for-stm32.9-2020-q2-update.win32_2.0.0.202105311346/tools/bin/../lib/gcc/arm-none-eabi/9.3.1/../../../../arm-none-eabi/lib/thumb/v7e-m+fp/hard\libc_nano.a(lib_a-exit.o)
                              c:/st/stm32cubeide_1.8.0/stm32cubeide/plugins/com.st.stm32cube.ide.mcu.externaltools.gnu-tools-for-stm32.9-2020-q2-update.win32_2.0.0.202105311346/tools/bin/../lib/gcc/arm-none-eabi/9.3.1/../../../../arm-none-eabi/lib/thumb/v7e-m+fp/hard/crt0.o (exit)
c:/st/stm32cubeide_1.8.0/stm32cubeide/plugins/com.st.stm32cube.ide.mcu.externaltools.gnu-tools-for-stm32.9-2020-q2-update.win32_2.0.0.202105311346/tools/bin/../lib/gcc/arm-none-eabi/9.3.1/../../../../arm-none-eabi/lib/thumb/v7e-m+fp/hard\libc_nano.a(lib_a-impure.o)
                              c:/st/stm32cubeide_1.8.0/stm32cubeide/plugins/com.st.stm32cube.ide.mcu.externaltools.gnu-tools-for-stm32.9-2020-q2-update.win32_2.0.0.202105311346/tools/bin/../lib/gcc/arm-none-eabi/9.3.1/../../../../arm-none-eabi/lib/thumb/v7e-m+fp/hard\libc_nano.a(lib_a-exit.o) (_global_impure_ptr)
c:/st/stm32cubeide_1.8.0/stm32cubeide/plugins/com.st.stm32cube.ide.mcu.externaltools.gnu-tools-for-stm32.9-2020-q2-update.win32_2.0.0.202105311346/tools/bin/../lib/gcc/arm-none-eabi/9.3.1/../../../../arm-none-eabi/lib/thumb/v7e-m+fp/hard\libc_nano.a(lib_a-init.o)
                              c:/st/stm32cubeide_1.8.0/stm32cubeide/plugins/com.st.stm32cube.ide.mcu.externaltools.gnu-tools-for-stm32.9-2020-q2-update.win32_2.0.0.202105311346/tools/bin/../lib/gcc/arm-none-eabi/9.3.1/../../../../arm-none-eabi/lib/thumb/v7e-m+fp/hard/crt0.o (__libc_init_array)
c:/st/stm32cubeide_1.8.0/stm32cubeide/plugins/com.st.stm32cube.ide.mcu.externaltools.gnu-tools-for-stm32.9-2020-q2-update.win32_2.0.0.202105311346/tools/bin/../lib/gcc/arm-none-eabi/9.3.1/../../../../arm-none-eabi/lib/thumb/v7e-m+fp/hard\libc_nano.a(lib_a-memcmp.o)
                              ./Core/Src/fops.o (memcmp)
c:/st/stm32cubeide_1.8.0/stm32cubeide/plugins/com.st.stm32cube.ide.mcu.externaltools.gnu-tools-for-stm32.9-2020-q2-update.win32_2.0.0.202105311346/tools/bin/../lib/gcc/arm-none-eabi/9.3.1/../../../../arm-none-eabi/lib/thumb/v7e-m+fp/hard\libc_nano.a(lib_a-memcpy-stub.o)
                              ./FreeRTOS/queue.o (memcpy)
c:/st/stm32cubeide_1.8.0/stm32cubeide/plugins/com.st.stm32cube.ide.mcu.externaltools.gnu-tools-for-stm32.9-2020-q2-update.win32_2.0.0.202105311346/tools/bin/../lib/gcc/arm-none-eabi/9.3.1/../../../../arm-none-eabi/lib/thumb/v7e-m+fp/hard\libc_nano.a(lib_a-memset.o)
                              c:/st/stm32cubeide_1.8.0/stm32cubeide/plugins/com.st.stm32cube.ide.mcu.externaltools.gnu-tools-for-stm32.9-2020-q2-update.win32_2.0.0.202105311346/tools/bin/../lib/gcc/arm-none-eabi/9.3.1/../../../../arm-none-eabi/lib/thumb/v7e-m+fp/hard/crt0.o (memset)
c:/st/stm32cubeide_1.8.0/stm32cubeide/plugins/com.st.stm32cube.ide.mcu.externaltools.gnu-tools-for-stm32.9-2020-q2-update.win32_2.0.0.202105311346/tools/bin/../lib/gcc/arm-none-eabi/9.3.1/../../../../arm-none-eabi/lib/thumb/v7e-m+fp/hard\libc_nano.a(lib_a-nano-vfprintf_float.o)
                              (_printf_float)
c:/st/stm32cubeide_1.8.0/stm32cubeide/plugins/com.st.stm32cube.ide.mcu.externaltools.gnu-tools-for-stm32.9-2020-q2-update.win32_2.0.0.202105311346/tools/bin/../lib/gcc/arm-none-eabi/9.3.1/../../../../arm-none-eabi/lib/thumb/v7e-m+fp/hard\libc_nano.a(lib_a-nano-vfprintf_i.o)
                              c:/st/stm32cubeide_1.8.0/stm32cubeide/plugins/com.st.stm32cube.ide.mcu.externaltools.gnu-tools-for-stm32.9-2020-q2-update.win32_2.0.0.202105311346/tools/bin/../lib/gcc/arm-none-eabi/9.3.1/../../../../arm-none-eabi/lib/thumb/v7e-m+fp/hard\libc_nano.a(lib_a-nano-vfprintf_float.o) (_printf_common)
c:/st/stm32cubeide_1.8.0/stm32cubeide/plugins/com.st.stm32cube.ide.mcu.externaltools.gnu-tools-for-stm32.9-2020-q2-update.win32_2.0.0.202105311346/tools/bin/../lib/gcc/arm-none-eabi/9.3.1/../../../../arm-none-eabi/lib/thumb/v7e-m+fp/hard\libc_nano.a(lib_a-nano-vfscanf_float.o)
                              (_scanf_float)
c:/st/stm32cubeide_1.8.0/stm32cubeide/plugins/com.st.stm32cube.ide.mcu.externaltools.gnu-tools-for-stm32.9-2020-q2-update.win32_2.0.0.202105311346/tools/bin/../lib/gcc/arm-none-eabi/9.3.1/../../../../arm-none-eabi/lib/thumb/v7e-m+fp/hard\libc_nano.a(lib_a-printf.o)
                              ./Core/Src/fatfs.o (printf)
[...]
Memory Configuration

Name             Origin             Length             Attributes
CCMRAM           0x0000000010000000 0x0000000000010000 xrw
RAM              0x0000000020000000 0x0000000000020000 xrw
FLASH            0x0000000008000000 0x0000000000100000 xr
*default*        0x0000000000000000 0xffffffffffffffff

Linker script and memory map

LOAD c:/st/stm32cubeide_1.8.0/stm32cubeide/plugins/com.st.stm32cube.ide.mcu.externaltools.gnu-tools-for-stm32.9-2020-q2-update.win32_2.0.0.202105311346/tools/bin/../lib/gcc/arm-none-eabi/9.3.1/thumb/v7e-m+fp/hard/crti.o
LOAD c:/st/stm32cubeide_1.8.0/stm32cubeide/plugins/com.st.stm32cube.ide.mcu.externaltools.gnu-tools-for-stm32.9-2020-q2-update.win32_2.0.0.202105311346/tools/bin/../lib/gcc/arm-none-eabi/9.3.1/thumb/v7e-m+fp/hard/crtbegin.o
LOAD c:/st/stm32cubeide_1.8.0/stm32cubeide/plugins/com.st.stm32cube.ide.mcu.externaltools.gnu-tools-for-stm32.9-2020-q2-update.win32_2.0.0.202105311346/tools/bin/../lib/gcc/arm-none-eabi/9.3.1/../../../../arm-none-eabi/lib/thumb/v7e-m+fp/hard/crt0.o
LOAD ./Core/Src/AUDIO.o
LOAD ./Core/Src/AUDIO_LINK.o
LOAD ./Core/Src/File_Handling.o
LOAD ./Core/Src/cs43l22.o
LOAD ./Core/Src/diskio.o
LOAD ./Core/Src/fatfs.o
LOAD ./Core/Src/ff.o
LOAD ./Core/Src/ff_gen_drv.o
LOAD ./Core/Src/fops.o
LOAD ./Core/Src/main.o
LOAD ./Core/Src/mmc_sd.o
LOAD ./Core/Src/stm32f4xx_hal_msp.o
LOAD ./Core/Src/stm32f4xx_hal_timebase_tim.o
LOAD ./Core/Src/stm32f4xx_it.o
LOAD ./Core/Src/syscalls.o
LOAD ./Core/Src/sysmem.o
LOAD ./Core/Src/system_stm32f4xx.o
LOAD ./Core/Src/user_diskio.o
LOAD ./Core/Src/waveplayer.o
LOAD ./Core/Startup/startup_stm32f407vgtx.o
LOAD ./Drivers/STM32F4xx_HAL_Driver/Src/stm32f4xx_hal.o
LOAD ./Drivers/STM32F4xx_HAL_Driver/Src/stm32f4xx_hal_cortex.o
LOAD ./Drivers/STM32F4xx_HAL_Driver/Src/stm32f4xx_hal_dma.o
LOAD ./Drivers/STM32F4xx_HAL_Driver/Src/stm32f4xx_hal_dma_ex.o
LOAD ./Drivers/STM32F4xx_HAL_Driver/Src/stm32f4xx_hal_exti.o
LOAD ./Drivers/STM32F4xx_HAL_Driver/Src/stm32f4xx_hal_flash.o
LOAD ./Drivers/STM32F4xx_HAL_Driver/Src/stm32f4xx_hal_flash_ex.o
LOAD ./Drivers/STM32F4xx_HAL_Driver/Src/stm32f4xx_hal_flash_ramfunc.o
LOAD ./Drivers/STM32F4xx_HAL_Driver/Src/stm32f4xx_hal_gpio.o
LOAD ./Drivers/STM32F4xx_HAL_Driver/Src/stm32f4xx_hal_i2c.o
LOAD ./Drivers/STM32F4xx_HAL_Driver/Src/stm32f4xx_hal_i2c_ex.o
LOAD ./Drivers/STM32F4xx_HAL_Driver/Src/stm32f4xx_hal_i2s.o
LOAD ./Drivers/STM32F4xx_HAL_Driver/Src/stm32f4xx_hal_i2s_ex.o
LOAD ./Drivers/STM32F4xx_HAL_Driver/Src/stm32f4xx_hal_pwr.o
LOAD ./Drivers/STM32F4xx_HAL_Driver/Src/stm32f4xx_hal_pwr_ex.o
LOAD ./Drivers/STM32F4xx_HAL_Driver/Src/stm32f4xx_hal_rcc.o
LOAD ./Drivers/STM32F4xx_HAL_Driver/Src/stm32f4xx_hal_rcc_ex.o
LOAD ./Drivers/STM32F4xx_HAL_Driver/Src/stm32f4xx_hal_spi.o
LOAD ./Drivers/STM32F4xx_HAL_Driver/Src/stm32f4xx_hal_tim.o
LOAD ./Drivers/STM32F4xx_HAL_Driver/Src/stm32f4xx_hal_tim_ex.o
LOAD ./Drivers/STM32F4xx_HAL_Driver/Src/stm32f4xx_hal_uart.o
LOAD ./FreeRTOS/MemMang/heap_4.o
LOAD ./FreeRTOS/croutine.o
LOAD ./FreeRTOS/event_groups.o
LOAD ./FreeRTOS/list.o
LOAD ./FreeRTOS/queue.o
LOAD ./FreeRTOS/stream_buffer.o
LOAD ./FreeRTOS/tasks.o
LOAD ./FreeRTOS/timers.o
LOAD ./FreeRTOS/portable/ARM_CM4F/port.o
START GROUP
LOAD c:/st/stm32cubeide_1.8.0/stm32cubeide/plugins/com.st.stm32cube.ide.mcu.externaltools.gnu-tools-for-stm32.9-2020-q2-update.win32_2.0.0.202105311346/tools/bin/../lib/gcc/arm-none-eabi/9.3.1/../../../../arm-none-eabi/lib/thumb/v7e-m+fp/hard\libc_nano.a
LOAD c:/st/stm32cubeide_1.8.0/stm32cubeide/plugins/com.st.stm32cube.ide.mcu.externaltools.gnu-tools-for-stm32.9-2020-q2-update.win32_2.0.0.202105311346/tools/bin/../lib/gcc/arm-none-eabi/9.3.1/../../../../arm-none-eabi/lib/thumb/v7e-m+fp/hard\libm.a
END GROUP
START GROUP
LOAD c:/st/stm32cubeide_1.8.0/stm32cubeide/plugins/com.st.stm32cube.ide.mcu.externaltools.gnu-tools-for-stm32.9-2020-q2-update.win32_2.0.0.202105311346/tools/bin/../lib/gcc/arm-none-eabi/9.3.1/thumb/v7e-m+fp/hard\libgcc.a
LOAD c:/st/stm32cubeide_1.8.0/stm32cubeide/plugins/com.st.stm32cube.ide.mcu.externaltools.gnu-tools-for-stm32.9-2020-q2-update.win32_2.0.0.202105311346/tools/bin/../lib/gcc/arm-none-eabi/9.3.1/../../../../arm-none-eabi/lib/thumb/v7e-m+fp/hard\libc_nano.a
END GROUP
START GROUP
LOAD c:/st/stm32cubeide_1.8.0/stm32cubeide/plugins/com.st.stm32cube.ide.mcu.externaltools.gnu-tools-for-stm32.9-2020-q2-update.win32_2.0.0.202105311346/tools/bin/../lib/gcc/arm-none-eabi/9.3.1/thumb/v7e-m+fp/hard\libgcc.a
LOAD c:/st/stm32cubeide_1.8.0/stm32cubeide/plugins/com.st.stm32cube.ide.mcu.externaltools.gnu-tools-for-stm32.9-2020-q2-update.win32_2.0.0.202105311346/tools/bin/../lib/gcc/arm-none-eabi/9.3.1/../../../../arm-none-eabi/lib/thumb/v7e-m+fp/hard\libc_nano.a
LOAD c:/st/stm32cubeide_1.8.0/stm32cubeide/plugins/com.st.stm32cube.ide.mcu.externaltools.gnu-tools-for-stm32.9-2020-q2-update.win32_2.0.0.202105311346/tools/bin/../lib/gcc/arm-none-eabi/9.3.1/../../../../arm-none-eabi/lib/thumb/v7e-m+fp/hard\libnosys.a
END GROUP
START GROUP
LOAD c:/st/stm32cubeide_1.8.0/stm32cubeide/plugins/com.st.stm32cube.ide.mcu.externaltools.gnu-tools-for-stm32.9-2020-q2-update.win32_2.0.0.202105311346/tools/bin/../lib/gcc/arm-none-eabi/9.3.1/thumb/v7e-m+fp/hard\libgcc.a
LOAD c:/st/stm32cubeide_1.8.0/stm32cubeide/plugins/com.st.stm32cube.ide.mcu.externaltools.gnu-tools-for-stm32.9-2020-q2-update.win32_2.0.0.202105311346/tools/bin/../lib/gcc/arm-none-eabi/9.3.1/../../../../arm-none-eabi/lib/thumb/v7e-m+fp/hard\libc_nano.a
LOAD c:/st/stm32cubeide_1.8.0/stm32cubeide/plugins/com.st.stm32cube.ide.mcu.externaltools.gnu-tools-for-stm32.9-2020-q2-update.win32_2.0.0.202105311346/tools/bin/../lib/gcc/arm-none-eabi/9.3.1/../../../../arm-none-eabi/lib/thumb/v7e-m+fp/hard\libnosys.a
END GROUP
LOAD c:/st/stm32cubeide_1.8.0/stm32cubeide/plugins/com.st.stm32cube.ide.mcu.externaltools.gnu-tools-for-stm32.9-2020-q2-update.win32_2.0.0.202105311346/tools/bin/../lib/gcc/arm-none-eabi/9.3.1/thumb/v7e-m+fp/hard/crtend.o
LOAD c:/st/stm32cubeide_1.8.0/stm32cubeide/plugins/com.st.stm32cube.ide.mcu.externaltools.gnu-tools-for-stm32.9-2020-q2-update.win32_2.0.0.202105311346/tools/bin/../lib/gcc/arm-none-eabi/9.3.1/thumb/v7e-m+fp/hard/crtn.o
                0x0000000020020000                _estack = (ORIGIN (RAM) + LENGTH (RAM))
                0x0000000000000200                _Min_Heap_Size = 0x200
                0x0000000000000400                _Min_Stack_Size = 0x400

.isr_vector     0x0000000008000000      0x188
                0x0000000008000000                . = ALIGN (0x4)
 *(.isr_vector)
 .isr_vector    0x0000000008000000      0x188 ./Core/Startup/startup_stm32f407vgtx.o
                0x0000000008000000                g_pfnVectors
                0x0000000008000188                . = ALIGN (0x4)

.text           0x0000000008000190    0x12ecc
                0x0000000008000190                . = ALIGN (0x4)
 *(.text)
 .text          0x0000000008000190       0x40 c:/st/stm32cubeide_1.8.0/stm32cubeide/plugins/com.st.stm32cube.ide.mcu.externaltools.gnu-tools-for-stm32.9-2020-q2-update.win32_2.0.0.202105311346/tools/bin/../lib/gcc/arm-none-eabi/9.3.1/thumb/v7e-m+fp/hard/crtbegin.o
 .text          0x00000000080001d0       0x10 c:/st/stm32cubeide_1.8.0/stm32cubeide/plugins/com.st.stm32cube.ide.mcu.externaltools.gnu-tools-for-stm32.9-2020-q2-update.win32_2.0.0.202105311346/tools/bin/../lib/gcc/arm-none-eabi/9.3.1/../../../../arm-none-eabi/lib/thumb/v7e-m+fp/hard\libc_nano.a(lib_a-strlen.o)
                0x00000000080001d0                strlen
 .text          0x00000000080001e0       0xa0 c:/st/stm32cubeide_1.8.0/stm32cubeide/plugins/com.st.stm32cube.ide.mcu.externaltools.gnu-tools-for-stm32.9-2020-q2-update.win32_2.0.0.202105311346/tools/bin/../lib/gcc/arm-none-eabi/9.3.1/../../../../arm-none-eabi/lib/thumb/v7e-m+fp/hard\libc_nano.a(lib_a-memchr.o)
                0x00000000080001e0                memchr
 .text          0x0000000008000280      0x378 c:/st/stm32cubeide_1.8.0/stm32cubeide/plugins/com.st.stm32cube.ide.mcu.externaltools.gnu-tools-for-stm32.9-2020-q2-update.win32_2.0.0.202105311346/tools/bin/../lib/gcc/arm-none-eabi/9.3.1/thumb/v7e-m+fp/hard\libgcc.a(_arm_addsubdf3.o)
                0x0000000008000280                __aeabi_drsub
                0x0000000008000288                __aeabi_dsub
                0x0000000008000288                __subdf3
                0x000000000800028c                __aeabi_dadd
                0x000000000800028c                __adddf3
                0x0000000008000504                __floatunsidf
                0x0000000008000504                __aeabi_ui2d
                0x0000000008000524                __floatsidf
                0x0000000008000524                __aeabi_i2d
                0x0000000008000548                __aeabi_f2d
                0x0000000008000548                __extendsfdf2
                0x000000000800058c                __floatundidf
                0x000000000800058c                __aeabi_ul2d
                0x000000000800059c                __floatdidf
                0x000000000800059c                __aeabi_l2d
 .text          0x00000000080005f8      0x424 c:/st/stm32cubeide_1.8.0/stm32cubeide/plugins/com.st.stm32cube.ide.mcu.externaltools.gnu-tools-for-stm32.9-2020-q2-update.win32_2.0.0.202105311346/tools/bin/../lib/gcc/arm-none-eabi/9.3.1/thumb/v7e-m+fp/hard\libgcc.a(_arm_muldivdf3.o)
                0x00000000080005f8                __aeabi_dmul
                0x00000000080005f8                __muldf3
                0x000000000800084c                __divdf3
                0x000000000800084c                __aeabi_ddiv
 .text          0x0000000008000a1c      0x110 c:/st/stm32cubeide_1.8.0/stm32cubeide/plugins/com.st.stm32cube.ide.mcu.externaltools.gnu-tools-for-stm32.9-2020-q2-update.win32_2.0.0.202105311346/tools/bin/../lib/gcc/arm-none-eabi/9.3.1/thumb/v7e-m+fp/hard\libgcc.a(_arm_cmpdf2.o)
                0x0000000008000a1c                __gtdf2
                0x0000000008000a1c                __gedf2
                0x0000000008000a24                __ltdf2
                0x0000000008000a24                __ledf2
                0x0000000008000a2c                __nedf2
                0x0000000008000a2c                __eqdf2
                0x0000000008000a2c                __cmpdf2
                0x0000000008000aa8                __aeabi_cdrcmple
                0x0000000008000ab8                __aeabi_cdcmpeq
                0x0000000008000ab8                __aeabi_cdcmple
                0x0000000008000ac8                __aeabi_dcmpeq
                0x0000000008000adc                __aeabi_dcmplt
                0x0000000008000af0                __aeabi_dcmple
                0x0000000008000b04                __aeabi_dcmpge
                0x0000000008000b18                __aeabi_dcmpgt
 .text          0x0000000008000b2c       0x2c c:/st/stm32cubeide_1.8.0/stm32cubeide/plugins/com.st.stm32cube.ide.mcu.externaltools.gnu-tools-for-stm32.9-2020-q2-update.win32_2.0.0.202105311346/tools/bin/../lib/gcc/arm-none-eabi/9.3.1/thumb/v7e-m+fp/hard\libgcc.a(_arm_unorddf2.o)
                0x0000000008000b2c                __unorddf2
                0x0000000008000b2c                __aeabi_dcmpun
 .text          0x0000000008000b58       0x50 c:/st/stm32cubeide_1.8.0/stm32cubeide/plugins/com.st.stm32cube.ide.mcu.externaltools.gnu-tools-for-stm32.9-2020-q2-update.win32_2.0.0.202105311346/tools/bin/../lib/gcc/arm-none-eabi/9.3.1/thumb/v7e-m+fp/hard\libgcc.a(_arm_fixdfsi.o)
                0x0000000008000b58                __aeabi_d2iz
                0x0000000008000b58                __fixdfsi
 .text          0x0000000008000ba8       0x40 c:/st/stm32cubeide_1.8.0/stm32cubeide/plugins/com.st.stm32cube.ide.mcu.externaltools.gnu-tools-for-stm32.9-2020-q2-update.win32_2.0.0.202105311346/tools/bin/../lib/gcc/arm-none-eabi/9.3.1/thumb/v7e-m+fp/hard\libgcc.a(_arm_fixunsdfsi.o)
                0x0000000008000ba8                __aeabi_d2uiz
                0x0000000008000ba8                __fixunsdfsi
 .text          0x0000000008000be8       0xa0 c:/st/stm32cubeide_1.8.0/stm32cubeide/plugins/com.st.stm32cube.ide.mcu.externaltools.gnu-tools-for-stm32.9-2020-q2-update.win32_2.0.0.202105311346/tools/bin/../lib/gcc/arm-none-eabi/9.3.1/thumb/v7e-m+fp/hard\libgcc.a(_arm_truncdfsf2.o)
                0x0000000008000be8                __truncdfsf2
                0x0000000008000be8                __aeabi_d2f
 .text          0x0000000008000c88       0x30 c:/st/stm32cubeide_1.8.0/stm32cubeide/plugins/com.st.stm32cube.ide.mcu.externaltools.gnu-tools-for-stm32.9-2020-q2-update.win32_2.0.0.202105311346/tools/bin/../lib/gcc/arm-none-eabi/9.3.1/thumb/v7e-m+fp/hard\libgcc.a(_aeabi_uldivmod.o)
                0x0000000008000c88                __aeabi_uldivmod
 .text          0x0000000008000cb8       0x30 c:/st/stm32cubeide_1.8.0/stm32cubeide/plugins/com.st.stm32cube.ide.mcu.externaltools.gnu-tools-for-stm32.9-2020-q2-update.win32_2.0.0.202105311346/tools/bin/../lib/gcc/arm-none-eabi/9.3.1/thumb/v7e-m+fp/hard\libgcc.a(_fixdfdi.o)
                0x0000000008000cb8                __fixdfdi
                0x0000000008000cb8                __aeabi_d2lz
 .text          0x0000000008000ce8       0x3c c:/st/stm32cubeide_1.8.0/stm32cubeide/plugins/com.st.stm32cube.ide.mcu.externaltools.gnu-tools-for-stm32.9-2020-q2-update.win32_2.0.0.202105311346/tools/bin/../lib/gcc/arm-none-eabi/9.3.1/thumb/v7e-m+fp/hard\libgcc.a(_fixunsdfdi.o)
                0x0000000008000ce8                __fixunsdfdi
                0x0000000008000ce8                __aeabi_d2ulz
 .text          0x0000000008000d24      0x2c4 c:/st/stm32cubeide_1.8.0/stm32cubeide/plugins/com.st.stm32cube.ide.mcu.externaltools.gnu-tools-for-stm32.9-2020-q2-update.win32_2.0.0.202105311346/tools/bin/../lib/gcc/arm-none-eabi/9.3.1/thumb/v7e-m+fp/hard\libgcc.a(_udivmoddi4.o)
                0x0000000008000d24                __udivmoddi4
 .text          0x0000000008000fe8        0x4 c:/st/stm32cubeide_1.8.0/stm32cubeide/plugins/com.st.stm32cube.ide.mcu.externaltools.gnu-tools-for-stm32.9-2020-q2-update.win32_2.0.0.202105311346/tools/bin/../lib/gcc/arm-none-eabi/9.3.1/thumb/v7e-m+fp/hard\libgcc.a(_dvmd_tls.o)
                0x0000000008000fe8                __aeabi_idiv0
                0x0000000008000fe8                __aeabi_ldiv0
 *(.text*)
 .text.AUDIO_OUT_Init
                0x0000000008000fec       0x9c ./Core/Src/AUDIO.o
                0x0000000008000fec                AUDIO_OUT_Init
 .text.AUDIO_OUT_Play
                0x0000000008001088       0x54 ./Core/Src/AUDIO.o
                0x0000000008001088                AUDIO_OUT_Play
 .text.AUDIO_OUT_Pause
                0x00000000080010dc       0x2c ./Core/Src/AUDIO.o
                0x00000000080010dc                AUDIO_OUT_Pause
 .text.AUDIO_OUT_Resume
                0x0000000008001108       0x2c ./Core/Src/AUDIO.o
                0x0000000008001108                AUDIO_OUT_Resume
 .text.AUDIO_OUT_Stop
                0x0000000008001134       0x50 ./Core/Src/AUDIO.o
                0x0000000008001134                AUDIO_OUT_Stop
 .text.AUDIO_OUT_SetVolume
                0x0000000008001184       0x30 ./Core/Src/AUDIO.o
                0x0000000008001184                AUDIO_OUT_SetVolume
 .text.HAL_I2S_TxCpltCallback
                0x00000000080011b4       0x24 ./Core/Src/AUDIO.o
                0x00000000080011b4                HAL_I2S_TxCpltCallback
 .text.HAL_I2S_TxHalfCpltCallback
                0x00000000080011d8       0x24 ./Core/Src/AUDIO.o
                0x00000000080011d8                HAL_I2S_TxHalfCpltCallback
 .text.AUDIO_OUT_ClockConfig
                0x00000000080011fc       0xb4 ./Core/Src/AUDIO.o
                0x00000000080011fc                AUDIO_OUT_ClockConfig
 .text.AUDIO_OUT_MspInit
                0x00000000080012b0      0x180 ./Core/Src/AUDIO.o
                0x00000000080012b0                AUDIO_OUT_MspInit
 .text.AUDIO_OUT_Error_CallBack
                0x0000000008001430        0xe ./Core/Src/AUDIO.o
                0x0000000008001430                AUDIO_OUT_Error_CallBack
 *fill*         0x000000000800143e        0x2 
 .text.I2S3_Init
                0x0000000008001440       0x70 ./Core/Src/AUDIO.o
 .text.HAL_I2S_ErrorCallback
                0x00000000080014b0       0x24 ./Core/Src/AUDIO.o
                0x00000000080014b0                HAL_I2S_ErrorCallback
 .text.I2Cx_Init
                0x00000000080014d4       0x64 ./Core/Src/AUDIO_LINK.o
 .text.I2Cx_WriteData
                0x0000000008001538       0x50 ./Core/Src/AUDIO_LINK.o
 .text.I2Cx_ReadData
                0x0000000008001588       0x58 ./Core/Src/AUDIO_LINK.o
 .text.I2Cx_Error
                0x00000000080015e0       0x18 ./Core/Src/AUDIO_LINK.o
 .text.I2Cx_MspInit
                0x00000000080015f8       0xac ./Core/Src/AUDIO_LINK.o
 .text.AUDIO_IO_Init
                0x00000000080016a4       0x70 ./Core/Src/AUDIO_LINK.o
                0x00000000080016a4                AUDIO_IO_Init
 .text.AUDIO_IO_DeInit
                0x0000000008001714        0xe ./Core/Src/AUDIO_LINK.o
                0x0000000008001714                AUDIO_IO_DeInit
 .text.AUDIO_IO_Write
                0x0000000008001722       0x28 ./Core/Src/AUDIO_LINK.o
                0x0000000008001722                AUDIO_IO_Write
 .text.AUDIO_IO_Read
                0x000000000800174a       0x28 ./Core/Src/AUDIO_LINK.o
                0x000000000800174a                AUDIO_IO_Read
 *fill*         0x0000000008001772        0x2 
 .text.AUDIO_StorageParse
                0x0000000008001774      0x118 ./Core/Src/File_Handling.o
                0x0000000008001774                AUDIO_StorageParse
 .text.AUDIO_GetWavObjectNumber
                0x000000000800188c       0x20 ./Core/Src/File_Handling.o
                0x000000000800188c                AUDIO_GetWavObjectNumber
 .text.cs43l22_Init
                0x00000000080018ac      0x1c8 ./Core/Src/cs43l22.o
                0x00000000080018ac                cs43l22_Init
 .text.cs43l22_DeInit
                0x0000000008001a74        0xc ./Core/Src/cs43l22.o
                0x0000000008001a74                cs43l22_DeInit
 .text.cs43l22_ReadID
                0x0000000008001a80       0x30 ./Core/Src/cs43l22.o
                0x0000000008001a80                cs43l22_ReadID
 .text.cs43l22_Play
                0x0000000008001ab0       0x74 ./Core/Src/cs43l22.o
                0x0000000008001ab0                cs43l22_Play
 .text.cs43l22_Pause
                0x0000000008001b24       0x42 ./Core/Src/cs43l22.o
                0x0000000008001b24                cs43l22_Pause
 *fill*         0x0000000008001b66        0x2 
 .text.cs43l22_Resume
                0x0000000008001b68       0x78 ./Core/Src/cs43l22.o
                0x0000000008001b68                cs43l22_Resume
 .text.cs43l22_Stop
                0x0000000008001be0       0x68 ./Core/Src/cs43l22.o
                0x0000000008001be0                cs43l22_Stop
 .text.cs43l22_SetVolume
                0x0000000008001c48       0xbc ./Core/Src/cs43l22.o
                0x0000000008001c48                cs43l22_SetVolume
 .text.cs43l22_SetFrequency
                0x0000000008001d04       0x1a ./Core/Src/cs43l22.o
                0x0000000008001d04                cs43l22_SetFrequency
 *fill*         0x0000000008001d1e        0x2 
 .text.cs43l22_SetMute
                0x0000000008001d20       0xbc ./Core/Src/cs43l22.o
                0x0000000008001d20                cs43l22_SetMute
 .text.cs43l22_SetOutputMode
                0x0000000008001ddc       0xe4 ./Core/Src/cs43l22.o
                0x0000000008001ddc                cs43l22_SetOutputMode
 .text.cs43l22_Reset
                0x0000000008001ec0       0x18 ./Core/Src/cs43l22.o
                0x0000000008001ec0                cs43l22_Reset
 .text.CODEC_IO_Write
                0x0000000008001ed8       0x2e ./Core/Src/cs43l22.o
 *fill*         0x0000000008001f06        0x2 
 .text.disk_status
                0x0000000008001f08       0x34 ./Core/Src/diskio.o
                0x0000000008001f08                disk_status
 .text.disk_initialize
                0x0000000008001f3c       0x4c ./Core/Src/diskio.o
                0x0000000008001f3c                disk_initialize
 .text.disk_read
                0x0000000008001f88       0x40 ./Core/Src/diskio.o
                0x0000000008001f88                disk_read
 .text.disk_write
                0x0000000008001fc8       0x40 ./Core/Src/diskio.o
                0x0000000008001fc8                disk_write
 .text.disk_ioctl
                0x0000000008002008       0x3c ./Core/Src/diskio.o
                0x0000000008002008                disk_ioctl
 .text.MX_FATFS_Init
                0x0000000008002044       0x48 ./Core/Src/fatfs.o
                0x0000000008002044                MX_FATFS_Init
 .text.ld_word  0x000000000800208c       0x30 ./Core/Src/ff.o
 .text.ld_dword
                0x00000000080020bc       0x46 ./Core/Src/ff.o
 .text.st_word  0x0000000008002102       0x36 ./Core/Src/ff.o
 .text.st_dword
                0x0000000008002138       0x58 ./Core/Src/ff.o
 .text.mem_cpy  0x0000000008002190       0x42 ./Core/Src/ff.o
 .text.mem_set  0x00000000080021d2       0x36 ./Core/Src/ff.o
 .text.mem_cmp  0x0000000008002208       0x4e ./Core/Src/ff.o
 .text.chk_chr  0x0000000008002256       0x36 ./Core/Src/ff.o
 .text.chk_lock
                0x000000000800228c       0xb8 ./Core/Src/ff.o
 .text.enq_lock
                0x0000000008002344       0x44 ./Core/Src/ff.o
 .text.inc_lock
                0x0000000008002388      0x11c ./Core/Src/ff.o
 .text.dec_lock
                0x00000000080024a4       0x78 ./Core/Src/ff.o
 .text.clear_lock
                0x000000000800251c       0x48 ./Core/Src/ff.o
 .text.sync_window
                0x0000000008002564       0x88 ./Core/Src/ff.o
 .text.move_window
                0x00000000080025ec       0x5a ./Core/Src/ff.o
 *fill*         0x0000000008002646        0x2 
 .text.sync_fs  0x0000000008002648       0xdc ./Core/Src/ff.o
 .text.clust2sect
                0x0000000008002724       0x3e ./Core/Src/ff.o
 .text.get_fat  0x0000000008002762      0x150 ./Core/Src/ff.o
 .text.put_fat  0x00000000080028b2      0x1d8 ./Core/Src/ff.o
 .text.remove_chain
                0x0000000008002a8a       0xca ./Core/Src/ff.o
 .text.create_chain
                0x0000000008002b54      0x130 ./Core/Src/ff.o
 .text.clmt_clust
                0x0000000008002c84       0x68 ./Core/Src/ff.o
 .text.dir_sdi  0x0000000008002cec       0xf6 ./Core/Src/ff.o
 .text.dir_next
                0x0000000008002de2      0x18a ./Core/Src/ff.o
 .text.dir_alloc
                0x0000000008002f6c       0x8e ./Core/Src/ff.o
 .text.ld_clust
                0x0000000008002ffa       0x3e ./Core/Src/ff.o
 .text.st_clust
                0x0000000008003038       0x40 ./Core/Src/ff.o
 .text.dir_read
                0x0000000008003078       0xba ./Core/Src/ff.o
 .text.dir_find
                0x0000000008003132       0xaa ./Core/Src/ff.o
 .text.dir_register
                0x00000000080031dc       0x64 ./Core/Src/ff.o
 .text.get_fileinfo
                0x0000000008003240       0xbe ./Core/Src/ff.o
 *fill*         0x00000000080032fe        0x2 
 .text.create_name
                0x0000000008003300      0x128 ./Core/Src/ff.o
 .text.follow_path
                0x0000000008003428       0xe2 ./Core/Src/ff.o
 .text.get_ldnumber
                0x000000000800350a       0x88 ./Core/Src/ff.o
 *fill*         0x0000000008003592        0x2 
 .text.check_fs
                0x0000000008003594       0xac ./Core/Src/ff.o
 .text.find_volume
                0x0000000008003640      0x498 ./Core/Src/ff.o
 .text.validate
                0x0000000008003ad8       0x6a ./Core/Src/ff.o
 *fill*         0x0000000008003b42        0x2 
 .text.f_mount  0x0000000008003b44       0x8c ./Core/Src/ff.o
                0x0000000008003b44                f_mount
 .text.f_open   0x0000000008003bd0      0x380 ./Core/Src/ff.o
                0x0000000008003bd0                f_open
 .text.f_read   0x0000000008003f50      0x27e ./Core/Src/ff.o
                0x0000000008003f50                f_read
 .text.f_write  0x00000000080041ce      0x2ea ./Core/Src/ff.o
                0x00000000080041ce                f_write
 .text.f_sync   0x00000000080044b8      0x100 ./Core/Src/ff.o
                0x00000000080044b8                f_sync
 .text.f_close  0x00000000080045b8       0x54 ./Core/Src/ff.o
                0x00000000080045b8                f_close
 .text.f_lseek  0x000000000800460c      0x412 ./Core/Src/ff.o
                0x000000000800460c                f_lseek
 .text.f_opendir
                0x0000000008004a1e       0xe6 ./Core/Src/ff.o
                0x0000000008004a1e                f_opendir
 .text.f_closedir
                0x0000000008004b04       0x4c ./Core/Src/ff.o
                0x0000000008004b04                f_closedir
 .text.f_readdir
                0x0000000008004b50       0x7a ./Core/Src/ff.o
                0x0000000008004b50                f_readdir
 .text.f_getfree
                0x0000000008004bca      0x16a ./Core/Src/ff.o
                0x0000000008004bca                f_getfree
 .text.FATFS_LinkDriverEx
                0x0000000008004d34       0x98 ./Core/Src/ff_gen_drv.o
                0x0000000008004d34                FATFS_LinkDriverEx
 .text.FATFS_LinkDriver
                0x0000000008004dcc       0x1e ./Core/Src/ff_gen_drv.o
                0x0000000008004dcc                FATFS_LinkDriver
 *fill*         0x0000000008004dea        0x2 
 .text.__io_putchar
                0x0000000008004dec       0x24 ./Core/Src/fops.o
                0x0000000008004dec                __io_putchar
 .text.exf_getfree
                0x0000000008004e10       0x68 ./Core/Src/fops.o
                0x0000000008004e10                exf_getfree
 .text.exf_mount
                0x0000000008004e78       0x3c ./Core/Src/fops.o
                0x0000000008004e78                exf_mount
 .text.exf_open
                0x0000000008004eb4       0x30 ./Core/Src/fops.o
                0x0000000008004eb4                exf_open
 .text.exf_write
                0x0000000008004ee4       0x38 ./Core/Src/fops.o
                0x0000000008004ee4                exf_write
 .text.exf_read
                0x0000000008004f1c       0x38 ./Core/Src/fops.o
                0x0000000008004f1c                exf_read
 .text.exf_lseek
                0x0000000008004f54       0x28 ./Core/Src/fops.o
                0x0000000008004f54                exf_lseek
 .text.exf_close
                0x0000000008004f7c       0x14 ./Core/Src/fops.o
                0x0000000008004f7c                exf_close
 .text.FATFS_RdWrTest
                0x0000000008004f90       0xc0 ./Core/Src/fops.o
                0x0000000008004f90                FATFS_RdWrTest
 .text.main     0x0000000008005050       0xd4 ./Core/Src/main.o
                0x0000000008005050                main
 .text.SystemClock_Config
                0x0000000008005124      0x104 ./Core/Src/main.o
                0x0000000008005124                SystemClock_Config
 .text.MX_I2C1_Init
                0x0000000008005228       0x5c ./Core/Src/main.o
 .text.MX_I2S3_Init
                0x0000000008005284       0x5c ./Core/Src/main.o
 .text.MX_SPI1_Init
                0x00000000080052e0       0x6c ./Core/Src/main.o
                0x00000000080052e0                MX_SPI1_Init
 .text.MX_USART2_UART_Init
                0x000000000800534c       0x54 ./Core/Src/main.o
 .text.MX_DMA_Init
                0x00000000080053a0       0x40 ./Core/Src/main.o
 .text.MX_GPIO_Init
                0x00000000080053e0      0x154 ./Core/Src/main.o
 .text.Task3    0x0000000008005534       0x34 ./Core/Src/main.o
                0x0000000008005534                Task3
 .text.HAL_GPIO_EXTI_Callback
                0x0000000008005568       0x8c ./Core/Src/main.o
                0x0000000008005568                HAL_GPIO_EXTI_Callback
 .text.HAL_TIM_PeriodElapsedCallback
                0x00000000080055f4       0x24 ./Core/Src/main.o
                0x00000000080055f4                HAL_TIM_PeriodElapsedCallback
 .text.Error_Handler
                0x0000000008005618        0xa ./Core/Src/main.o
                0x0000000008005618                Error_Handler
 *fill*         0x0000000008005622        0x2 
 .text.SPI1_Error
                0x0000000008005624       0x38 ./Core/Src/mmc_sd.o
                0x0000000008005624                SPI1_Error
 .text.SPI1_ReadWriteByte
                0x000000000800565c       0x3c ./Core/Src/mmc_sd.o
                0x000000000800565c                SPI1_ReadWriteByte
 .text.SD_SPI_ReadWriteByte
                0x0000000008005698       0x1c ./Core/Src/mmc_sd.o
                0x0000000008005698                SD_SPI_ReadWriteByte
 .text.SD_SPI_Init
                0x00000000080056b4       0x34 ./Core/Src/mmc_sd.o
                0x00000000080056b4                SD_SPI_Init
 .text.SD_DisSelect
                0x00000000080056e8       0x1c ./Core/Src/mmc_sd.o
                0x00000000080056e8                SD_DisSelect
 .text.SD_Select
                0x0000000008005704       0x2c ./Core/Src/mmc_sd.o
                0x0000000008005704                SD_Select
 .text.SD_WaitReady
                0x0000000008005730       0x34 ./Core/Src/mmc_sd.o
                0x0000000008005730                SD_WaitReady
 .text.SD_GetResponse
                0x0000000008005764       0x42 ./Core/Src/mmc_sd.o
                0x0000000008005764                SD_GetResponse
 .text.SD_RecvData
                0x00000000080057a6       0x50 ./Core/Src/mmc_sd.o
                0x00000000080057a6                SD_RecvData
 .text.SD_SendBlock
                0x00000000080057f6       0x78 ./Core/Src/mmc_sd.o
                0x00000000080057f6                SD_SendBlock
 .text.SD_SendCmd
                0x000000000800586e       0xa0 ./Core/Src/mmc_sd.o
                0x000000000800586e                SD_SendCmd
 .text.SD_GetCSD
                0x000000000800590e       0x40 ./Core/Src/mmc_sd.o
                0x000000000800590e                SD_GetCSD
 .text.SD_GetSectorCount
                0x000000000800594e       0xa2 ./Core/Src/mmc_sd.o
                0x000000000800594e                SD_GetSectorCount
 .text.SD_Initialize
                0x00000000080059f0      0x1e8 ./Core/Src/mmc_sd.o
                0x00000000080059f0                SD_Initialize
 .text.SD_ReadDisk
                0x0000000008005bd8       0x98 ./Core/Src/mmc_sd.o
                0x0000000008005bd8                SD_ReadDisk
 .text.SD_WriteDisk
                0x0000000008005c70       0xbc ./Core/Src/mmc_sd.o
                0x0000000008005c70                SD_WriteDisk
 .text.HAL_MspInit
                0x0000000008005d2c       0x50 ./Core/Src/stm32f4xx_hal_msp.o
                0x0000000008005d2c                HAL_MspInit
 .text.HAL_I2C_MspInit
                0x0000000008005d7c       0x90 ./Core/Src/stm32f4xx_hal_msp.o
                0x0000000008005d7c                HAL_I2C_MspInit
 .text.HAL_I2C_MspDeInit
                0x0000000008005e0c       0x44 ./Core/Src/stm32f4xx_hal_msp.o
                0x0000000008005e0c                HAL_I2C_MspDeInit
 .text.HAL_I2S_MspInit
                0x0000000008005e50      0x14c ./Core/Src/stm32f4xx_hal_msp.o
                0x0000000008005e50                HAL_I2S_MspInit
 .text.HAL_SPI_MspInit
                0x0000000008005f9c       0x90 ./Core/Src/stm32f4xx_hal_msp.o
                0x0000000008005f9c                HAL_SPI_MspInit
 .text.HAL_SPI_MspDeInit
                0x000000000800602c       0x3c ./Core/Src/stm32f4xx_hal_msp.o
                0x000000000800602c                HAL_SPI_MspDeInit
 .text.HAL_UART_MspInit
                0x0000000008006068       0x90 ./Core/Src/stm32f4xx_hal_msp.o
                0x0000000008006068                HAL_UART_MspInit
 .text.HAL_InitTick
                0x00000000080060f8       0xb4 ./Core/Src/stm32f4xx_hal_timebase_tim.o
                0x00000000080060f8                HAL_InitTick
 .text.NMI_Handler
                0x00000000080061ac        0x6 ./Core/Src/stm32f4xx_it.o
                0x00000000080061ac                NMI_Handler
 .text.HardFault_Handler
                0x00000000080061b2        0x6 ./Core/Src/stm32f4xx_it.o
                0x00000000080061b2                HardFault_Handler
 .text.MemManage_Handler
                0x00000000080061b8        0x6 ./Core/Src/stm32f4xx_it.o
                0x00000000080061b8                MemManage_Handler
 .text.BusFault_Handler
                0x00000000080061be        0x6 ./Core/Src/stm32f4xx_it.o
                0x00000000080061be                BusFault_Handler
 .text.UsageFault_Handler
                0x00000000080061c4        0x6 ./Core/Src/stm32f4xx_it.o
                0x00000000080061c4                UsageFault_Handler
 .text.DebugMon_Handler
                0x00000000080061ca        0xe ./Core/Src/stm32f4xx_it.o
                0x00000000080061ca                DebugMon_Handler
 .text.EXTI0_IRQHandler
                0x00000000080061d8        0xe ./Core/Src/stm32f4xx_it.o
                0x00000000080061d8                EXTI0_IRQHandler
 *fill*         0x00000000080061e6        0x2 
 .text.DMA1_Stream5_IRQHandler
                0x00000000080061e8       0x14 ./Core/Src/stm32f4xx_it.o
                0x00000000080061e8                DMA1_Stream5_IRQHandler
 .text.TIM6_DAC_IRQHandler
                0x00000000080061fc       0x14 ./Core/Src/stm32f4xx_it.o
                0x00000000080061fc                TIM6_DAC_IRQHandler
 .text._getpid  0x0000000008006210       0x10 ./Core/Src/syscalls.o
                0x0000000008006210                _getpid
 .text._kill    0x0000000008006220       0x20 ./Core/Src/syscalls.o
                0x0000000008006220                _kill
 .text._exit    0x0000000008006240       0x14 ./Core/Src/syscalls.o
                0x0000000008006240                _exit
 .text._read    0x0000000008006254       0x3a ./Core/Src/syscalls.o
                0x0000000008006254                _read
 .text._write   0x000000000800628e       0x38 ./Core/Src/syscalls.o
                0x000000000800628e                _write
 .text._close   0x00000000080062c6       0x18 ./Core/Src/syscalls.o
                0x00000000080062c6                _close
 .text._fstat   0x00000000080062de       0x20 ./Core/Src/syscalls.o
                0x00000000080062de                _fstat
 .text._isatty  0x00000000080062fe       0x16 ./Core/Src/syscalls.o
                0x00000000080062fe                _isatty
 .text._lseek   0x0000000008006314       0x1a ./Core/Src/syscalls.o
                0x0000000008006314                _lseek
 *fill*         0x000000000800632e        0x2 
 .text._sbrk    0x0000000008006330       0x6c ./Core/Src/sysmem.o
                0x0000000008006330                _sbrk
 .text.SystemInit
                0x000000000800639c       0x2c ./Core/Src/system_stm32f4xx.o
                0x000000000800639c                SystemInit
 .text.USER_initialize
                0x00000000080063c8       0x60 ./Core/Src/user_diskio.o
                0x00000000080063c8                USER_initialize
 .text.USER_status
                0x0000000008006428       0x18 ./Core/Src/user_diskio.o
                0x0000000008006428                USER_status
 .text.USER_read
                0x0000000008006440       0x32 ./Core/Src/user_diskio.o
                0x0000000008006440                USER_read
 .text.USER_write
                0x0000000008006472       0x32 ./Core/Src/user_diskio.o
                0x0000000008006472                USER_write
 .text.USER_ioctl
                0x00000000080064a4       0x1e ./Core/Src/user_diskio.o
                0x00000000080064a4                USER_ioctl
 *fill*         0x00000000080064c2        0x2 
 .text.PlayerInit
                0x00000000080064c4       0x30 ./Core/Src/waveplayer.o
                0x00000000080064c4                PlayerInit
 .text.AUDIO_PLAYER_Start
                0x00000000080064f4       0xc0 ./Core/Src/waveplayer.o
                0x00000000080064f4                AUDIO_PLAYER_Start
 .text.AUDIO_PLAYER_Process
                0x00000000080065b4      0x23c ./Core/Src/waveplayer.o
                0x00000000080065b4                AUDIO_PLAYER_Process
 .text.AUDIO_OUT_TransferComplete_CallBack
                0x00000000080067f0       0x28 ./Core/Src/waveplayer.o
                0x00000000080067f0                AUDIO_OUT_TransferComplete_CallBack
 .text.AUDIO_OUT_HalfTransfer_CallBack
                0x0000000008006818       0x28 ./Core/Src/waveplayer.o
                0x0000000008006818                AUDIO_OUT_HalfTransfer_CallBack
 .text.Reset_Handler
                0x0000000008006840       0x50 ./Core/Startup/startup_stm32f407vgtx.o
                0x0000000008006840                Reset_Handler
 .text.Default_Handler
                0x0000000008006890        0x2 ./Core/Startup/startup_stm32f407vgtx.o
                0x0000000008006890                RTC_Alarm_IRQHandler
                0x0000000008006890                HASH_RNG_IRQHandler
                0x0000000008006890                EXTI2_IRQHandler
                0x0000000008006890                TIM8_CC_IRQHandler
                0x0000000008006890                TIM1_CC_IRQHandler
                0x0000000008006890                DMA2_Stream5_IRQHandler
                0x0000000008006890                PVD_IRQHandler
                0x0000000008006890                SDIO_IRQHandler
                0x0000000008006890                TAMP_STAMP_IRQHandler
                0x0000000008006890                CAN2_RX1_IRQHandler
                0x0000000008006890                EXTI3_IRQHandler
                0x0000000008006890                TIM8_TRG_COM_TIM14_IRQHandler
                0x0000000008006890                TIM1_UP_TIM10_IRQHandler
                0x0000000008006890                TIM8_UP_TIM13_IRQHandler
                0x0000000008006890                I2C3_ER_IRQHandler
                0x0000000008006890                I2C2_EV_IRQHandler
                0x0000000008006890                DMA1_Stream2_IRQHandler
                0x0000000008006890                CAN1_RX0_IRQHandler
                0x0000000008006890                FPU_IRQHandler
                0x0000000008006890                OTG_HS_WKUP_IRQHandler
                0x0000000008006890                CAN2_SCE_IRQHandler
                0x0000000008006890                DMA2_Stream2_IRQHandler
                0x0000000008006890                SPI1_IRQHandler
                0x0000000008006890                TIM1_BRK_TIM9_IRQHandler
                0x0000000008006890                DCMI_IRQHandler
                0x0000000008006890                CAN2_RX0_IRQHandler
                0x0000000008006890                DMA2_Stream3_IRQHandler
                0x0000000008006890                USART6_IRQHandler
                0x0000000008006890                USART3_IRQHandler
                0x0000000008006890                CAN1_RX1_IRQHandler
                0x0000000008006890                UART5_IRQHandler
                0x0000000008006890                DMA2_Stream0_IRQHandler
                0x0000000008006890                TIM4_IRQHandler
                0x0000000008006890                I2C1_EV_IRQHandler
                0x0000000008006890                DMA1_Stream6_IRQHandler
                0x0000000008006890                DMA1_Stream1_IRQHandler
                0x0000000008006890                UART4_IRQHandler
                0x0000000008006890                TIM3_IRQHandler
                0x0000000008006890                RCC_IRQHandler
                0x0000000008006890                TIM8_BRK_TIM12_IRQHandler
                0x0000000008006890                Default_Handler
                0x0000000008006890                EXTI15_10_IRQHandler
                0x0000000008006890                ADC_IRQHandler
                0x0000000008006890                DMA1_Stream7_IRQHandler
                0x0000000008006890                TIM7_IRQHandler
                0x0000000008006890                CAN2_TX_IRQHandler
                0x0000000008006890                TIM5_IRQHandler
                0x0000000008006890                DMA2_Stream7_IRQHandler
                0x0000000008006890                I2C3_EV_IRQHandler
                0x0000000008006890                EXTI9_5_IRQHandler
                0x0000000008006890                RTC_WKUP_IRQHandler
                0x0000000008006890                ETH_WKUP_IRQHandler
                0x0000000008006890                SPI2_IRQHandler
                0x0000000008006890                OTG_HS_EP1_IN_IRQHandler
                0x0000000008006890                DMA1_Stream0_IRQHandler
                0x0000000008006890                CAN1_TX_IRQHandler
                0x0000000008006890                EXTI4_IRQHandler
                0x0000000008006890                FSMC_IRQHandler
                0x0000000008006890                ETH_IRQHandler
                0x0000000008006890                OTG_HS_EP1_OUT_IRQHandler
                0x0000000008006890                WWDG_IRQHandler
                0x0000000008006890                TIM2_IRQHandler
                0x0000000008006890                OTG_FS_WKUP_IRQHandler
                0x0000000008006890                TIM1_TRG_COM_TIM11_IRQHandler
                0x0000000008006890                OTG_HS_IRQHandler
                0x0000000008006890                EXTI1_IRQHandler
                0x0000000008006890                USART2_IRQHandler
                0x0000000008006890                I2C2_ER_IRQHandler
                0x0000000008006890                DMA2_Stream1_IRQHandler
                0x0000000008006890                CAN1_SCE_IRQHandler
                0x0000000008006890                FLASH_IRQHandler
                0x0000000008006890                DMA2_Stream4_IRQHandler
                0x0000000008006890                USART1_IRQHandler
                0x0000000008006890                OTG_FS_IRQHandler
                0x0000000008006890                SPI3_IRQHandler
                0x0000000008006890                DMA1_Stream4_IRQHandler
                0x0000000008006890                I2C1_ER_IRQHandler
                0x0000000008006890                DMA2_Stream6_IRQHandler
                0x0000000008006890                DMA1_Stream3_IRQHandler
 *fill*         0x0000000008006892        0x2 
 .text.HAL_Init
                0x0000000008006894       0x44 ./Drivers/STM32F4xx_HAL_Driver/Src/stm32f4xx_hal.o
                0x0000000008006894                HAL_Init
 .text.HAL_IncTick
                0x00000000080068d8       0x28 ./Drivers/STM32F4xx_HAL_Driver/Src/stm32f4xx_hal.o
                0x00000000080068d8                HAL_IncTick
 .text.HAL_GetTick
                0x0000000008006900       0x18 ./Drivers/STM32F4xx_HAL_Driver/Src/stm32f4xx_hal.o
                0x0000000008006900                HAL_GetTick
 .text.HAL_Delay
                0x0000000008006918       0x48 ./Drivers/STM32F4xx_HAL_Driver/Src/stm32f4xx_hal.o
                0x0000000008006918                HAL_Delay
 .text.__NVIC_SetPriorityGrouping
                0x0000000008006960       0x48 ./Drivers/STM32F4xx_HAL_Driver/Src/stm32f4xx_hal_cortex.o
 .text.__NVIC_GetPriorityGrouping
                0x00000000080069a8       0x1c ./Drivers/STM32F4xx_HAL_Driver/Src/stm32f4xx_hal_cortex.o
 .text.__NVIC_EnableIRQ
                0x00000000080069c4       0x3c ./Drivers/STM32F4xx_HAL_Driver/Src/stm32f4xx_hal_cortex.o
 .text.__NVIC_SetPriority
                0x0000000008006a00       0x54 ./Drivers/STM32F4xx_HAL_Driver/Src/stm32f4xx_hal_cortex.o
 .text.NVIC_EncodePriority
                0x0000000008006a54       0x66 ./Drivers/STM32F4xx_HAL_Driver/Src/stm32f4xx_hal_cortex.o
 .text.HAL_NVIC_SetPriorityGrouping
                0x0000000008006aba       0x16 ./Drivers/STM32F4xx_HAL_Driver/Src/stm32f4xx_hal_cortex.o
                0x0000000008006aba                HAL_NVIC_SetPriorityGrouping
 .text.HAL_NVIC_SetPriority
                0x0000000008006ad0       0x38 ./Drivers/STM32F4xx_HAL_Driver/Src/stm32f4xx_hal_cortex.o
                0x0000000008006ad0                HAL_NVIC_SetPriority
 .text.HAL_NVIC_EnableIRQ
                0x0000000008006b08       0x1c ./Drivers/STM32F4xx_HAL_Driver/Src/stm32f4xx_hal_cortex.o
                0x0000000008006b08                HAL_NVIC_EnableIRQ
 .text.HAL_DMA_Init
                0x0000000008006b24      0x15c ./Drivers/STM32F4xx_HAL_Driver/Src/stm32f4xx_hal_dma.o
                0x0000000008006b24                HAL_DMA_Init
 .text.HAL_DMA_DeInit
                0x0000000008006c80       0xbc ./Drivers/STM32F4xx_HAL_Driver/Src/stm32f4xx_hal_dma.o
                0x0000000008006c80                HAL_DMA_DeInit
 .text.HAL_DMA_Start_IT
                0x0000000008006d3c       0xb0 ./Drivers/STM32F4xx_HAL_Driver/Src/stm32f4xx_hal_dma.o
                0x0000000008006d3c                HAL_DMA_Start_IT
 .text.HAL_DMA_Abort
                0x0000000008006dec       0xe0 ./Drivers/STM32F4xx_HAL_Driver/Src/stm32f4xx_hal_dma.o
                0x0000000008006dec                HAL_DMA_Abort
 .text.HAL_DMA_IRQHandler
                0x0000000008006ecc      0x314 ./Drivers/STM32F4xx_HAL_Driver/Src/stm32f4xx_hal_dma.o
                0x0000000008006ecc                HAL_DMA_IRQHandler
 .text.DMA_SetConfig
                0x00000000080071e0       0x5c ./Drivers/STM32F4xx_HAL_Driver/Src/stm32f4xx_hal_dma.o
 .text.DMA_CalcBaseAndBitshift
                0x000000000800723c       0x6c ./Drivers/STM32F4xx_HAL_Driver/Src/stm32f4xx_hal_dma.o
 .text.DMA_CheckFifoParam
                0x00000000080072a8       0xf8 ./Drivers/STM32F4xx_HAL_Driver/Src/stm32f4xx_hal_dma.o
 .text.HAL_GPIO_Init
                0x00000000080073a0      0x338 ./Drivers/STM32F4xx_HAL_Driver/Src/stm32f4xx_hal_gpio.o
                0x00000000080073a0                HAL_GPIO_Init
 .text.HAL_GPIO_DeInit
                0x00000000080076d8      0x1f8 ./Drivers/STM32F4xx_HAL_Driver/Src/stm32f4xx_hal_gpio.o
                0x00000000080076d8                HAL_GPIO_DeInit
 .text.HAL_GPIO_WritePin
                0x00000000080078d0       0x32 ./Drivers/STM32F4xx_HAL_Driver/Src/stm32f4xx_hal_gpio.o
                0x00000000080078d0                HAL_GPIO_WritePin
 .text.HAL_GPIO_TogglePin
                0x0000000008007902       0x36 ./Drivers/STM32F4xx_HAL_Driver/Src/stm32f4xx_hal_gpio.o
                0x0000000008007902                HAL_GPIO_TogglePin
 .text.HAL_GPIO_EXTI_IRQHandler
                0x0000000008007938       0x30 ./Drivers/STM32F4xx_HAL_Driver/Src/stm32f4xx_hal_gpio.o
                0x0000000008007938                HAL_GPIO_EXTI_IRQHandler
 .text.HAL_I2C_Init
                0x0000000008007968      0x288 ./Drivers/STM32F4xx_HAL_Driver/Src/stm32f4xx_hal_i2c.o
                0x0000000008007968                HAL_I2C_Init
 .text.HAL_I2C_DeInit
                0x0000000008007bf0       0x5e ./Drivers/STM32F4xx_HAL_Driver/Src/stm32f4xx_hal_i2c.o
                0x0000000008007bf0                HAL_I2C_DeInit
 *fill*         0x0000000008007c4e        0x2 
 .text.HAL_I2C_Mem_Write
                0x0000000008007c50      0x1f4 ./Drivers/STM32F4xx_HAL_Driver/Src/stm32f4xx_hal_i2c.o
                0x0000000008007c50                HAL_I2C_Mem_Write
 .text.HAL_I2C_Mem_Read
                0x0000000008007e44      0x44c ./Drivers/STM32F4xx_HAL_Driver/Src/stm32f4xx_hal_i2c.o
                0x0000000008007e44                HAL_I2C_Mem_Read
 .text.HAL_I2C_GetState
                0x0000000008008290       0x1c ./Drivers/STM32F4xx_HAL_Driver/Src/stm32f4xx_hal_i2c.o
                0x0000000008008290                HAL_I2C_GetState
 .text.I2C_RequestMemoryWrite
                0x00000000080082ac      0x12c ./Drivers/STM32F4xx_HAL_Driver/Src/stm32f4xx_hal_i2c.o
 .text.I2C_RequestMemoryRead
                0x00000000080083d8      0x1d0 ./Drivers/STM32F4xx_HAL_Driver/Src/stm32f4xx_hal_i2c.o
 .text.I2C_WaitOnFlagUntilTimeout
                0x00000000080085a8       0xae ./Drivers/STM32F4xx_HAL_Driver/Src/stm32f4xx_hal_i2c.o
 .text.I2C_WaitOnMasterAddressFlagUntilTimeout
                0x0000000008008656       0xfe ./Drivers/STM32F4xx_HAL_Driver/Src/stm32f4xx_hal_i2c.o
 .text.I2C_WaitOnTXEFlagUntilTimeout
                0x0000000008008754       0x82 ./Drivers/STM32F4xx_HAL_Driver/Src/stm32f4xx_hal_i2c.o
 .text.I2C_WaitOnBTFFlagUntilTimeout
                0x00000000080087d6       0x82 ./Drivers/STM32F4xx_HAL_Driver/Src/stm32f4xx_hal_i2c.o
 .text.I2C_WaitOnRXNEFlagUntilTimeout
                0x0000000008008858       0xac ./Drivers/STM32F4xx_HAL_Driver/Src/stm32f4xx_hal_i2c.o
 .text.I2C_IsAcknowledgeFailed
                0x0000000008008904       0x5e ./Drivers/STM32F4xx_HAL_Driver/Src/stm32f4xx_hal_i2c.o
 *fill*         0x0000000008008962        0x2 
 .text.HAL_I2S_Init
                0x0000000008008964      0x280 ./Drivers/STM32F4xx_HAL_Driver/Src/stm32f4xx_hal_i2s.o
                0x0000000008008964                HAL_I2S_Init
 .text.HAL_I2S_Transmit_DMA
                0x0000000008008be4      0x150 ./Drivers/STM32F4xx_HAL_Driver/Src/stm32f4xx_hal_i2s.o
                0x0000000008008be4                HAL_I2S_Transmit_DMA
 .text.HAL_I2S_DMAPause
                0x0000000008008d34       0xc4 ./Drivers/STM32F4xx_HAL_Driver/Src/stm32f4xx_hal_i2s.o
                0x0000000008008d34                HAL_I2S_DMAPause
 .text.HAL_I2S_DMAResume
                0x0000000008008df8      0x128 ./Drivers/STM32F4xx_HAL_Driver/Src/stm32f4xx_hal_i2s.o
                0x0000000008008df8                HAL_I2S_DMAResume
 .text.HAL_I2S_DMAStop
                0x0000000008008f20      0x3b4 ./Drivers/STM32F4xx_HAL_Driver/Src/stm32f4xx_hal_i2s.o
                0x0000000008008f20                HAL_I2S_DMAStop
 .text.HAL_I2S_RxCpltCallback
                0x00000000080092d4       0x14 ./Drivers/STM32F4xx_HAL_Driver/Src/stm32f4xx_hal_i2s.o
                0x00000000080092d4                HAL_I2S_RxCpltCallback
 .text.HAL_I2S_GetState
                0x00000000080092e8       0x1c ./Drivers/STM32F4xx_HAL_Driver/Src/stm32f4xx_hal_i2s.o
                0x00000000080092e8                HAL_I2S_GetState
 .text.I2S_DMATxCplt
                0x0000000008009304       0x42 ./Drivers/STM32F4xx_HAL_Driver/Src/stm32f4xx_hal_i2s.o
 .text.I2S_DMATxHalfCplt
                0x0000000008009346       0x1c ./Drivers/STM32F4xx_HAL_Driver/Src/stm32f4xx_hal_i2s.o
 .text.I2S_DMAError
                0x0000000008009362       0x4c ./Drivers/STM32F4xx_HAL_Driver/Src/stm32f4xx_hal_i2s.o
 .text.I2S_Transmit_IT
                0x00000000080093ae       0x5c ./Drivers/STM32F4xx_HAL_Driver/Src/stm32f4xx_hal_i2s.o
 .text.I2S_Receive_IT
                0x000000000800940a       0x5e ./Drivers/STM32F4xx_HAL_Driver/Src/stm32f4xx_hal_i2s.o
 .text.I2S_IRQHandler
                0x0000000008009468      0x114 ./Drivers/STM32F4xx_HAL_Driver/Src/stm32f4xx_hal_i2s.o
 .text.I2S_WaitFlagStateUntilTimeout
                0x000000000800957c       0x72 ./Drivers/STM32F4xx_HAL_Driver/Src/stm32f4xx_hal_i2s.o
 *fill*         0x00000000080095ee        0x2 
 .text.HAL_I2SEx_FullDuplex_IRQHandler
                0x00000000080095f0      0x2a8 ./Drivers/STM32F4xx_HAL_Driver/Src/stm32f4xx_hal_i2s_ex.o
                0x00000000080095f0                HAL_I2SEx_FullDuplex_IRQHandler
 .text.HAL_I2SEx_TxRxCpltCallback
                0x0000000008009898       0x14 ./Drivers/STM32F4xx_HAL_Driver/Src/stm32f4xx_hal_i2s_ex.o
                0x0000000008009898                HAL_I2SEx_TxRxCpltCallback
 .text.I2SEx_TxISR_I2S
                0x00000000080098ac       0x62 ./Drivers/STM32F4xx_HAL_Driver/Src/stm32f4xx_hal_i2s_ex.o
 *fill*         0x000000000800990e        0x2 
 .text.I2SEx_TxISR_I2SExt
                0x0000000008009910       0x98 ./Drivers/STM32F4xx_HAL_Driver/Src/stm32f4xx_hal_i2s_ex.o
 .text.I2SEx_RxISR_I2S
                0x00000000080099a8       0x64 ./Drivers/STM32F4xx_HAL_Driver/Src/stm32f4xx_hal_i2s_ex.o
 .text.I2SEx_RxISR_I2SExt
                0x0000000008009a0c       0x98 ./Drivers/STM32F4xx_HAL_Driver/Src/stm32f4xx_hal_i2s_ex.o
 .text.HAL_RCC_OscConfig
                0x0000000008009aa4      0x4e0 ./Drivers/STM32F4xx_HAL_Driver/Src/stm32f4xx_hal_rcc.o
                0x0000000008009aa4                HAL_RCC_OscConfig
 .text.HAL_RCC_ClockConfig
                0x0000000008009f84      0x1cc ./Drivers/STM32F4xx_HAL_Driver/Src/stm32f4xx_hal_rcc.o
                0x0000000008009f84                HAL_RCC_ClockConfig
 .text.HAL_RCC_GetSysClockFreq
                0x000000000800a150      0x1c4 ./Drivers/STM32F4xx_HAL_Driver/Src/stm32f4xx_hal_rcc.o
                0x000000000800a150                HAL_RCC_GetSysClockFreq
 .text.HAL_RCC_GetHCLKFreq
                0x000000000800a314       0x18 ./Drivers/STM32F4xx_HAL_Driver/Src/stm32f4xx_hal_rcc.o
                0x000000000800a314                HAL_RCC_GetHCLKFreq
 .text.HAL_RCC_GetPCLK1Freq
                0x000000000800a32c       0x28 ./Drivers/STM32F4xx_HAL_Driver/Src/stm32f4xx_hal_rcc.o
                0x000000000800a32c                HAL_RCC_GetPCLK1Freq
 .text.HAL_RCC_GetPCLK2Freq
                0x000000000800a354       0x28 ./Drivers/STM32F4xx_HAL_Driver/Src/stm32f4xx_hal_rcc.o
                0x000000000800a354                HAL_RCC_GetPCLK2Freq
 .text.HAL_RCC_GetClockConfig
                0x000000000800a37c       0x64 ./Drivers/STM32F4xx_HAL_Driver/Src/stm32f4xx_hal_rcc.o
                0x000000000800a37c                HAL_RCC_GetClockConfig
 .text.HAL_RCCEx_PeriphCLKConfig
                0x000000000800a3e0      0x1c4 ./Drivers/STM32F4xx_HAL_Driver/Src/stm32f4xx_hal_rcc_ex.o
                0x000000000800a3e0                HAL_RCCEx_PeriphCLKConfig
 .text.HAL_RCCEx_GetPeriphCLKConfig
                0x000000000800a5a4       0x58 ./Drivers/STM32F4xx_HAL_Driver/Src/stm32f4xx_hal_rcc_ex.o
                0x000000000800a5a4                HAL_RCCEx_GetPeriphCLKConfig
 .text.HAL_RCCEx_GetPeriphCLKFreq
                0x000000000800a5fc       0xbc ./Drivers/STM32F4xx_HAL_Driver/Src/stm32f4xx_hal_rcc_ex.o
                0x000000000800a5fc                HAL_RCCEx_GetPeriphCLKFreq
 .text.HAL_SPI_Init
                0x000000000800a6b8       0xc8 ./Drivers/STM32F4xx_HAL_Driver/Src/stm32f4xx_hal_spi.o
                0x000000000800a6b8                HAL_SPI_Init
 .text.HAL_SPI_DeInit
                0x000000000800a780       0x50 ./Drivers/STM32F4xx_HAL_Driver/Src/stm32f4xx_hal_spi.o
                0x000000000800a780                HAL_SPI_DeInit
 .text.HAL_SPI_Transmit
                0x000000000800a7d0      0x268 ./Drivers/STM32F4xx_HAL_Driver/Src/stm32f4xx_hal_spi.o
                0x000000000800a7d0                HAL_SPI_Transmit
 .text.HAL_SPI_Receive
                0x000000000800aa38      0x212 ./Drivers/STM32F4xx_HAL_Driver/Src/stm32f4xx_hal_spi.o
                0x000000000800aa38                HAL_SPI_Receive
 .text.HAL_SPI_TransmitReceive
                0x000000000800ac4a      0x344 ./Drivers/STM32F4xx_HAL_Driver/Src/stm32f4xx_hal_spi.o
                0x000000000800ac4a                HAL_SPI_TransmitReceive
 .text.SPI_WaitFlagStateUntilTimeout
                0x000000000800af8e       0xd4 ./Drivers/STM32F4xx_HAL_Driver/Src/stm32f4xx_hal_spi.o
 .text.SPI_EndRxTransaction
                0x000000000800b062       0xca ./Drivers/STM32F4xx_HAL_Driver/Src/stm32f4xx_hal_spi.o
 .text.SPI_EndRxTxTransaction
                0x000000000800b12c       0x84 ./Drivers/STM32F4xx_HAL_Driver/Src/stm32f4xx_hal_spi.o
 .text.HAL_TIM_Base_Init
                0x000000000800b1b0       0x56 ./Drivers/STM32F4xx_HAL_Driver/Src/stm32f4xx_hal_tim.o
                0x000000000800b1b0                HAL_TIM_Base_Init
 .text.HAL_TIM_Base_MspInit
                0x000000000800b206       0x14 ./Drivers/STM32F4xx_HAL_Driver/Src/stm32f4xx_hal_tim.o
                0x000000000800b206                HAL_TIM_Base_MspInit
 .text.HAL_TIM_Base_Start_IT
                0x000000000800b21a       0x48 ./Drivers/STM32F4xx_HAL_Driver/Src/stm32f4xx_hal_tim.o
                0x000000000800b21a                HAL_TIM_Base_Start_IT
 .text.HAL_TIM_IRQHandler
                0x000000000800b262      0x210 ./Drivers/STM32F4xx_HAL_Driver/Src/stm32f4xx_hal_tim.o
                0x000000000800b262                HAL_TIM_IRQHandler
 .text.HAL_TIM_OC_DelayElapsedCallback
                0x000000000800b472       0x14 ./Drivers/STM32F4xx_HAL_Driver/Src/stm32f4xx_hal_tim.o
                0x000000000800b472                HAL_TIM_OC_DelayElapsedCallback
 .text.HAL_TIM_IC_CaptureCallback
                0x000000000800b486       0x14 ./Drivers/STM32F4xx_HAL_Driver/Src/stm32f4xx_hal_tim.o
                0x000000000800b486                HAL_TIM_IC_CaptureCallback
 .text.HAL_TIM_PWM_PulseFinishedCallback
                0x000000000800b49a       0x14 ./Drivers/STM32F4xx_HAL_Driver/Src/stm32f4xx_hal_tim.o
                0x000000000800b49a                HAL_TIM_PWM_PulseFinishedCallback
 .text.HAL_TIM_TriggerCallback
                0x000000000800b4ae       0x14 ./Drivers/STM32F4xx_HAL_Driver/Src/stm32f4xx_hal_tim.o
                0x000000000800b4ae                HAL_TIM_TriggerCallback
 *fill*         0x000000000800b4c2        0x2 
 .text.TIM_Base_SetConfig
                0x000000000800b4c4      0x140 ./Drivers/STM32F4xx_HAL_Driver/Src/stm32f4xx_hal_tim.o
                0x000000000800b4c4                TIM_Base_SetConfig
 .text.HAL_TIMEx_CommutCallback
                0x000000000800b604       0x14 ./Drivers/STM32F4xx_HAL_Driver/Src/stm32f4xx_hal_tim_ex.o
                0x000000000800b604                HAL_TIMEx_CommutCallback
 .text.HAL_TIMEx_BreakCallback
                0x000000000800b618       0x14 ./Drivers/STM32F4xx_HAL_Driver/Src/stm32f4xx_hal_tim_ex.o
                0x000000000800b618                HAL_TIMEx_BreakCallback
 .text.HAL_UART_Init
                0x000000000800b62c       0x9a ./Drivers/STM32F4xx_HAL_Driver/Src/stm32f4xx_hal_uart.o
                0x000000000800b62c                HAL_UART_Init
 .text.HAL_UART_Transmit
                0x000000000800b6c6      0x132 ./Drivers/STM32F4xx_HAL_Driver/Src/stm32f4xx_hal_uart.o
                0x000000000800b6c6                HAL_UART_Transmit
 .text.UART_WaitOnFlagUntilTimeout
                0x000000000800b7f8       0x94 ./Drivers/STM32F4xx_HAL_Driver/Src/stm32f4xx_hal_uart.o
 .text.UART_SetConfig
                0x000000000800b88c      0x738 ./Drivers/STM32F4xx_HAL_Driver/Src/stm32f4xx_hal_uart.o
 .text.pvPortMalloc
                0x000000000800bfc4      0x188 ./FreeRTOS/MemMang/heap_4.o
                0x000000000800bfc4                pvPortMalloc
 .text.vPortFree
                0x000000000800c14c       0xb4 ./FreeRTOS/MemMang/heap_4.o
                0x000000000800c14c                vPortFree
 .text.prvHeapInit
                0x000000000800c200       0xc4 ./FreeRTOS/MemMang/heap_4.o
 .text.prvInsertBlockIntoFreeList
                0x000000000800c2c4       0xb4 ./FreeRTOS/MemMang/heap_4.o
 .text.vListInitialise
                0x000000000800c378       0x40 ./FreeRTOS/list.o
                0x000000000800c378                vListInitialise
 .text.vListInitialiseItem
                0x000000000800c3b8       0x1a ./FreeRTOS/list.o
                0x000000000800c3b8                vListInitialiseItem
 .text.vListInsertEnd
                0x000000000800c3d2       0x48 ./FreeRTOS/list.o
                0x000000000800c3d2                vListInsertEnd
 .text.vListInsert
                0x000000000800c41a       0x72 ./FreeRTOS/list.o
                0x000000000800c41a                vListInsert
 .text.uxListRemove
                0x000000000800c48c       0x54 ./FreeRTOS/list.o
                0x000000000800c48c                uxListRemove
 .text.xQueueGenericReset
                0x000000000800c4e0       0xd0 ./FreeRTOS/queue.o
                0x000000000800c4e0                xQueueGenericReset
 .text.xQueueGenericCreate
                0x000000000800c5b0       0xbe ./FreeRTOS/queue.o
                0x000000000800c5b0                xQueueGenericCreate
 .text.prvInitialiseNewQueue
                0x000000000800c66e       0x46 ./FreeRTOS/queue.o
 .text.xQueueGenericSend
                0x000000000800c6b4      0x1fc ./FreeRTOS/queue.o
                0x000000000800c6b4                xQueueGenericSend
 .text.xQueueGenericSendFromISR
                0x000000000800c8b0      0x154 ./FreeRTOS/queue.o
                0x000000000800c8b0                xQueueGenericSendFromISR
 .text.xQueueReceive
                0x000000000800ca04      0x1c0 ./FreeRTOS/queue.o
                0x000000000800ca04                xQueueReceive
 .text.prvCopyDataToQueue
                0x000000000800cbc4       0xd4 ./FreeRTOS/queue.o
 .text.prvCopyDataFromQueue
                0x000000000800cc98       0x4c ./FreeRTOS/queue.o
 .text.prvUnlockQueue
                0x000000000800cce4       0xa4 ./FreeRTOS/queue.o
 .text.prvIsQueueEmpty
                0x000000000800cd88       0x2c ./FreeRTOS/queue.o
 .text.prvIsQueueFull
                0x000000000800cdb4       0x30 ./FreeRTOS/queue.o
 .text.vQueueAddToRegistry
                0x000000000800cde4       0x54 ./FreeRTOS/queue.o
                0x000000000800cde4                vQueueAddToRegistry
 .text.vQueueWaitForMessageRestricted
                0x000000000800ce38       0x68 ./FreeRTOS/queue.o
                0x000000000800ce38                vQueueWaitForMessageRestricted
 .text.xTaskCreate
                0x000000000800cea0       0x82 ./FreeRTOS/tasks.o
                0x000000000800cea0                xTaskCreate
 .text.prvInitialiseNewTask
                0x000000000800cf22      0x11e ./FreeRTOS/tasks.o
 .text.prvAddNewTaskToReadyList
                0x000000000800d040       0xdc ./FreeRTOS/tasks.o
 .text.vTaskStartScheduler
                0x000000000800d11c       0x9c ./FreeRTOS/tasks.o
                0x000000000800d11c                vTaskStartScheduler
 .text.vTaskSuspendAll
                0x000000000800d1b8       0x1c ./FreeRTOS/tasks.o
                0x000000000800d1b8                vTaskSuspendAll
 .text.xTaskResumeAll
                0x000000000800d1d4      0x138 ./FreeRTOS/tasks.o
                0x000000000800d1d4                xTaskResumeAll
 .text.xTaskGetTickCount
                0x000000000800d30c       0x20 ./FreeRTOS/tasks.o
                0x000000000800d30c                xTaskGetTickCount
 .text.xTaskIncrementTick
                0x000000000800d32c      0x170 ./FreeRTOS/tasks.o
                0x000000000800d32c                xTaskIncrementTick
 .text.vTaskSwitchContext
                0x000000000800d49c       0xb8 ./FreeRTOS/tasks.o
                0x000000000800d49c                vTaskSwitchContext
 .text.vTaskPlaceOnEventList
                0x000000000800d554       0x48 ./FreeRTOS/tasks.o
                0x000000000800d554                vTaskPlaceOnEventList
 .text.vTaskPlaceOnEventListRestricted
                0x000000000800d59c       0x58 ./FreeRTOS/tasks.o
                0x000000000800d59c                vTaskPlaceOnEventListRestricted
 .text.xTaskRemoveFromEventList
                0x000000000800d5f4       0xc4 ./FreeRTOS/tasks.o
                0x000000000800d5f4                xTaskRemoveFromEventList
 .text.vTaskInternalSetTimeOutState
                0x000000000800d6b8       0x2c ./FreeRTOS/tasks.o
                0x000000000800d6b8                vTaskInternalSetTimeOutState
 .text.xTaskCheckForTimeOut
                0x000000000800d6e4       0xc4 ./FreeRTOS/tasks.o
                0x000000000800d6e4                xTaskCheckForTimeOut
 .text.vTaskMissedYield
                0x000000000800d7a8       0x18 ./FreeRTOS/tasks.o
                0x000000000800d7a8                vTaskMissedYield
 .text.prvIdleTask
                0x000000000800d7c0       0x30 ./FreeRTOS/tasks.o
 .text.prvInitialiseTaskLists
                0x000000000800d7f0       0x80 ./FreeRTOS/tasks.o
 .text.prvCheckTasksWaitingTermination
                0x000000000800d870       0x5c ./FreeRTOS/tasks.o
 .text.prvDeleteTCB
                0x000000000800d8cc       0x20 ./FreeRTOS/tasks.o
 .text.prvResetNextTaskUnblockTime
                0x000000000800d8ec       0x40 ./FreeRTOS/tasks.o
 .text.xTaskGetSchedulerState
                0x000000000800d92c       0x3c ./FreeRTOS/tasks.o
                0x000000000800d92c                xTaskGetSchedulerState
 .text.xTaskPriorityDisinherit
                0x000000000800d968      0x10c ./FreeRTOS/tasks.o
                0x000000000800d968                xTaskPriorityDisinherit
 .text.prvAddCurrentTaskToDelayedList
                0x000000000800da74       0xcc ./FreeRTOS/tasks.o
 .text.xTimerCreateTimerTask
                0x000000000800db40       0x64 ./FreeRTOS/timers.o
                0x000000000800db40                xTimerCreateTimerTask
 .text.xTimerGenericCommand
                0x000000000800dba4       0x9c ./FreeRTOS/timers.o
                0x000000000800dba4                xTimerGenericCommand
 .text.prvProcessExpiredTimer
                0x000000000800dc40       0x98 ./FreeRTOS/timers.o
 .text.prvTimerTask
                0x000000000800dcd8       0x24 ./FreeRTOS/timers.o
 .text.prvProcessTimerOrBlockTask
                0x000000000800dcfc       0x9c ./FreeRTOS/timers.o
 .text.prvGetNextExpireTime
                0x000000000800dd98       0x48 ./FreeRTOS/timers.o
 .text.prvSampleTimeNow
                0x000000000800dde0       0x40 ./FreeRTOS/timers.o
 .text.prvInsertTimerInActiveList
                0x000000000800de20       0x84 ./FreeRTOS/timers.o
 .text.prvProcessReceivedCommands
                0x000000000800dea4      0x18c ./FreeRTOS/timers.o
 .text.prvSwitchTimerLists
                0x000000000800e030       0xc8 ./FreeRTOS/timers.o
 .text.prvCheckForValidListAndQueue
                0x000000000800e0f8       0x6c ./FreeRTOS/timers.o
 .text.pxPortInitialiseStack
                0x000000000800e164       0x68 ./FreeRTOS/portable/ARM_CM4F/port.o
                0x000000000800e164                pxPortInitialiseStack
 .text.prvTaskExitError
                0x000000000800e1cc       0x58 ./FreeRTOS/portable/ARM_CM4F/port.o
 *fill*         0x000000000800e224        0xc 
 .text.SVC_Handler
                0x000000000800e230       0x28 ./FreeRTOS/portable/ARM_CM4F/port.o
                0x000000000800e230                SVC_Handler
 .text.prvPortStartFirstTask
                0x000000000800e258       0x28 ./FreeRTOS/portable/ARM_CM4F/port.o
 .text.xPortStartScheduler
                0x000000000800e280      0x144 ./FreeRTOS/portable/ARM_CM4F/port.o
                0x000000000800e280                xPortStartScheduler
 .text.vPortEnterCritical
                0x000000000800e3c4       0x60 ./FreeRTOS/portable/ARM_CM4F/port.o
                0x000000000800e3c4                vPortEnterCritical
 .text.vPortExitCritical
                0x000000000800e424       0x54 ./FreeRTOS/portable/ARM_CM4F/port.o
                0x000000000800e424                vPortExitCritical
 *fill*         0x000000000800e478        0x8 
 .text.PendSV_Handler
                0x000000000800e480       0x68 ./FreeRTOS/portable/ARM_CM4F/port.o
                0x000000000800e480                PendSV_Handler
 .text.SysTick_Handler
                0x000000000800e4e8       0x44 ./FreeRTOS/portable/ARM_CM4F/port.o
                0x000000000800e4e8                SysTick_Handler
 .text.vPortSetupTimerInterrupt
                0x000000000800e52c       0x48 ./FreeRTOS/portable/ARM_CM4F/port.o
                0x000000000800e52c                vPortSetupTimerInterrupt
 .text.vPortEnableVFP
                0x000000000800e574       0x14 ./FreeRTOS/portable/ARM_CM4F/port.o
 .text.vPortValidateInterruptPriority
                0x000000000800e588       0x80 ./FreeRTOS/portable/ARM_CM4F/port.o
                0x000000000800e588                vPortValidateInterruptPriority
 .text.__errno  0x000000000800e608        0xc c:/st/stm32cubeide_1.8.0/stm32cubeide/plugins/com.st.stm32cube.ide.mcu.externaltools.gnu-tools-for-stm32.9-2020-q2-update.win32_2.0.0.202105311346/tools/bin/../lib/gcc/arm-none-eabi/9.3.1/../../../../arm-none-eabi/lib/thumb/v7e-m+fp/hard\libc_nano.a(lib_a-errno.o)
                0x000000000800e608                __errno
 .text.__libc_init_array
                0x000000000800e614       0x48 c:/st/stm32cubeide_1.8.0/stm32cubeide/plugins/com.st.stm32cube.ide.mcu.externaltools.gnu-tools-for-stm32.9-2020-q2-update.win32_2.0.0.202105311346/tools/bin/../lib/gcc/arm-none-eabi/9.3.1/../../../../arm-none-eabi/lib/thumb/v7e-m+fp/hard\libc_nano.a(lib_a-init.o)
                0x000000000800e614                __libc_init_array
 .text.memcmp   0x000000000800e65c       0x1c c:/st/stm32cubeide_1.8.0/stm32cubeide/plugins/com.st.stm32cube.ide.mcu.externaltools.gnu-tools-for-stm32.9-2020-q2-update.win32_2.0.0.202105311346/tools/bin/../lib/gcc/arm-none-eabi/9.3.1/../../../../arm-none-eabi/lib/thumb/v7e-m+fp/hard\libc_nano.a(lib_a-memcmp.o)
                0x000000000800e65c                memcmp
 .text.memcpy   0x000000000800e678       0x1c c:/st/stm32cubeide_1.8.0/stm32cubeide/plugins/com.st.stm32cube.ide.mcu.externaltools.gnu-tools-for-stm32.9-2020-q2-update.win32_2.0.0.202105311346/tools/bin/../lib/gcc/arm-none-eabi/9.3.1/../../../../arm-none-eabi/lib/thumb/v7e-m+fp/hard\libc_nano.a(lib_a-memcpy-stub.o)
                0x000000000800e678                memcpy
 .text.memset   0x000000000800e694       0x10 c:/st/stm32cubeide_1.8.0/stm32cubeide/plugins/com.st.stm32cube.ide.mcu.externaltools.gnu-tools-for-stm32.9-2020-q2-update.win32_2.0.0.202105311346/tools/bin/../lib/gcc/arm-none-eabi/9.3.1/../../../../arm-none-eabi/lib/thumb/v7e-m+fp/hard\libc_nano.a(lib_a-memset.o)
                0x000000000800e694                memset
 .text.__cvt    0x000000000800e6a4       0xc4 c:/st/stm32cubeide_1.8.0/stm32cubeide/plugins/com.st.stm32cube.ide.mcu.externaltools.gnu-tools-for-stm32.9-2020-q2-update.win32_2.0.0.202105311346/tools/bin/../lib/gcc/arm-none-eabi/9.3.1/../../../../arm-none-eabi/lib/thumb/v7e-m+fp/hard\libc_nano.a(lib_a-nano-vfprintf_float.o)
                0x000000000800e6a4                __cvt
 .text.__exponent
                0x000000000800e768       0x7c c:/st/stm32cubeide_1.8.0/stm32cubeide/plugins/com.st.stm32cube.ide.mcu.externaltools.gnu-tools-for-stm32.9-2020-q2-update.win32_2.0.0.202105311346/tools/bin/../lib/gcc/arm-none-eabi/9.3.1/../../../../arm-none-eabi/lib/thumb/v7e-m+fp/hard\libc_nano.a(lib_a-nano-vfprintf_float.o)
                0x000000000800e768                __exponent
 .text._printf_float
                0x000000000800e7e4      0x46c c:/st/stm32cubeide_1.8.0/stm32cubeide/plugins/com.st.stm32cube.ide.mcu.externaltools.gnu-tools-for-stm32.9-2020-q2-update.win32_2.0.0.202105311346/tools/bin/../lib/gcc/arm-none-eabi/9.3.1/../../../../arm-none-eabi/lib/thumb/v7e-m+fp/hard\libc_nano.a(lib_a-nano-vfprintf_float.o)
                0x000000000800e7e4                _printf_float
 .text._printf_common
                0x000000000800ec50       0xda c:/st/stm32cubeide_1.8.0/stm32cubeide/plugins/com.st.stm32cube.ide.mcu.externaltools.gnu-tools-for-stm32.9-2020-q2-update.win32_2.0.0.202105311346/tools/bin/../lib/gcc/arm-none-eabi/9.3.1/../../../../arm-none-eabi/lib/thumb/v7e-m+fp/hard\libc_nano.a(lib_a-nano-vfprintf_i.o)
                0x000000000800ec50                _printf_common
 *fill*         0x000000000800ed2a        0x2 
 .text._printf_i
                0x000000000800ed2c      0x24c c:/st/stm32cubeide_1.8.0/stm32cubeide/plugins/com.st.stm32cube.ide.mcu.externaltools.gnu-tools-for-stm32.9-2020-q2-update.win32_2.0.0.202105311346/tools/bin/../lib/gcc/arm-none-eabi/9.3.1/../../../../arm-none-eabi/lib/thumb/v7e-m+fp/hard\libc_nano.a(lib_a-nano-vfprintf_i.o)
                0x000000000800ed2c                _printf_i
 .text._scanf_float
                0x000000000800ef78      0x420 c:/st/stm32cubeide_1.8.0/stm32cubeide/plugins/com.st.stm32cube.ide.mcu.externaltools.gnu-tools-for-stm32.9-2020-q2-update.win32_2.0.0.202105311346/tools/bin/../lib/gcc/arm-none-eabi/9.3.1/../../../../arm-none-eabi/lib/thumb/v7e-m+fp/hard\libc_nano.a(lib_a-nano-vfscanf_float.o)
                0x000000000800ef78                _scanf_float
 .text.printf   0x000000000800f398       0x30 c:/st/stm32cubeide_1.8.0/stm32cubeide/plugins/com.st.stm32cube.ide.mcu.externaltools.gnu-tools-for-stm32.9-2020-q2-update.win32_2.0.0.202105311346/tools/bin/../lib/gcc/arm-none-eabi/9.3.1/../../../../arm-none-eabi/lib/thumb/v7e-m+fp/hard\libc_nano.a(lib_a-printf.o)
                0x000000000800f398                iprintf
                0x000000000800f398                printf
 .text._puts_r  0x000000000800f3c8       0xdc c:/st/stm32cubeide_1.8.0/stm32cubeide/plugins/com.st.stm32cube.ide.mcu.externaltools.gnu-tools-for-stm32.9-2020-q2-update.win32_2.0.0.202105311346/tools/bin/../lib/gcc/arm-none-eabi/9.3.1/../../../../arm-none-eabi/lib/thumb/v7e-m+fp/hard\libc_nano.a(lib_a-puts.o)
                0x000000000800f3c8                _puts_r
 .text.puts     0x000000000800f4a4       0x10 c:/st/stm32cubeide_1.8.0/stm32cubeide/plugins/com.st.stm32cube.ide.mcu.externaltools.gnu-tools-for-stm32.9-2020-q2-update.win32_2.0.0.202105311346/tools/bin/../lib/gcc/arm-none-eabi/9.3.1/../../../../arm-none-eabi/lib/thumb/v7e-m+fp/hard\libc_nano.a(lib_a-puts.o)
                0x000000000800f4a4                puts
 .text.nanf     0x000000000800f4b4        0xc c:/st/stm32cubeide_1.8.0/stm32cubeide/plugins/com.st.stm32cube.ide.mcu.externaltools.gnu-tools-for-stm32.9-2020-q2-update.win32_2.0.0.202105311346/tools/bin/../lib/gcc/arm-none-eabi/9.3.1/../../../../arm-none-eabi/lib/thumb/v7e-m+fp/hard\libc_nano.a(lib_a-sf_nan.o)
                0x000000000800f4b4                nanf
 .text.sprintf  0x000000000800f4c0       0x40 c:/st/stm32cubeide_1.8.0/stm32cubeide/plugins/com.st.stm32cube.ide.mcu.externaltools.gnu-tools-for-stm32.9-2020-q2-update.win32_2.0.0.202105311346/tools/bin/../lib/gcc/arm-none-eabi/9.3.1/../../../../arm-none-eabi/lib/thumb/v7e-m+fp/hard\libc_nano.a(lib_a-sprintf.o)
                0x000000000800f4c0                siprintf
                0x000000000800f4c0                sprintf
 .text.strncpy  0x000000000800f500       0x26 c:/st/stm32cubeide_1.8.0/stm32cubeide/plugins/com.st.stm32cube.ide.mcu.externaltools.gnu-tools-for-stm32.9-2020-q2-update.win32_2.0.0.202105311346/tools/bin/../lib/gcc/arm-none-eabi/9.3.1/../../../../arm-none-eabi/lib/thumb/v7e-m+fp/hard\libc_nano.a(lib_a-strncpy.o)
                0x000000000800f500                strncpy
 .text.strstr   0x000000000800f526       0x2e c:/st/stm32cubeide_1.8.0/stm32cubeide/plugins/com.st.stm32cube.ide.mcu.externaltools.gnu-tools-for-stm32.9-2020-q2-update.win32_2.0.0.202105311346/tools/bin/../lib/gcc/arm-none-eabi/9.3.1/../../../../arm-none-eabi/lib/thumb/v7e-m+fp/hard\libc_nano.a(lib_a-strstr.o)
                0x000000000800f526                strstr
 .text.sulp     0x000000000800f554       0x38 c:/st/stm32cubeide_1.8.0/stm32cubeide/plugins/com.st.stm32cube.ide.mcu.externaltools.gnu-tools-for-stm32.9-2020-q2-update.win32_2.0.0.202105311346/tools/bin/../lib/gcc/arm-none-eabi/9.3.1/../../../../arm-none-eabi/lib/thumb/v7e-m+fp/hard\libc_nano.a(lib_a-strtod.o)
 *fill*         0x000000000800f58c        0x4 
 .text._strtod_l
                0x000000000800f590      0xc14 c:/st/stm32cubeide_1.8.0/stm32cubeide/plugins/com.st.stm32cube.ide.mcu.externaltools.gnu-tools-for-stm32.9-2020-q2-update.win32_2.0.0.202105311346/tools/bin/../lib/gcc/arm-none-eabi/9.3.1/../../../../arm-none-eabi/lib/thumb/v7e-m+fp/hard\libc_nano.a(lib_a-strtod.o)
                0x000000000800f590                _strtod_l
 .text._strtod_r
                0x00000000080101a4        0xc c:/st/stm32cubeide_1.8.0/stm32cubeide/plugins/com.st.stm32cube.ide.mcu.externaltools.gnu-tools-for-stm32.9-2020-q2-update.win32_2.0.0.202105311346/tools/bin/../lib/gcc/arm-none-eabi/9.3.1/../../../../arm-none-eabi/lib/thumb/v7e-m+fp/hard\libc_nano.a(lib_a-strtod.o)
                0x00000000080101a4                _strtod_r
 .text._strtol_l.isra.0
                0x00000000080101b0      0x108 c:/st/stm32cubeide_1.8.0/stm32cubeide/plugins/com.st.stm32cube.ide.mcu.externaltools.gnu-tools-for-stm32.9-2020-q2-update.win32_2.0.0.202105311346/tools/bin/../lib/gcc/arm-none-eabi/9.3.1/../../../../arm-none-eabi/lib/thumb/v7e-m+fp/hard\libc_nano.a(lib_a-strtol.o)
 .text._strtol_r
                0x00000000080102b8        0x4 c:/st/stm32cubeide_1.8.0/stm32cubeide/plugins/com.st.stm32cube.ide.mcu.externaltools.gnu-tools-for-stm32.9-2020-q2-update.win32_2.0.0.202105311346/tools/bin/../lib/gcc/arm-none-eabi/9.3.1/../../../../arm-none-eabi/lib/thumb/v7e-m+fp/hard\libc_nano.a(lib_a-strtol.o)
                0x00000000080102b8                _strtol_r
 .text.__swbuf_r
                0x00000000080102bc       0xa4 c:/st/stm32cubeide_1.8.0/stm32cubeide/plugins/com.st.stm32cube.ide.mcu.externaltools.gnu-tools-for-stm32.9-2020-q2-update.win32_2.0.0.202105311346/tools/bin/../lib/gcc/arm-none-eabi/9.3.1/../../../../arm-none-eabi/lib/thumb/v7e-m+fp/hard\libc_nano.a(lib_a-wbuf.o)
                0x00000000080102bc                __swbuf_r
 .text.__swsetup_r
                0x0000000008010360       0xdc c:/st/stm32cubeide_1.8.0/stm32cubeide/plugins/com.st.stm32cube.ide.mcu.externaltools.gnu-tools-for-stm32.9-2020-q2-update.win32_2.0.0.202105311346/tools/bin/../lib/gcc/arm-none-eabi/9.3.1/../../../../arm-none-eabi/lib/thumb/v7e-m+fp/hard\libc_nano.a(lib_a-wsetup.o)
                0x0000000008010360                __swsetup_r
 .text.quorem   0x000000000801043c      0x116 c:/st/stm32cubeide_1.8.0/stm32cubeide/plugins/com.st.stm32cube.ide.mcu.externaltools.gnu-tools-for-stm32.9-2020-q2-update.win32_2.0.0.202105311346/tools/bin/../lib/gcc/arm-none-eabi/9.3.1/../../../../arm-none-eabi/lib/thumb/v7e-m+fp/hard\libc_nano.a(lib_a-dtoa.o)
 *fill*         0x0000000008010552        0x6 
 .text._dtoa_r  0x0000000008010558      0xbd8 c:/st/stm32cubeide_1.8.0/stm32cubeide/plugins/com.st.stm32cube.ide.mcu.externaltools.gnu-tools-for-stm32.9-2020-q2-update.win32_2.0.0.202105311346/tools/bin/../lib/gcc/arm-none-eabi/9.3.1/../../../../arm-none-eabi/lib/thumb/v7e-m+fp/hard\libc_nano.a(lib_a-dtoa.o)
                0x0000000008010558                _dtoa_r
 .text.__sflush_r
                0x0000000008011130      0x10c c:/st/stm32cubeide_1.8.0/stm32cubeide/plugins/com.st.stm32cube.ide.mcu.externaltools.gnu-tools-for-stm32.9-2020-q2-update.win32_2.0.0.202105311346/tools/bin/../lib/gcc/arm-none-eabi/9.3.1/../../../../arm-none-eabi/lib/thumb/v7e-m+fp/hard\libc_nano.a(lib_a-fflush.o)
                0x0000000008011130                __sflush_r
 .text._fflush_r
                0x000000000801123c       0x78 c:/st/stm32cubeide_1.8.0/stm32cubeide/plugins/com.st.stm32cube.ide.mcu.externaltools.gnu-tools-for-stm32.9-2020-q2-update.win32_2.0.0.202105311346/tools/bin/../lib/gcc/arm-none-eabi/9.3.1/../../../../arm-none-eabi/lib/thumb/v7e-m+fp/hard\libc_nano.a(lib_a-fflush.o)
                0x000000000801123c                _fflush_r
 .text.std      0x00000000080112b4       0x48 c:/st/stm32cubeide_1.8.0/stm32cubeide/plugins/com.st.stm32cube.ide.mcu.externaltools.gnu-tools-for-stm32.9-2020-q2-update.win32_2.0.0.202105311346/tools/bin/../lib/gcc/arm-none-eabi/9.3.1/../../../../arm-none-eabi/lib/thumb/v7e-m+fp/hard\libc_nano.a(lib_a-findfp.o)
 .text._cleanup_r
                0x00000000080112fc        0xc c:/st/stm32cubeide_1.8.0/stm32cubeide/plugins/com.st.stm32cube.ide.mcu.externaltools.gnu-tools-for-stm32.9-2020-q2-update.win32_2.0.0.202105311346/tools/bin/../lib/gcc/arm-none-eabi/9.3.1/../../../../arm-none-eabi/lib/thumb/v7e-m+fp/hard\libc_nano.a(lib_a-findfp.o)
                0x00000000080112fc                _cleanup_r
 .text.__sfmoreglue
                0x0000000008011308       0x2c c:/st/stm32cubeide_1.8.0/stm32cubeide/plugins/com.st.stm32cube.ide.mcu.externaltools.gnu-tools-for-stm32.9-2020-q2-update.win32_2.0.0.202105311346/tools/bin/../lib/gcc/arm-none-eabi/9.3.1/../../../../arm-none-eabi/lib/thumb/v7e-m+fp/hard\libc_nano.a(lib_a-findfp.o)
                0x0000000008011308                __sfmoreglue
 .text.__sfp_lock_acquire
                0x0000000008011334        0xc c:/st/stm32cubeide_1.8.0/stm32cubeide/plugins/com.st.stm32cube.ide.mcu.externaltools.gnu-tools-for-stm32.9-2020-q2-update.win32_2.0.0.202105311346/tools/bin/../lib/gcc/arm-none-eabi/9.3.1/../../../../arm-none-eabi/lib/thumb/v7e-m+fp/hard\libc_nano.a(lib_a-findfp.o)
                0x0000000008011334                __sfp_lock_acquire
 .text.__sfp_lock_release
                0x0000000008011340        0xc c:/st/stm32cubeide_1.8.0/stm32cubeide/plugins/com.st.stm32cube.ide.mcu.externaltools.gnu-tools-for-stm32.9-2020-q2-update.win32_2.0.0.202105311346/tools/bin/../lib/gcc/arm-none-eabi/9.3.1/../../../../arm-none-eabi/lib/thumb/v7e-m+fp/hard\libc_nano.a(lib_a-findfp.o)
                0x0000000008011340                __sfp_lock_release
 .text.__sinit_lock_acquire
                0x000000000801134c        0xc c:/st/stm32cubeide_1.8.0/stm32cubeide/plugins/com.st.stm32cube.ide.mcu.externaltools.gnu-tools-for-stm32.9-2020-q2-update.win32_2.0.0.202105311346/tools/bin/../lib/gcc/arm-none-eabi/9.3.1/../../../../arm-none-eabi/lib/thumb/v7e-m+fp/hard\libc_nano.a(lib_a-findfp.o)
                0x000000000801134c                __sinit_lock_acquire
 .text.__sinit_lock_release
                0x0000000008011358        0xc c:/st/stm32cubeide_1.8.0/stm32cubeide/plugins/com.st.stm32cube.ide.mcu.externaltools.gnu-tools-for-stm32.9-2020-q2-update.win32_2.0.0.202105311346/tools/bin/../lib/gcc/arm-none-eabi/9.3.1/../../../../arm-none-eabi/lib/thumb/v7e-m+fp/hard\libc_nano.a(lib_a-findfp.o)
                0x0000000008011358                __sinit_lock_release
 .text.__sinit  0x0000000008011364       0x70 c:/st/stm32cubeide_1.8.0/stm32cubeide/plugins/com.st.stm32cube.ide.mcu.externaltools.gnu-tools-for-stm32.9-2020-q2-update.win32_2.0.0.202105311346/tools/bin/../lib/gcc/arm-none-eabi/9.3.1/../../../../arm-none-eabi/lib/thumb/v7e-m+fp/hard\libc_nano.a(lib_a-findfp.o)
                0x0000000008011364                __sinit
 .text.__sfp    0x00000000080113d4       0x8c c:/st/stm32cubeide_1.8.0/stm32cubeide/plugins/com.st.stm32cube.ide.mcu.externaltools.gnu-tools-for-stm32.9-2020-q2-update.win32_2.0.0.202105311346/tools/bin/../lib/gcc/arm-none-eabi/9.3.1/../../../../arm-none-eabi/lib/thumb/v7e-m+fp/hard\libc_nano.a(lib_a-findfp.o)
                0x00000000080113d4                __sfp
 .text._fwalk_reent
                0x0000000008011460       0x3e c:/st/stm32cubeide_1.8.0/stm32cubeide/plugins/com.st.stm32cube.ide.mcu.externaltools.gnu-tools-for-stm32.9-2020-q2-update.win32_2.0.0.202105311346/tools/bin/../lib/gcc/arm-none-eabi/9.3.1/../../../../arm-none-eabi/lib/thumb/v7e-m+fp/hard\libc_nano.a(lib_a-fwalk.o)
                0x0000000008011460                _fwalk_reent
 .text.rshift   0x000000000801149e       0xa4 c:/st/stm32cubeide_1.8.0/stm32cubeide/plugins/com.st.stm32cube.ide.mcu.externaltools.gnu-tools-for-stm32.9-2020-q2-update.win32_2.0.0.202105311346/tools/bin/../lib/gcc/arm-none-eabi/9.3.1/../../../../arm-none-eabi/lib/thumb/v7e-m+fp/hard\libc_nano.a(lib_a-gdtoa-gethex.o)
 .text.__hexdig_fun
                0x0000000008011542       0x2a c:/st/stm32cubeide_1.8.0/stm32cubeide/plugins/com.st.stm32cube.ide.mcu.externaltools.gnu-tools-for-stm32.9-2020-q2-update.win32_2.0.0.202105311346/tools/bin/../lib/gcc/arm-none-eabi/9.3.1/../../../../arm-none-eabi/lib/thumb/v7e-m+fp/hard\libc_nano.a(lib_a-gdtoa-gethex.o)
                0x0000000008011542                __hexdig_fun
 .text.__gethex
                0x000000000801156c      0x48c c:/st/stm32cubeide_1.8.0/stm32cubeide/plugins/com.st.stm32cube.ide.mcu.externaltools.gnu-tools-for-stm32.9-2020-q2-update.win32_2.0.0.202105311346/tools/bin/../lib/gcc/arm-none-eabi/9.3.1/../../../../arm-none-eabi/lib/thumb/v7e-m+fp/hard\libc_nano.a(lib_a-gdtoa-gethex.o)
                0x000000000801156c                __gethex
 .text.L_shift  0x00000000080119f8       0x24 c:/st/stm32cubeide_1.8.0/stm32cubeide/plugins/com.st.stm32cube.ide.mcu.externaltools.gnu-tools-for-stm32.9-2020-q2-update.win32_2.0.0.202105311346/tools/bin/../lib/gcc/arm-none-eabi/9.3.1/../../../../arm-none-eabi/lib/thumb/v7e-m+fp/hard\libc_nano.a(lib_a-gdtoa-hexnan.o)
 .text.__match  0x0000000008011a1c       0x28 c:/st/stm32cubeide_1.8.0/stm32cubeide/plugins/com.st.stm32cube.ide.mcu.externaltools.gnu-tools-for-stm32.9-2020-q2-update.win32_2.0.0.202105311346/tools/bin/../lib/gcc/arm-none-eabi/9.3.1/../../../../arm-none-eabi/lib/thumb/v7e-m+fp/hard\libc_nano.a(lib_a-gdtoa-hexnan.o)
                0x0000000008011a1c                __match
 .text.__hexnan
                0x0000000008011a44      0x138 c:/st/stm32cubeide_1.8.0/stm32cubeide/plugins/com.st.stm32cube.ide.mcu.externaltools.gnu-tools-for-stm32.9-2020-q2-update.win32_2.0.0.202105311346/tools/bin/../lib/gcc/arm-none-eabi/9.3.1/../../../../arm-none-eabi/lib/thumb/v7e-m+fp/hard\libc_nano.a(lib_a-gdtoa-hexnan.o)
                0x0000000008011a44                __hexnan
 .text._localeconv_r
                0x0000000008011b7c        0x8 c:/st/stm32cubeide_1.8.0/stm32cubeide/plugins/com.st.stm32cube.ide.mcu.externaltools.gnu-tools-for-stm32.9-2020-q2-update.win32_2.0.0.202105311346/tools/bin/../lib/gcc/arm-none-eabi/9.3.1/../../../../arm-none-eabi/lib/thumb/v7e-m+fp/hard\libc_nano.a(lib_a-localeconv.o)
                0x0000000008011b7c                _localeconv_r
 .text.__retarget_lock_init_recursive
                0x0000000008011b84        0x2 c:/st/stm32cubeide_1.8.0/stm32cubeide/plugins/com.st.stm32cube.ide.mcu.externaltools.gnu-tools-for-stm32.9-2020-q2-update.win32_2.0.0.202105311346/tools/bin/../lib/gcc/arm-none-eabi/9.3.1/../../../../arm-none-eabi/lib/thumb/v7e-m+fp/hard\libc_nano.a(lib_a-lock.o)
                0x0000000008011b84                __retarget_lock_init_recursive
 .text.__retarget_lock_acquire_recursive
                0x0000000008011b86        0x2 c:/st/stm32cubeide_1.8.0/stm32cubeide/plugins/com.st.stm32cube.ide.mcu.externaltools.gnu-tools-for-stm32.9-2020-q2-update.win32_2.0.0.202105311346/tools/bin/../lib/gcc/arm-none-eabi/9.3.1/../../../../arm-none-eabi/lib/thumb/v7e-m+fp/hard\libc_nano.a(lib_a-lock.o)
                0x0000000008011b86                __retarget_lock_acquire_recursive
 .text.__retarget_lock_release_recursive
                0x0000000008011b88        0x2 c:/st/stm32cubeide_1.8.0/stm32cubeide/plugins/com.st.stm32cube.ide.mcu.externaltools.gnu-tools-for-stm32.9-2020-q2-update.win32_2.0.0.202105311346/tools/bin/../lib/gcc/arm-none-eabi/9.3.1/../../../../arm-none-eabi/lib/thumb/v7e-m+fp/hard\libc_nano.a(lib_a-lock.o)
                0x0000000008011b88                __retarget_lock_release_recursive
 .text.__swhatbuf_r
                0x0000000008011b8a       0x48 c:/st/stm32cubeide_1.8.0/stm32cubeide/plugins/com.st.stm32cube.ide.mcu.externaltools.gnu-tools-for-stm32.9-2020-q2-update.win32_2.0.0.202105311346/tools/bin/../lib/gcc/arm-none-eabi/9.3.1/../../../../arm-none-eabi/lib/thumb/v7e-m+fp/hard\libc_nano.a(lib_a-makebuf.o)
                0x0000000008011b8a                __swhatbuf_r
 *fill*         0x0000000008011bd2        0x2 
 .text.__smakebuf_r
                0x0000000008011bd4       0x80 c:/st/stm32cubeide_1.8.0/stm32cubeide/plugins/com.st.stm32cube.ide.mcu.externaltools.gnu-tools-for-stm32.9-2020-q2-update.win32_2.0.0.202105311346/tools/bin/../lib/gcc/arm-none-eabi/9.3.1/../../../../arm-none-eabi/lib/thumb/v7e-m+fp/hard\libc_nano.a(lib_a-makebuf.o)
                0x0000000008011bd4                __smakebuf_r
 .text.malloc   0x0000000008011c54       0x10 c:/st/stm32cubeide_1.8.0/stm32cubeide/plugins/com.st.stm32cube.ide.mcu.externaltools.gnu-tools-for-stm32.9-2020-q2-update.win32_2.0.0.202105311346/tools/bin/../lib/gcc/arm-none-eabi/9.3.1/../../../../arm-none-eabi/lib/thumb/v7e-m+fp/hard\libc_nano.a(lib_a-malloc.o)
                0x0000000008011c54                malloc
 .text.__ascii_mbtowc
                0x0000000008011c64       0x24 c:/st/stm32cubeide_1.8.0/stm32cubeide/plugins/com.st.stm32cube.ide.mcu.externaltools.gnu-tools-for-stm32.9-2020-q2-update.win32_2.0.0.202105311346/tools/bin/../lib/gcc/arm-none-eabi/9.3.1/../../../../arm-none-eabi/lib/thumb/v7e-m+fp/hard\libc_nano.a(lib_a-mbtowc_r.o)
                0x0000000008011c64                __ascii_mbtowc
 .text._Balloc  0x0000000008011c88       0x80 c:/st/stm32cubeide_1.8.0/stm32cubeide/plugins/com.st.stm32cube.ide.mcu.externaltools.gnu-tools-for-stm32.9-2020-q2-update.win32_2.0.0.202105311346/tools/bin/../lib/gcc/arm-none-eabi/9.3.1/../../../../arm-none-eabi/lib/thumb/v7e-m+fp/hard\libc_nano.a(lib_a-mprec.o)
                0x0000000008011c88                _Balloc
 .text._Bfree   0x0000000008011d08       0x44 c:/st/stm32cubeide_1.8.0/stm32cubeide/plugins/com.st.stm32cube.ide.mcu.externaltools.gnu-tools-for-stm32.9-2020-q2-update.win32_2.0.0.202105311346/tools/bin/../lib/gcc/arm-none-eabi/9.3.1/../../../../arm-none-eabi/lib/thumb/v7e-m+fp/hard\libc_nano.a(lib_a-mprec.o)
                0x0000000008011d08                _Bfree
 .text.__multadd
                0x0000000008011d4c       0x94 c:/st/stm32cubeide_1.8.0/stm32cubeide/plugins/com.st.stm32cube.ide.mcu.externaltools.gnu-tools-for-stm32.9-2020-q2-update.win32_2.0.0.202105311346/tools/bin/../lib/gcc/arm-none-eabi/9.3.1/../../../../arm-none-eabi/lib/thumb/v7e-m+fp/hard\libc_nano.a(lib_a-mprec.o)
                0x0000000008011d4c                __multadd
 .text.__s2b    0x0000000008011de0       0x94 c:/st/stm32cubeide_1.8.0/stm32cubeide/plugins/com.st.stm32cube.ide.mcu.externaltools.gnu-tools-for-stm32.9-2020-q2-update.win32_2.0.0.202105311346/tools/bin/../lib/gcc/arm-none-eabi/9.3.1/../../../../arm-none-eabi/lib/thumb/v7e-m+fp/hard\libc_nano.a(lib_a-mprec.o)
                0x0000000008011de0                __s2b
 .text.__hi0bits
                0x0000000008011e74       0x40 c:/st/stm32cubeide_1.8.0/stm32cubeide/plugins/com.st.stm32cube.ide.mcu.externaltools.gnu-tools-for-stm32.9-2020-q2-update.win32_2.0.0.202105311346/tools/bin/../lib/gcc/arm-none-eabi/9.3.1/../../../../arm-none-eabi/lib/thumb/v7e-m+fp/hard\libc_nano.a(lib_a-mprec.o)
                0x0000000008011e74                __hi0bits
 .text.__lo0bits
                0x0000000008011eb4       0x60 c:/st/stm32cubeide_1.8.0/stm32cubeide/plugins/com.st.stm32cube.ide.mcu.externaltools.gnu-tools-for-stm32.9-2020-q2-update.win32_2.0.0.202105311346/tools/bin/../lib/gcc/arm-none-eabi/9.3.1/../../../../arm-none-eabi/lib/thumb/v7e-m+fp/hard\libc_nano.a(lib_a-mprec.o)
                0x0000000008011eb4                __lo0bits
 .text.__i2b    0x0000000008011f14       0x2c c:/st/stm32cubeide_1.8.0/stm32cubeide/plugins/com.st.stm32cube.ide.mcu.externaltools.gnu-tools-for-stm32.9-2020-q2-update.win32_2.0.0.202105311346/tools/bin/../lib/gcc/arm-none-eabi/9.3.1/../../../../arm-none-eabi/lib/thumb/v7e-m+fp/hard\libc_nano.a(lib_a-mprec.o)
                0x0000000008011f14                __i2b
 .text.__multiply
                0x0000000008011f40      0x14c c:/st/stm32cubeide_1.8.0/stm32cubeide/plugins/com.st.stm32cube.ide.mcu.externaltools.gnu-tools-for-stm32.9-2020-q2-update.win32_2.0.0.202105311346/tools/bin/../lib/gcc/arm-none-eabi/9.3.1/../../../../arm-none-eabi/lib/thumb/v7e-m+fp/hard\libc_nano.a(lib_a-mprec.o)
                0x0000000008011f40                __multiply
 .text.__pow5mult
                0x000000000801208c       0xb4 c:/st/stm32cubeide_1.8.0/stm32cubeide/plugins/com.st.stm32cube.ide.mcu.externaltools.gnu-tools-for-stm32.9-2020-q2-update.win32_2.0.0.202105311346/tools/bin/../lib/gcc/arm-none-eabi/9.3.1/../../../../arm-none-eabi/lib/thumb/v7e-m+fp/hard\libc_nano.a(lib_a-mprec.o)
                0x000000000801208c                __pow5mult
 .text.__lshift
                0x0000000008012140       0xd8 c:/st/stm32cubeide_1.8.0/stm32cubeide/plugins/com.st.stm32cube.ide.mcu.externaltools.gnu-tools-for-stm32.9-2020-q2-update.win32_2.0.0.202105311346/tools/bin/../lib/gcc/arm-none-eabi/9.3.1/../../../../arm-none-eabi/lib/thumb/v7e-m+fp/hard\libc_nano.a(lib_a-mprec.o)
                0x0000000008012140                __lshift
 .text.__mcmp   0x0000000008012218       0x38 c:/st/stm32cubeide_1.8.0/stm32cubeide/plugins/com.st.stm32cube.ide.mcu.externaltools.gnu-tools-for-stm32.9-2020-q2-update.win32_2.0.0.202105311346/tools/bin/../lib/gcc/arm-none-eabi/9.3.1/../../../../arm-none-eabi/lib/thumb/v7e-m+fp/hard\libc_nano.a(lib_a-mprec.o)
                0x0000000008012218                __mcmp
 .text.__mdiff  0x0000000008012250      0x110 c:/st/stm32cubeide_1.8.0/stm32cubeide/plugins/com.st.stm32cube.ide.mcu.externaltools.gnu-tools-for-stm32.9-2020-q2-update.win32_2.0.0.202105311346/tools/bin/../lib/gcc/arm-none-eabi/9.3.1/../../../../arm-none-eabi/lib/thumb/v7e-m+fp/hard\libc_nano.a(lib_a-mprec.o)
                0x0000000008012250                __mdiff
 .text.__ulp    0x0000000008012360       0x58 c:/st/stm32cubeide_1.8.0/stm32cubeide/plugins/com.st.stm32cube.ide.mcu.externaltools.gnu-tools-for-stm32.9-2020-q2-update.win32_2.0.0.202105311346/tools/bin/../lib/gcc/arm-none-eabi/9.3.1/../../../../arm-none-eabi/lib/thumb/v7e-m+fp/hard\libc_nano.a(lib_a-mprec.o)
                0x0000000008012360                __ulp
 .text.__b2d    0x00000000080123b8       0xa0 c:/st/stm32cubeide_1.8.0/stm32cubeide/plugins/com.st.stm32cube.ide.mcu.externaltools.gnu-tools-for-stm32.9-2020-q2-update.win32_2.0.0.202105311346/tools/bin/../lib/gcc/arm-none-eabi/9.3.1/../../../../arm-none-eabi/lib/thumb/v7e-m+fp/hard\libc_nano.a(lib_a-mprec.o)
                0x00000000080123b8                __b2d
 .text.__d2b    0x0000000008012458       0xb8 c:/st/stm32cubeide_1.8.0/stm32cubeide/plugins/com.st.stm32cube.ide.mcu.externaltools.gnu-tools-for-stm32.9-2020-q2-update.win32_2.0.0.202105311346/tools/bin/../lib/gcc/arm-none-eabi/9.3.1/../../../../arm-none-eabi/lib/thumb/v7e-m+fp/hard\libc_nano.a(lib_a-mprec.o)
                0x0000000008012458                __d2b
 .text.__ratio  0x0000000008012510       0x66 c:/st/stm32cubeide_1.8.0/stm32cubeide/plugins/com.st.stm32cube.ide.mcu.externaltools.gnu-tools-for-stm32.9-2020-q2-update.win32_2.0.0.202105311346/tools/bin/../lib/gcc/arm-none-eabi/9.3.1/../../../../arm-none-eabi/lib/thumb/v7e-m+fp/hard\libc_nano.a(lib_a-mprec.o)
                0x0000000008012510                __ratio
 .text.__copybits
                0x0000000008012576       0x46 c:/st/stm32cubeide_1.8.0/stm32cubeide/plugins/com.st.stm32cube.ide.mcu.externaltools.gnu-tools-for-stm32.9-2020-q2-update.win32_2.0.0.202105311346/tools/bin/../lib/gcc/arm-none-eabi/9.3.1/../../../../arm-none-eabi/lib/thumb/v7e-m+fp/hard\libc_nano.a(lib_a-mprec.o)